******************************************************************************
                  TI ARM Linker Unix v16.9.0                   
******************************************************************************
>> Linked Wed Feb  1 22:10:24 2017

OUTPUT FILE NAME:   <CC3200_WiFi-Serial-Adapter.out>
ENTRY POINT SYMBOL: "_c_int00"  address: 2000d4b1


MEMORY CONFIGURATION

         name            origin    length      used     unused   attr    fill
----------------------  --------  ---------  --------  --------  ----  --------
  SRAM_CODE             20004000   00013000  0000d4e2  00005b1e  RW X
  SRAM_DATA             20017000   00019000  0000bbe1  0000d41f  RW X


SEGMENT ALLOCATION MAP

run origin  load origin   length   init length attrs members
----------  ----------- ---------- ----------- ----- -------
20004000    20004000    0000d4e8   0000d4e8    r-x
  20004000    20004000    0000030c   0000030c    r-- .resetVecs
  20004310    20004310    0000ad42   0000ad42    r-x .text
  2000f054    2000f054    0000229c   0000229c    r-- .const
  200112f0    200112f0    000001f8   000001f8    r-- .cinit
20017000    20017000    00009be4   00000000    rw-
  20017000    20017000    00009729   00000000    rw- .bss
  2002072c    2002072c    000004b8   00000000    rw- .data
2002e000    2002e000    00002000   00000000    rw-
  2002e000    2002e000    00002000   00000000    rw- .stack


SECTION ALLOCATION MAP

 output                                  attributes/
section   page    origin      length       input sections
--------  ----  ----------  ----------   ----------------
.init_array 
*          0    20004000    00000000     UNINITIALIZED

.text      0    20004310    0000ad42     
                  20004310    000005ec     simplelink.a : driver.obj (.text:_SlDrvMsgRead)
                  200048fc    00000544     ti_rtos.a : osi_tirtos.obj (.text)
                  20004e40    00000430     sysbios.aem4 : BIOS.obj (.text:ti_sysbios_family_arm_m3_Hwi_excDumpRegs__I)
                  20005270    0000038c     task_wifi.obj (.text)
                  200055fc    0000033c     ti.targets.arm.rtsarm.aem4 : System.oem4 (.text:xdc_runtime_System_doPrint__I)
                  20005938    00000324     rtsv7M4_T_le_eabi.lib : trgdrv.obj (.text)
                  20005c5c    00000004     ti.targets.arm.rtsarm.aem4 : LoggerBuf.oem4 (.text:LoggerBuf_instanceStartup)
                  20005c60    00000314     sysbios.aem4 : BIOS.obj (.text:ti_sysbios_knl_Semaphore_pend__E)
                  20005f74    00000004     app_pem4.oem4 (.text:ti_sysbios_BIOS_RtsGateProxy_enter__E)
                  20005f78    00000274     sysbios.aem4 : BIOS.obj (.text:ti_sysbios_knl_Task_Instance_finalize__E)
                  200061ec    00000004     app_pem4.oem4 (.text:ti_sysbios_BIOS_RtsGateProxy_leave__E)
                  200061f0    00000258     sysbios.aem4 : BIOS.obj (.text:ti_sysbios_heaps_HeapMem_free__E)
                  20006448    00000248     simplelink.a : driver.obj (.text:_SlDrvRxHdrRead)
                  20006690    00000240     sysbios.aem4 : BIOS.obj (.text:ti_sysbios_heaps_HeapMem_alloc__E)
                  200068d0    00000200                  : BIOS.obj (.text:ti_sysbios_knl_Task_sleep__E)
                  20006ad0    000001fc                  : BIOS.obj (.text:ti_sysbios_family_arm_m3_Hwi_excHandlerMax__I)
                  20006ccc    00000004     app_pem4.oem4 (.text:ti_sysbios_family_arm_m3_Hwi_delete)
                  20006cd0    000001f4     sysbios.aem4 : BIOS.obj (.text:ti_sysbios_knl_Task_Instance_init__E)
                  20006ec4    000001d0     simplelink.a : driver.obj (.text:_SlDrvReleasePoolObj)
                  20007094    000001cc                  : driver.obj (.text:_SlDrvMsgWrite)
                  20007260    00000190                  : driver.obj (.text:_SlDrvWaitForPoolObj)
                  200073f0    00000178     task_uart.obj (.text)
                  20007568    00000174     simplelink.a : driver.obj (.text:_SlDrvDriverCBInit)
                  200076dc    00000004     app_pem4.oem4 (.text:ti_sysbios_family_arm_m3_TaskSupport_Module__startupDone__S)
                  200076e0    00000174     sysbios.aem4 : BIOS.obj (.text:ti_sysbios_family_arm_m3_Hwi_excBusFault__I)
                  20007854    00000170     simplelink.a : driver.obj (.text:_SlFindAndSetActiveObj)
                  200079c4    00000004     app_pem4.oem4 (.text:ti_sysbios_heaps_HeapMem_Module_GateProxy_enter__E)
                  200079c8    00000164     sysbios.aem4 : BIOS.obj (.text:ti_sysbios_family_arm_m3_Hwi_excUsageFault__I)
                  20007b2c    00000004     app_pem4.oem4 (.text:ti_sysbios_heaps_HeapMem_Module_GateProxy_leave__E)
                  20007b30    00000158     sysbios.aem4 : BIOS.obj (.text:ti_sysbios_knl_Mailbox_Instance_init__E)
                  20007c88    00000150     simplelink.a : cc_pal.obj (.text:spi_Open)
                  20007dd8    0000014c     sysbios.aem4 : BIOS.obj (.text:ti_sysbios_family_arm_m3_Hwi_dispatchC__I)
                  20007f24    00000148     task_led.obj (.text)
                  2000806c    00000004     app_pem4.oem4 (.text:ti_sysbios_knl_Clock_TimerProxy_getMaxTicks__E)
                  20008070    00000148     sysbios.aem4 : BIOS.obj (.text:ti_sysbios_family_arm_m3_Hwi_excMemFault__I)
                  200081b8    00000140                  : BIOS.obj (.text:ti_sysbios_knl_Semaphore_post__E)
                  200082f8    0000013c                  : BIOS.obj (.text:ti_sysbios_heaps_HeapMem_Instance_init__E)
                  20008434    00000004     app_pem4.oem4 (.text:ti_sysbios_knl_Mailbox_delete)
                  20008438    0000013c     sysbios.aem4 : BIOS.obj (.text:ti_sysbios_knl_Clock_workFunc__E)
                  20008574    00000138     simplelink.a : socket.obj (.text:sl_Accept)
                  200086ac    00000134     driverlib.a : prcm.obj (.text:PRCMCC3200MCUInit)
                  200087e0    00000134     sysbios.aem4 : BIOS.obj (.text:ti_sysbios_utils_Load_logLoads__I)
                  20008914    00000130     ti.targets.arm.rtsarm.aem4 : LoggerBuf.oem4 (.text:xdc_runtime_LoggerBuf_write8__E)
                  20008a44    00000128     simplelink.a : driver.obj (.text:_SlDrvDataReadOp)
                  20008b6c    00000120     ti.targets.arm.rtsarm.aem4 : Error.oem4 (.text:xdc_runtime_Error_policyDefault__E)
                  20008c8c    00000004     app_pem4.oem4 (.text:ti_sysbios_knl_Queue_destruct)
                  20008c90    0000011c     sysbios.aem4 : BIOS.obj (.text:ti_sysbios_knl_Swi_run__I)
                  20008dac    00000004     app_pem4.oem4 (.text:ti_sysbios_knl_Semaphore_delete)
                  20008db0    00000110     sysbios.aem4 : BIOS.obj (.text:ti_sysbios_knl_Task_schedule__I)
                  20008ec0    00000110                  : BIOS.obj (.text:ti_sysbios_utils_Load_updateThreadContexts__E)
                  20008fd0    00000108     simplelink.a : socket.obj (.text:sl_Send)
                  200090d8    00000104                  : driver.obj (.text:_SlDrvDataWriteOp)
                  200091dc    00000004     app_pem4.oem4 (.text:ti_sysbios_knl_Semaphore_destruct)
                  200091e0    00000104     sysbios.aem4 : BIOS.obj (.text:ti_sysbios_knl_Task_postInit__I)
                  200092e4    00000104     ti.targets.arm.rtsarm.aem4 : Core-mem.oem4 (.text:xdc_runtime_Core_createObject__I)
                  200093e8    000000fe     simplelink.a : netapp.obj (.text:_SlDrvNetAppEventHandler)
                  200094e6    00000002     rtsv7M4_T_le_eabi.lib : i_div0.obj (.text)
                  200094e8    000000fc     rom_pin_mux_config.obj (.text)
                  200095e4    00000004     app_pem4.oem4 (.text:ti_sysbios_knl_Task_delete)
                  200095e8    000000fc     sysbios.aem4 : BIOS.obj (.text:ti_sysbios_knl_Task_startCore__E)
                  200096e4    000000fc     ti.targets.arm.rtsarm.aem4 : Startup.oem4 (.text:xdc_runtime_Startup_startMods__I)
                  200097e0    000000f8     app_pem4.oem4 (.text:xdc_runtime_System_printfExtend__I)
                  200098d8    000000f4     simplelink.a : driver.obj (.text:_SlDrvDriverCBDeinit)
                  200099cc    00000004     ti.targets.arm.rtsarm.aem4 : Error.oem4 (.text:xdc_runtime_Error_getSite__E)
                  200099d0    000000f0     sysbios.aem4 : BIOS.obj (.text:ti_sysbios_knl_Task_exit__E)
                  20009ac0    000000f0     driverlib.a : udma.obj (.text:uDMAChannelTransferSet)
                  20009bb0    000000dc     simplelink.a : cc_pal.obj (.text:spi_Read)
                  20009c8c    000000d8                  : driver.obj (.text:_SlDrvClassifyRxMsg)
                  20009d64    000000d4                  : device.obj (.text:sl_Stop)
                  20009e38    000000d4     ti.targets.arm.rtsarm.aem4 : LoggerBuf.oem4 (.text:xdc_runtime_LoggerBuf_write4__E)
                  20009f0c    000000d0     sysbios.aem4 : m3_Hwi_asm.obj (.text:ti_sysbios_family_arm_m3_Hwi_dispatch__I)
                  20009fdc    000000cc     ti.targets.arm.rtsarm.aem4 : Core-smem.oem4 (.text:xdc_runtime_Core_constructObject__I)
                  2000a0a8    000000c8     simplelink.a : netapp.obj (.text:_sl_HandleAsync_DnsGetHostByService)
                  2000a170    000000c4                  : driver.obj (.text:_SlRemoveFromList)
                  2000a234    00000004     app_pem4.oem4 (.text:xdc_runtime_LoggerBuf_Module_GateProxy_enter__E)
                  2000a238    000000c4     sysbios.aem4 : BIOS.obj (.text:ti_sysbios_family_arm_m3_Hwi_Module_startup__E)
                  2000a2fc    00000004     app_pem4.oem4 (.text:xdc_runtime_LoggerBuf_Module_GateProxy_leave__E)
                  2000a300    000000c0     sysbios.aem4 : BIOS.obj (.text:ti_sysbios_family_arm_m3_Timer_Module_startup__E)
                  2000a3c0    000000bc     simplelink.a : driver.obj (.text:_SlDrvMsgReadCmdCtx)
                  2000a47c    000000bc                  : device.obj (.text:sl_Start)
                  2000a538    000000bc     sysbios.aem4 : BIOS.obj (.text:ti_sysbios_family_arm_m3_Hwi_excDebugMon__I)
                  2000a5f4    00000004     app_pem4.oem4 (.text:xdc_runtime_System_Module_GateProxy_enter__E)
                  2000a5f8    000000bc     sysbios.aem4 : BIOS.obj (.text:ti_sysbios_family_arm_m3_Hwi_excHardFault__I)
                  2000a6b4    000000b8     simplelink.a : driver.obj (.text:_SlAsyncEventGenericHandler)
                  2000a76c    00000004     app_pem4.oem4 (.text:xdc_runtime_System_Module_GateProxy_leave__E)
                  2000a770    000000b8     sysbios.aem4 : BIOS.obj (.text:ti_sysbios_knl_Task_unblockI__E)
                  2000a828    000000b4                  : BIOS.obj (.text:ti_sysbios_gates_GateMutex_enter__E)
                  2000a8dc    00000004     ti.targets.arm.rtsarm.aem4 : System.oem4 (.text:xdc_runtime_System_aprintf_va__F)
                  2000a8e0    000000b4     sysbios.aem4 : BIOS.obj (.text:ti_sysbios_knl_Task_checkStacks__E)
                  2000a994    00000004     ti.targets.arm.rtsarm.aem4 : System.oem4 (.text:xdc_runtime_System_printf_va__F)
                  2000a998    000000b0     sysbios.aem4 : BIOS.obj (.text:ti_sysbios_knl_Task_yield__E)
                  2000aa48    000000b0                  : BIOS.obj (.text:ti_sysbios_utils_Load_idleFxn__E)
                  2000aaf8    000000b0                  : BIOS.obj (.text:ti_sysbios_utils_Load_updateLoads__E)
                  2000aba8    000000ac                  : BIOS.obj (.text:ti_sysbios_knl_Swi_post__E)
                  2000ac54    000000a8     driverlib.a : interrupt.obj (.text:IntEnable)
                  2000acfc    00000002     app_pem4.oem4 (.text:ti_sysbios_BIOS_nullFunc__I)
                  2000acfe    00000002     app_pem4.oem4 (.text:xdc_runtime_Startup_reset__I)
                  2000ad00    000000a8     sysbios.aem4 : BIOS.obj (.text:ti_sysbios_knl_Task_blockI__E)
                  2000ada8    000000a0     driverlib.a : spi.obj (.text:SPIConfigSetExpClk)
                  2000ae48    000000a0     auto_init.aem4 : auto_init.oem4 (.text)
                  2000aee8    000000a0     sysbios.aem4 : BIOS.obj (.text:ti_sysbios_family_arm_m3_Hwi_Instance_init__E)
                  2000af88    0000009c     simplelink.a : driver.obj (.text:_SlDrvMsgReadSpawnCtx)
                  2000b024    0000009c     rtsv7M4_T_le_eabi.lib : memcpy_t2.obj (.text)
                  2000b0c0    0000009c     sysbios.aem4 : BIOS.obj (.text:ti_sysbios_knl_Semaphore_Instance_init__E)
                  2000b15c    0000009a     ti.targets.arm.rtsarm.aem4 : Text.oem4 (.text:xdc_runtime_Text_putSite__E)
                  2000b1f6    00000002     --HOLE-- [fill = 0]
                  2000b1f8    00000098     sysbios.aem4 : BIOS.obj (.text:ti_sysbios_knl_Mailbox_post__E)
                  2000b290    00000094     driverlib.a : prcm.obj (.text:PRCMPeripheralClockGet)
                  2000b324    00000094     ti.targets.arm.rtsarm.aem4 : Text.oem4 (.text:xdc_runtime_Text_putMod__E)
                  2000b3b8    00000090     sysbios.aem4 : BIOS.obj (.text:ti_sysbios_knl_Task_Module_startup__E)
                  2000b448    0000008c     simplelink.a : cc_pal.obj (.text:SetupDMAReceive)
                  2000b4d4    0000008c                  : cc_pal.obj (.text:SetupDMASend)
                  2000b560    0000008c                  : netapp.obj (.text:_sl_HandleAsync_DnsGetHostByName)
                  2000b5ec    0000008c                  : netapp.obj (.text:_sl_HandleAsync_PingResponse)
                  2000b678    0000008c                  : cc_pal.obj (.text:spi_Write)
                  2000b704    00000004     --HOLE-- [fill = 0]
                  2000b708    0000008c     sysbios.aem4 : BIOS.obj (.text:ti_sysbios_knl_Mailbox_pend__E)
                  2000b794    00000088     driverlib.a : pin.obj (.text:PinConfigSet)
                  2000b81c    00000088     simplelink.a : socket.obj (.text:sl_Bind)
                  2000b8a4    00000004     --HOLE-- [fill = 0]
                  2000b8a8    00000088     sysbios.aem4 : BIOS.obj (.text:ti_sysbios_family_arm_m3_Hwi_initNVIC__E)
                  2000b930    00000088                  : BIOS.obj (.text:ti_sysbios_knl_Mailbox_Module_startup__E)
                  2000b9b8    00000084     simplelink.a : cc_pal.obj (.text:NwpPowerOnPreamble)
                  2000ba3c    00000080                  : driver.obj (.text:_SlDrvCmdOp)
                  2000babc    00000080                  : cc_pal.obj (.text:spi_Read_CPU)
                  2000bb3c    00000080                  : cc_pal.obj (.text:spi_Write_CPU)
                  2000bbbc    00000004     --HOLE-- [fill = 0]
                  2000bbc0    00000080     sysbios.aem4 : BIOS.obj (.text:ti_sysbios_utils_Load_updateCurrentThreadTime__E)
                  2000bc40    00000080     ti.targets.arm.rtsarm.aem4 : LoggerBuf.oem4 (.text:xdc_runtime_LoggerBuf_setFilterLevel__E)
                  2000bcc0    0000007c     simplelink.a : device.obj (.text:_sl_HandleAsync_InitComplete)
                  2000bd3c    0000007a     rtsv7M4_T_le_eabi.lib : memset_t2.obj (.text)
                  2000bdb6    00000002     --HOLE-- [fill = 0]
                  2000bdb8    00000078     simplelink.a : socket.obj (.text:_sl_HandleAsync_Connect)
                  2000be30    00000078                  : cc_pal.obj (.text:spi_Close)
                  2000bea8    00000076     driverlib.a : uart.obj (.text:UARTConfigSetExpClk)
                  2000bf1e    00000002     --HOLE-- [fill = 0]
                  2000bf20    00000074     simplelink.a : socket.obj (.text:sl_Recv)
                  2000bf94    00000004     --HOLE-- [fill = 0]
                  2000bf98    00000074     sysbios.aem4 : BIOS.obj (.text:ti_sysbios_family_arm_m3_Hwi_postInit__I)
                  2000c00c    00000004     --HOLE-- [fill = 0]
                  2000c010    00000070                  : BIOS.obj (.text:ti_sysbios_knl_Mailbox_Instance_finalize__E)
                  2000c080    00000070                  : BIOS.obj (.text:ti_sysbios_utils_Load_taskDeleteHook__E)
                  2000c0f0    00000070     ti.targets.arm.rtsarm.aem4 : Memory.oem4 (.text:xdc_runtime_Memory_alloc__E)
                  2000c160    0000006c     simplelink.a : driver.obj (.text:_SlDrvCmdSend)
                  2000c1cc    00000004     --HOLE-- [fill = 0]
                  2000c1d0    0000006c     sysbios.aem4 : BIOS.obj (.text:ti_sysbios_utils_Load_taskCreateHook__E)
                  2000c23c    0000006c     ti.targets.arm.rtsarm.aem4 : Error.oem4 (.text:xdc_runtime_Error_print__E)
                  2000c2a8    0000006c                                : LoggerBuf.oem4 (.text:xdc_runtime_LoggerBuf_getFilterLevel__E)
                  2000c314    00000068     simplelink.a : netapp.obj (.text:_sl_NetAppSendTokenValue)
                  2000c37c    00000068     rtsv7M4_T_le_eabi.lib : copy_decompress_lzss.obj (.text:decompress:lzss)
                  2000c3e4    00000068                           : trgmsg.obj (.text)
                  2000c44c    00000068     simplelink.a : socket.obj (.text:sl_SetSockOpt)
                  2000c4b4    00000068                  : wlan.obj (.text:sl_WlanSet)
                  2000c51c    00000004     --HOLE-- [fill = 0]
                  2000c520    00000068     sysbios.aem4 : BIOS.obj (.text:ti_sysbios_utils_Load_addTask__E)
                  2000c588    00000066     ti.targets.arm.rtsarm.aem4 : Core-mem.oem4 (.text:xdc_runtime_Core_deleteObject__I)
                  2000c5ee    00000002     --HOLE-- [fill = 0]
                  2000c5f0    00000064     app_pem4.oem4 (.text:ti_sysbios_family_arm_m3_Hwi_create)
                  2000c654    00000004     --HOLE-- [fill = 0]
                  2000c658    00000064     sysbios.aem4 : BIOS.obj (.text:ti_sysbios_family_arm_m3_TimestampProvider_get64__E)
                  2000c6bc    00000064     app_pem4.oem4 (.text:ti_sysbios_knl_Mailbox_create)
                  2000c720    00000064     driverlib.a : udma.obj (.text:uDMAChannelAttributeDisable)
                  2000c784    00000064                 : udma.obj (.text:uDMAChannelAttributeEnable)
                  2000c7e8    00000060     simplelink.a : socket.obj (.text:_sl_HandleAsync_Accept)
                  2000c848    00000060     sysbios.aem4 : BIOS.obj (.text:ti_sysbios_knl_Clock_logTick__E)
                  2000c8a8    00000060                  : BIOS.obj (.text:ti_sysbios_utils_Load_logCPULoad__I)
                  2000c908    00000060     ti.targets.arm.rtsarm.aem4 : System.oem4 (.text:xdc_runtime_System_formatNum__I)
                  2000c968    0000005c     simplelink.a : socket.obj (.text:sl_Socket)
                  2000c9c4    00000004     --HOLE-- [fill = 0]
                  2000c9c8    0000005c     sysbios.aem4 : BIOS.obj (.text:ti_sysbios_knl_Swi_restoreHwi__E)
                  2000ca24    00000004     --HOLE-- [fill = 0]
                  2000ca28    0000005c                  : BIOS.obj (.text:ti_sysbios_knl_Swi_schedule__I)
                  2000ca84    0000005c     app_pem4.oem4 (.text:ti_sysbios_knl_Task_create)
                  2000cae0    0000005c     app_pem4.oem4 (.text:xdc_runtime_LoggerBuf_Object__create__S)
                  2000cb3c    0000005b     ti.targets.arm.rtsarm.aem4 : Text.oem4 (.text:xdc_runtime_Text_putLab__E)
                  2000cb97    00000001     --HOLE-- [fill = 0]
                  2000cb98    00000058     driverlib.a : interrupt.obj (.text:IntPendClear)
                  2000cbf0    00000058                 : prcm.obj (.text:PRCMPeripheralReset)
                  2000cc48    00000054     simplelink.a : socket.obj (.text:_sl_HandleAsync_Select)
                  2000cc9c    00000054     rtsv7M4_T_le_eabi.lib : exit.obj (.text)
                  2000ccf0    00000054     sysbios.aem4 : BIOS.obj (.text:ti_sysbios_family_arm_m3_Timer_start__E)
                  2000cd44    00000004     --HOLE-- [fill = 0]
                  2000cd48    00000054                  : BIOS.obj (.text:ti_sysbios_family_arm_m3_TimestampProvider_get32__E)
                  2000cd9c    00000004     --HOLE-- [fill = 0]
                  2000cda0    00000054                  : BIOS.obj (.text:ti_sysbios_utils_Load_taskSwitchHook__E)
                  2000cdf4    00000050     simplelink.a : device.obj (.text:_sl_HandleAsync_Stop)
                  2000ce44    00000050     ti.targets.arm.rtsarm.aem4 : Startup.oem4 (.text:xdc_runtime_Startup_exec__E)
                  2000ce94    00000050                                : Text.oem4 (.text:xdc_runtime_Text_visitRope2__I)
                  2000cee4    0000004c     driverlib.a : spi.obj (.text:SPIIntEnable)
                  2000cf30    0000004c     simplelink.a : driver.obj (.text:_SlDrvProtectAsyncRespSetting)
                  2000cf7c    0000004c                  : driver.obj (.text:_SlDrvRxIrqHandler)
                  2000cfc8    0000004c                  : socket.obj (.text:_sl_BuildAddress)
                  2000d014    0000004c     main.obj (.text)
                  2000d060    0000004c     rtsv7M4_T_le_eabi.lib : cpy_tbl.obj (.text)
                  2000d0ac    0000004c     sysbios.aem4 : m3_TaskSupport_asm.obj (.text:ti_sysbios_family_arm_m3_TaskSupport_buildTaskStack)
                  2000d0f8    0000004c                  : BIOS.obj (.text:ti_sysbios_heaps_HeapMem_getStats__E)
                  2000d144    00000004     --HOLE-- [fill = 0]
                  2000d148    0000004c                  : BIOS.obj (.text:ti_sysbios_knl_Swi_runLoop__I)
                  2000d194    00000004     --HOLE-- [fill = 0]
                  2000d198    0000004c                  : BIOS.obj (.text:ti_sysbios_knl_Task_allBlockedFunction__I)
                  2000d1e4    0000004c     driverlib.a : udma.obj (.text:uDMAChannelAssign)
                  2000d230    00000048                 : spi.obj (.text:SPIIntClear)
                  2000d278    00000048     sysbios.aem4 : BIOS.obj (.text:ti_sysbios_family_arm_m3_Hwi_disableInterrupt__E)
                  2000d2c0    00000048                  : BIOS.obj (.text:ti_sysbios_family_arm_m3_Hwi_enableInterrupt__E)
                  2000d308    00000048                  : BIOS.obj (.text:ti_sysbios_family_arm_m3_Hwi_excReserved__I)
                  2000d350    00000048                  : m3_Hwi_asm_switch.obj (.text:ti_sysbios_family_arm_m3_Hwi_initStacks__E)
                  2000d398    00000048     ti.targets.arm.rtsarm.aem4 : Assert.oem4 (.text:xdc_runtime_Assert_raise__I)
                  2000d3e0    00000046                                : Core-params.oem4 (.text:xdc_runtime_Core_assignParams__I)
                  2000d426    00000002     --HOLE-- [fill = 0]
                  2000d428    00000044     driverlib.a : spi.obj (.text:SPIDmaMaskGet)
                  2000d46c    00000044                 : uart.obj (.text:UARTIntNumberGet)
                  2000d4b0    00000044     boot.aem4 : boot.oem4 (.text)
                  2000d4f4    00000044     simplelink.a : cc_pal.obj (.text:cc_SetupTransfer)
                  2000d538    00000044     sysbios.aem4 : BIOS.obj (.text:ti_sysbios_family_arm_m3_Hwi_getStackInfo__E)
                  2000d57c    00000004     --HOLE-- [fill = 0]
                  2000d580    00000044                  : BIOS.obj (.text:ti_sysbios_knl_Mailbox_postInit__I)
                  2000d5c4    00000044     ti.targets.arm.rtsarm.aem4 : Error.oem4 (.text:xdc_runtime_Error_setX__E)
                  2000d608    00000044                                : LoggerBuf.oem4 (.text:xdc_runtime_LoggerBuf_filterOutEvent__I)
                  2000d64c    00000044                                : SysMin.oem4 (.text:xdc_runtime_SysMin_flush__E)
                  2000d690    00000040     driverlib.a : pin.obj (.text:PinModeSet)
                  2000d6d0    00000040     rtsv7M4_T_le_eabi.lib : u_divt2.obj (.text)
                  2000d710    0000003c     simplelink.a : netapp.obj (.text:CopyPingResultsToReport)
                  2000d74c    0000003c     driverlib.a : prcm.obj (.text:PRCMPeripheralClkEnable)
                  2000d788    0000003c     simplelink.a : socket.obj (.text:_sl_TruncatePayloadByProtocol)
                  2000d7c4    0000003c                  : socket.obj (.text:sl_Htons)
                  2000d800    0000003c                  : socket.obj (.text:sl_Listen)
                  2000d83c    00000004     --HOLE-- [fill = 0]
                  2000d840    0000003c     sysbios.aem4 : BIOS.obj (.text:ti_sysbios_family_arm_m3_Hwi_excSvCall__I)
                  2000d87c    00000004     --HOLE-- [fill = 0]
                  2000d880    0000003c                  : BIOS.obj (.text:ti_sysbios_family_arm_m3_TaskSupport_start__E)
                  2000d8bc    00000004     --HOLE-- [fill = 0]
                  2000d8c0    0000003c                  : BIOS.obj (.text:ti_sysbios_heaps_HeapMem_init__I)
                  2000d8fc    00000004     --HOLE-- [fill = 0]
                  2000d900    0000003c                  : BIOS.obj (.text:ti_sysbios_knl_Swi_startup__E)
                  2000d93c    0000003c     driverlib.a : udma.obj (.text:uDMAChannelControlSet)
                  2000d978    0000003c     ti.targets.arm.rtsarm.aem4 : Text.oem4 (.text:xdc_runtime_Text_xprintf__I)
                  2000d9b4    0000003a                                : LoggerBuf.oem4 (.text:xdc_runtime_LoggerBuf_Instance_init__E)
                  2000d9ee    00000002     --HOLE-- [fill = 0]
                  2000d9f0    00000038     simplelink.a : cc_pal.obj (.text:NwpPowerOff)
                  2000da28    00000038     sysbios.aem4 : BIOS.obj (.text:ti_sysbios_family_arm_m3_Hwi_excNoIsr__I)
                  2000da60    00000038                  : BIOS.obj (.text:ti_sysbios_knl_Task_processVitalTaskFlag__I)
                  2000da98    00000038     ti.targets.arm.rtsarm.aem4 : SysMin.oem4 (.text:xdc_runtime_SysMin_putch__E)
                  2000dad0    00000038                                : System.oem4 (.text:xdc_runtime_System_atexit__E)
                  2000db08    00000036     driverlib.a : gpio.obj (.text:GPIODirModeSet)
                  2000db3e    00000002     --HOLE-- [fill = 0]
                  2000db40    00000034                 : prcm.obj (.text:PRCMPeripheralStatusGet)
                  2000db74    00000034                 : spi.obj (.text:SPIFIFOLevelSet)
                  2000dba8    00000034     sysbios.aem4 : BIOS.obj (.text:ti_sysbios_family_arm_m3_Hwi_excNmi__I)
                  2000dbdc    00000004     --HOLE-- [fill = 0]
                  2000dbe0    00000034                  : BIOS.obj (.text:ti_sysbios_family_arm_m3_Timer_periodicStub__I)
                  2000dc14    00000004     --HOLE-- [fill = 0]
                  2000dc18    00000034                  : BIOS.obj (.text:ti_sysbios_hal_Hwi_checkStack)
                  2000dc4c    00000034     app_pem4.oem4 (.text:ti_sysbios_knl_Semaphore_create)
                  2000dc80    00000034     ti.targets.arm.rtsarm.aem4 : Core-label.oem4 (.text:xdc_runtime_Core_assignLabel__I)
                  2000dcb4    00000033                                : Text.oem4 (.text:xdc_runtime_Text_printVisFxn__I)
                  2000dce7    00000001     --HOLE-- [fill = 0]
                  2000dce8    00000032     sysbios.aem4 : BIOS.obj (.text:ti_sysbios_hal_Hwi_initStack)
                  2000dd1a    00000006     driverlib.a : utils.obj (.text:UtilsDelay)
                  2000dd20    00000032     sysbios.aem4 : BIOS.obj (.text:ti_sysbios_knl_Semaphore_pendTimeout__I)
                  2000dd52    00000030     driverlib.a : pin.obj (.text:PinTypeGPIO)
                  2000dd82    00000002     --HOLE-- [fill = 0]
                  2000dd84    00000030                 : uart.obj (.text:UARTDisable)
                  2000ddb4    00000030     simplelink.a : device.obj (.text:_SlDrvDeviceEventHandler)
                  2000dde4    00000030                  : socket.obj (.text:sl_Close)
                  2000de14    00000030                  : wlan.obj (.text:sl_WlanSetMode)
                  2000de44    00000030     app_pem4.oem4 (.text:ti_sysbios_BIOS_atExitFunc__I)
                  2000de74    00000030     app_pem4.oem4 (.text:ti_sysbios_gates_GateHwi_Object__create__S)
                  2000dea4    00000030     app_pem4.oem4 (.text:ti_sysbios_gates_GateMutex_Object__create__S)
                  2000ded4    00000030     app_pem4.oem4 (.text:ti_sysbios_heaps_HeapMem_Object__create__S)
                  2000df04    00000030     app_pem4.oem4 (.text:ti_sysbios_knl_Semaphore_construct)
                  2000df34    00000030     ti.targets.arm.rtsarm.aem4 : SysMin.oem4 (.text:xdc_runtime_SysMin_abort__E)
                  2000df64    00000030                                : System.oem4 (.text:xdc_runtime_System_processAtExit__E)
                  2000df94    0000002e     app_pem4.oem4 (.text:malloc)
                  2000dfc2    00000002     --HOLE-- [fill = 0]
                  2000dfc4    0000002c     simplelink.a : cc_pal.obj (.text:DmaSpiSwIntHandler)
                  2000dff0    0000002c                  : cc_pal.obj (.text:NwpPowerOn)
                  2000e01c    0000002c     driverlib.a : prcm.obj (.text:PRCMSysResetCauseGet)
                  2000e048    0000002c     app_pem4.oem4 (.text:ti_sysbios_knl_Clock_doTick__I)
                  2000e074    0000002c     app_pem4.oem4 (.text:ti_sysbios_knl_Queue_construct)
                  2000e0a0    0000002c     sysbios.aem4 : BIOS.obj (.text:ti_sysbios_knl_Task_restore__E)
                  2000e0cc    0000002c     ti.targets.arm.rtsarm.aem4 : Text.oem4 (.text:xdc_runtime_Text_cordText__E)
                  2000e0f8    0000002a                                : System.oem4 (.text:xdc_runtime_System_putchar__I)
                  2000e122    00000002     --HOLE-- [fill = 0]
                  2000e124    00000028     driverlib.a : prcm.obj (.text:PRCMPeripheralClkDisable)
                  2000e14c    00000028     simplelink.a : netapp.obj (.text:sl_NetAppStart)
                  2000e174    00000004     --HOLE-- [fill = 0]
                  2000e178    00000028     sysbios.aem4 : BIOS.obj (.text:ti_sysbios_family_arm_m3_Hwi_Instance_finalize__E)
                  2000e1a0    00000028                  : BIOS.obj (.text:ti_sysbios_knl_Swi_Module_startup__E)
                  2000e1c8    00000028     ti.targets.arm.rtsarm.aem4 : LoggerBuf.oem4 (.text:xdc_runtime_LoggerBuf_Module_startup__E)
                  2000e1f0    00000026     simplelink.a : cc_pal.obj (.text:NwpRegisterInterruptHandler)
                  2000e216    00000026     ti.targets.arm.rtsarm.aem4 : System.oem4 (.text:xdc_runtime_System_avprintf__E)
                  2000e23c    00000024     driverlib.a : uart.obj (.text:UARTEnable)
                  2000e260    00000024     simplelink.a : driver.obj (.text:_SlDrvProtectionObjLockWaitForever)
                  2000e284    00000024     app_pem4.oem4 (.text:ti_sysbios_BIOS_errorRaiseHook__I)
                  2000e2a8    00000024     app_pem4.oem4 (.text:ti_sysbios_BIOS_registerRTSLock__I)
                  2000e2cc    00000024     app_pem4.oem4 (.text:ti_sysbios_BIOS_removeRTSLock__I)
                  2000e2f0    00000024     app_pem4.oem4 (.text:ti_sysbios_BIOS_startFunc__I)
                  2000e314    00000004     --HOLE-- [fill = 0]
                  2000e318    00000024     sysbios.aem4 : BIOS.obj (.text:ti_sysbios_family_arm_m3_Hwi_doTaskRestore__I)
                  2000e33c    00000004     --HOLE-- [fill = 0]
                  2000e340    00000024                  : BIOS.obj (.text:ti_sysbios_family_arm_m3_Timer_startup__E)
                  2000e364    00000024     app_pem4.oem4 (.text:ti_sysbios_gates_GateMutex_Object__delete__S)
                  2000e388    00000024     sysbios.aem4 : BIOS.obj (.text:ti_sysbios_knl_Clock_Module_startup__E)
                  2000e3ac    00000024     app_pem4.oem4 (.text:ti_sysbios_knl_Semaphore_Object__delete__S)
                  2000e3d0    00000024     ti.targets.arm.rtsarm.aem4 : System.oem4 (.text:xdc_runtime_System_vprintf__E)
                  2000e3f4    00000022     driverlib.a : spi.obj (.text:SPIReset)
                  2000e416    00000022                 : spi.obj (.text:SPIWordCountSet)
                  2000e438    00000022     app_pem4.oem4 (.text:xdc_runtime_SysMin_output__I)
                  2000e45a    00000020     driverlib.a : gpio.obj (.text:GPIOPinWrite)
                  2000e47a    00000002     --HOLE-- [fill = 0]
                  2000e47c    00000020                 : interrupt.obj (.text:IntRegister)
                  2000e49c    00000020     simplelink.a : driver.obj (.text:_SlDrvProtectionObjUnLock)
                  2000e4bc    00000020     app_pem4.oem4 (.text:ti_sysbios_BIOS_rtsLock__I)
                  2000e4dc    00000020     app_pem4.oem4 (.text:ti_sysbios_family_arm_m3_Hwi_Object__delete__S)
                  2000e4fc    00000020     sysbios.aem4 : m3_Hwi_asm.obj (.text:ti_sysbios_family_arm_m3_Hwi_excHandlerAsm__I)
                  2000e51c    00000004     --HOLE-- [fill = 0]
                  2000e520    00000020                  : BIOS.obj (.text:ti_sysbios_family_arm_m3_Hwi_excHandler__I)
                  2000e540    00000020                  : BIOS.obj (.text:ti_sysbios_family_arm_m3_TimestampProvider_Module_startup__E)
                  2000e560    00000020     app_pem4.oem4 (.text:ti_sysbios_gates_GateHwi_Object__delete__S)
                  2000e580    00000020     app_pem4.oem4 (.text:ti_sysbios_heaps_HeapMem_Object__delete__S)
                  2000e5a0    00000020     sysbios.aem4 : BIOS.obj (.text:ti_sysbios_knl_Idle_run__E)
                  2000e5c0    00000020     app_pem4.oem4 (.text:ti_sysbios_knl_Mailbox_Object__delete__S)
                  2000e5e0    00000020     app_pem4.oem4 (.text:ti_sysbios_knl_Semaphore_Object__destruct__S)
                  2000e600    00000020     app_pem4.oem4 (.text:ti_sysbios_knl_Task_Object__delete__S)
                  2000e620    00000020     app_pem4.oem4 (.text:xdc_runtime_LoggerBuf_Object__delete__S)
                  2000e640    00000020     ti.targets.arm.rtsarm.aem4 : LoggerBuf.oem4 (.text:xdc_runtime_LoggerBuf_reset__E)
                  2000e660    00000020                                : Registry.oem4 (.text:xdc_runtime_Registry_findById__E)
                  2000e680    00000020                                : SysMin.oem4 (.text:xdc_runtime_SysMin_Module_startup__E)
                  2000e6a0    0000001e     driverlib.a : uart.obj (.text:UARTCharPut)
                  2000e6be    0000001e                 : uart.obj (.text:UARTIntRegister)
                  2000e6dc    0000001e                 : uart.obj (.text:UARTIntStatus)
                  2000e6fa    0000001e     simplelink.a : cc_pal.obj (.text:cc_UDMAChannelSelect)
                  2000e718    0000001e     sysbios.aem4 : m3_Hwi_asm_switch.obj (.text:ti_sysbios_family_xxx_Hwi_switchAndRunFunc)
                  2000e736    0000001c     simplelink.a : driver.obj (.text:_SlDrvObjLockWaitForever)
                  2000e752    0000001c                  : driver.obj (.text:_SlDrvSyncObjWaitForever)
                  2000e76e    00000002     --HOLE-- [fill = 0]
                  2000e770    0000001c     sysbios.aem4 : BIOS.obj (.text:ti_sysbios_family_arm_m3_Hwi_setPriority__E)
                  2000e78c    00000004     --HOLE-- [fill = 0]
                  2000e790    0000001c                  : BIOS.obj (.text:ti_sysbios_gates_GateMutex_Instance_init__E)
                  2000e7ac    0000001c     app_pem4.oem4 (.text:ti_sysbios_knl_Queue_Object__destruct__S)
                  2000e7c8    0000001c     sysbios.aem4 : BIOS.obj (.text:ti_sysbios_knl_Task_enter__I)
                  2000e7e4    0000001c     driverlib.a : udma.obj (.text:uDMAChannelEnable)
                  2000e800    0000001c     ti.targets.arm.rtsarm.aem4 : Error.oem4 (.text:xdc_runtime_Error_raiseX__E)
                  2000e81c    0000001c                                : Memory.oem4 (.text:xdc_runtime_Memory_valloc__E)
                  2000e838    0000001c                                : SysMin.oem4 (.text:xdc_runtime_SysMin_exit__E)
                  2000e854    0000001c                                : System.oem4 (.text:xdc_runtime_System_abort__E)
                  2000e870    0000001a     driverlib.a : pin.obj (.text:PinTypeUART)
                  2000e88a    0000001a                 : spi.obj (.text:SPIDmaDisable)
                  2000e8a4    0000001a                 : spi.obj (.text:SPIDmaEnable)
                  2000e8be    0000001a                 : spi.obj (.text:SPIFIFODisable)
                  2000e8d8    0000001a                 : spi.obj (.text:SPIFIFOEnable)
                  2000e8f2    0000001a     app_pem4.oem4 (.text:ti_sysbios_family_arm_m3_Hwi_Handle__label__S)
                  2000e90c    0000001a     sysbios.aem4 : m3_Hwi_asm.obj (.text:ti_sysbios_family_arm_m3_Hwi_pendSV__I)
                  2000e926    0000001a     app_pem4.oem4 (.text:ti_sysbios_gates_GateHwi_Handle__label__S)
                  2000e940    0000001a     app_pem4.oem4 (.text:ti_sysbios_gates_GateMutex_Handle__label__S)
                  2000e95a    0000001a     app_pem4.oem4 (.text:ti_sysbios_heaps_HeapMem_Handle__label__S)
                  2000e974    0000001a     app_pem4.oem4 (.text:ti_sysbios_knl_Swi_Handle__label__S)
                  2000e98e    0000001a     app_pem4.oem4 (.text:ti_sysbios_knl_Task_Handle__label__S)
                  2000e9a8    0000001a     sysbios.aem4 : BIOS.obj (.text:ti_sysbios_knl_Task_sleepTimeout__I)
                  2000e9c2    0000001a     app_pem4.oem4 (.text:xdc_runtime_LoggerBuf_Handle__label__S)
                  2000e9dc    0000001a     app_pem4.oem4 (.text:xdc_runtime_System_aprintf__E)
                  2000e9f6    0000001a     app_pem4.oem4 (.text:xdc_runtime_System_printf__E)
                  2000ea10    00000018     driverlib.a : spi.obj (.text:SPICSDisable)
                  2000ea28    00000018                 : spi.obj (.text:SPICSEnable)
                  2000ea40    00000018                 : spi.obj (.text:SPIDisable)
                  2000ea58    00000018                 : spi.obj (.text:SPIEnable)
                  2000ea70    00000018                 : uart.obj (.text:UARTCharsAvail)
                  2000ea88    00000018                 : uart.obj (.text:UARTFIFOLevelSet)
                  2000eaa0    00000018                 : uart.obj (.text:UARTIntEnable)
                  2000eab8    00000018     simplelink.a : driver.obj (.text:_SlDrvObjUnLock)
                  2000ead0    00000018                  : driver.obj (.text:_SlDrvSyncObjSignal)
                  2000eae8    00000018                  : device.obj (.text:_sl_GetStartResponseConvert)
                  2000eb00    00000018     app_pem4.oem4 (.text:free)
                  2000eb18    00000018     rtsv7M4_T_le_eabi.lib : args_main.obj (.text)
                  2000eb30    00000018     app_pem4.oem4 (.text:ti_sysbios_BIOS_rtsUnlock__I)
                  2000eb48    00000018     app_pem4.oem4 (.text:ti_sysbios_family_arm_m3_Hwi_Module__startupDone__F)
                  2000eb60    00000018     app_pem4.oem4 (.text:ti_sysbios_family_arm_m3_Timer_Module__startupDone__F)
                  2000eb78    00000018     sysbios.aem4 : BIOS.obj (.text:ti_sysbios_gates_GateMutex_leave__E)
                  2000eb90    00000018     ti.targets.arm.rtsarm.aem4 : Error.oem4 (.text:xdc_runtime_Error_check__E)
                  2000eba8    00000018                                : System.oem4 (.text:xdc_runtime_System_exit__E)
                  2000ebc0    00000018                                : Text.oem4 (.text:xdc_runtime_Text_ropeText__E)
                  2000ebd8    00000016     driverlib.a : prcm.obj (.text:PRCMHIBRegRead)
                  2000ebee    00000016                 : prcm.obj (.text:PRCMHIBRegWrite)
                  2000ec04    00000016                 : uart.obj (.text:UARTCharGet)
                  2000ec1a    00000016                 : uart.obj (.text:UARTFIFOEnable)
                  2000ec30    00000016     simplelink.a : driver.obj (.text:_SlDrvMemZero)
                  2000ec46    00000016     app_pem4.oem4 (.text:ti_sysbios_BIOS_exitFunc__I)
                  2000ec5c    00000014     driverlib.a : cpu.obj (.text:CPUcpsie)
                  2000ec70    00000014     rtsv7M4_T_le_eabi.lib : _lock.obj (.text)
                  2000ec84    00000014                           : strcpy.obj (.text)
                  2000ec98    00000014                           : strlen.obj (.text)
                  2000ecac    00000014     app_pem4.oem4 (.text:ti_sysbios_family_arm_m3_Hwi_Object__get__S)
                  2000ecc0    00000014     sysbios.aem4 : BIOS.obj (.text:ti_sysbios_family_arm_m3_Hwi_switchFromBootStack__E)
                  2000ecd4    00000014     app_pem4.oem4 (.text:ti_sysbios_heaps_HeapMem_Object__get__S)
                  2000ece8    00000014     app_pem4.oem4 (.text:ti_sysbios_knl_Swi_Object__get__S)
                  2000ecfc    00000014     app_pem4.oem4 (.text:xdc_runtime_LoggerBuf_Object__get__S)
                  2000ed10    00000012     driverlib.a : uart.obj (.text:UARTIntClear)
                  2000ed22    00000006     ti.targets.arm.rtsarm.aem4 : System.oem4 (.text:xdc_runtime_System_Module_startup__E)
                  2000ed28    00000012     sysbios.aem4 : BIOS.obj (.text:ti_sysbios_hal_Hwi_Module_startup__E)
                  2000ed3a    00000006     --HOLE-- [fill = 0]
                  2000ed40    00000012                  : BIOS.obj (.text:ti_sysbios_hal_Timer_Module_startup__E)
                  2000ed52    00000012     ti.targets.arm.rtsarm.aem4 : LoggerBuf.oem4 (.text:xdc_runtime_LoggerBuf_Instance_finalize__E)
                  2000ed64    00000012                                : LoggerBuf.oem4 (.text:xdc_runtime_LoggerBuf_write1__E)
                  2000ed76    00000012                                : LoggerBuf.oem4 (.text:xdc_runtime_LoggerBuf_write2__E)
                  2000ed88    00000012     app_pem4.oem4 (.text:xdc_runtime_Startup_exec__I)
                  2000ed9a    00000006     --HOLE-- [fill = 0]
                  2000eda0    00000010     sysbios.aem4 : BIOS.obj (.text:ti_sysbios_BIOS_getCpuFreq__E)
                  2000edb0    00000010                  : BIOS.obj (.text:ti_sysbios_BIOS_setThreadType__E)
                  2000edc0    00000010                  : BIOS.obj (.text:ti_sysbios_BIOS_start__E)
                  2000edd0    00000010                  : BIOS.obj (.text:ti_sysbios_family_arm_m3_Hwi_getHandle__E)
                  2000ede0    00000010                  : m3_TaskSupport_asm.obj (.text:ti_sysbios_family_arm_m3_TaskSupport_glue)
                  2000edf0    00000010                  : m3_TaskSupport_asm.obj (.text:ti_sysbios_family_arm_m3_TaskSupport_swap__E)
                  2000ee00    00000010                  : BIOS.obj (.text:ti_sysbios_gates_GateMutex_Instance_finalize__E)
                  2000ee10    00000010     app_pem4.oem4 (.text:ti_sysbios_knl_Mailbox_Object__get__S)
                  2000ee20    00000010     sysbios.aem4 : BIOS.obj (.text:ti_sysbios_knl_Semaphore_Instance_finalize__E)
                  2000ee30    00000010                  : BIOS.obj (.text:ti_sysbios_knl_Swi_disable__E)
                  2000ee40    00000010     app_pem4.oem4 (.text:ti_sysbios_knl_Task_Object__get__S)
                  2000ee50    00000010     sysbios.aem4 : BIOS.obj (.text:ti_sysbios_knl_Task_disable__E)
                  2000ee60    00000010     ti.targets.arm.rtsarm.aem4 : Gate.oem4 (.text:xdc_runtime_Gate_leaveSystem__E)
                  2000ee70    00000010                                : LoggerBuf.oem4 (.text:xdc_runtime_LoggerBuf_write0__E)
                  2000ee80    00000010                                : Memory.oem4 (.text:xdc_runtime_Memory_free__E)
                  2000ee90    00000010                                : SysMin.oem4 (.text:xdc_runtime_SysMin_ready__E)
                  2000eea0    00000010                                : System.oem4 (.text:xdc_runtime_System_vsnprintf__E)
                  2000eeb0    00000010     app_pem4.oem4 (.text:xdc_runtime_Text_visitRope__I)
                  2000eec0    0000000e     simplelink.a : driver.obj (.text:_SlDrvResetCmdExt)
                  2000eece    0000000e     rtsv7M4_T_le_eabi.lib : copy_decompress_none.obj (.text:decompress:none)
                  2000eedc    00000004     --HOLE-- [fill = 0]
                  2000eee0    0000000e     sysbios.aem4 : BIOS.obj (.text:ti_sysbios_knl_Idle_loop__E)
                  2000eeee    00000002     --HOLE-- [fill = 0]
                  2000eef0    0000000e                  : BIOS.obj (.text:ti_sysbios_knl_Queue_empty__E)
                  2000eefe    00000002     --HOLE-- [fill = 0]
                  2000ef00    0000000c     simplelink.a : cc_pal.obj (.text:NwpMaskInterrupt)
                  2000ef0c    0000000c                  : cc_pal.obj (.text:NwpUnMaskInterrupt)
                  2000ef18    0000000c     rtsv7M4_T_le_eabi.lib : copy_zero_init.obj (.text:decompress:ZI)
                  2000ef24    0000000c     app_pem4.oem4 (.text:ti_sysbios_family_arm_m3_Hwi_Params__init__S)
                  2000ef30    0000000c     sysbios.aem4 : BIOS.obj (.text:ti_sysbios_family_arm_m3_Hwi_disableFxn__E)
                  2000ef3c    00000004     --HOLE-- [fill = 0]
                  2000ef40    0000000c                  : BIOS.obj (.text:ti_sysbios_family_arm_m3_TaskSupport_checkStack__E)
                  2000ef4c    00000004     --HOLE-- [fill = 0]
                  2000ef50    0000000c                  : BIOS.obj (.text:ti_sysbios_family_arm_m3_TaskSupport_getStackAlignment__E)
                  2000ef5c    00000004     --HOLE-- [fill = 0]
                  2000ef60    0000000c                  : BIOS.obj (.text:ti_sysbios_gates_GateHwi_enter__E)
                  2000ef6c    0000000c     app_pem4.oem4 (.text:ti_sysbios_knl_Queue_Object__get__S)
                  2000ef78    0000000c     app_pem4.oem4 (.text:ti_sysbios_knl_Semaphore_Params__init__S)
                  2000ef84    0000000c     app_pem4.oem4 (.text:ti_sysbios_knl_Task_Params__init__S)
                  2000ef90    0000000c     sysbios.aem4 : BIOS.obj (.text:ti_sysbios_utils_Load_taskRegHook__E)
                  2000ef9c    0000000c     ti.targets.arm.rtsarm.aem4 : Error.oem4 (.text:xdc_runtime_Error_init__E)
                  2000efa8    0000000c                                : Gate.oem4 (.text:xdc_runtime_Gate_enterSystem__E)
                  2000efb4    0000000c                                : Memory.oem4 (.text:xdc_runtime_Memory_calloc__E)
                  2000efc0    0000000c                                : Memory.oem4 (.text:xdc_runtime_Memory_getMaxDefaultTypeAlign__E)
                  2000efcc    0000000a     driverlib.a : interrupt.obj (.text:IntMasterEnable)
                  2000efd6    0000000a     app_pem4.oem4 (.text:xdc_runtime_IHeap_alloc)
                  2000efe0    0000000a     app_pem4.oem4 (.text:xdc_runtime_IHeap_free)
                  2000efea    0000000a     ti.targets.arm.rtsarm.aem4 : LoggerBuf.oem4 (.text:xdc_runtime_LoggerBuf_disable__E)
                  2000eff4    0000000a                                : LoggerBuf.oem4 (.text:xdc_runtime_LoggerBuf_enable__E)
                  2000effe    00000002     --HOLE-- [fill = 0]
                  2000f000    00000008     sysbios.aem4 : BIOS.obj (.text:ti_sysbios_family_arm_m3_Hwi_doSwiRestore__I)
                  2000f008    00000008                  : BIOS.obj (.text:ti_sysbios_family_arm_m3_Hwi_startup__E)
                  2000f010    00000006                  : BIOS.obj (.text:ti_sysbios_family_arm_m3_Hwi_restoreFxn__E)
                  2000f016    00000002     --HOLE-- [fill = 0]
                  2000f018    00000006                  : BIOS.obj (.text:ti_sysbios_gates_GateHwi_leave__E)
                  2000f01e    00000002     --HOLE-- [fill = 0]
                  2000f020    00000006                  : BIOS.obj (.text:ti_sysbios_heaps_HeapMem_isBlocking__E)
                  2000f026    00000002     --HOLE-- [fill = 0]
                  2000f028    00000006                  : BIOS.obj (.text:ti_sysbios_knl_Queue_Instance_init__E)
                  2000f02e    00000002     --HOLE-- [fill = 0]
                  2000f030    00000004                  : BIOS.obj (.text:ti_sysbios_family_arm_m3_Timer_getMaxTicks__E)
                  2000f034    00000004     --HOLE-- [fill = 0]
                  2000f038    00000004                  : BIOS.obj (.text:ti_sysbios_gates_GateHwi_query__E)
                  2000f03c    00000004     --HOLE-- [fill = 0]
                  2000f040    00000004                  : BIOS.obj (.text:ti_sysbios_gates_GateMutex_query__E)
                  2000f044    00000004     --HOLE-- [fill = 0]
                  2000f048    00000004                  : BIOS.obj (.text:ti_sysbios_knl_Task_startup__E)
                  2000f04c    00000004     --HOLE-- [fill = 0]
                  2000f050    00000002                  : BIOS.obj (.text:ti_sysbios_gates_GateHwi_Instance_init__E)

.const     0    2000f054    0000229c     
                  2000f054    000017ec     app_pem4.oem4 (.const:xdc_runtime_Text_charTab__A)
                  20010840    00000100     driverlib.a : pin.obj (.const:g_ulPinToPadMap)
                  20010940    000000c0     app_pem4.oem4 (.const:xdc_runtime_Text_nodeTab__A)
                  20010a00    000000a8     driverlib.a : prcm.obj (.const:PRCM_PeriphRegsList)
                  20010aa8    00000048     app_pem4.oem4 (.const:.string)
                  20010af0    0000003c     simplelink.a : driver.obj (.const:OpcodeTranslateTable)
                  20010b2c    0000003c     app_pem4.oem4 (.const:ti_sysbios_knl_Task_Object__PARAMS__C)
                  20010b68    0000003c     app_pem4.oem4 (.const:xdc_runtime_LoggerBuf_Module__FXNS__C)
                  20010ba4    00000038     simplelink.a : driver.obj (.const:_SlActionLookupTable)
                  20010bdc    00000034     app_pem4.oem4 (.const:ti_sysbios_knl_Mailbox_Object__PARAMS__C)
                  20010c10    00000030     app_pem4.oem4 (.const:ti_sysbios_family_arm_m3_Hwi_Object__PARAMS__C)
                  20010c40    00000030     app_pem4.oem4 (.const:xdc_runtime_Startup_sfxnTab__A)
                  20010c70    00000028     app_pem4.oem4 (.const:ti_sysbios_heaps_HeapMem_Module__FXNS__C)
                  20010c98    00000024     app_pem4.oem4 (.const:ti_sysbios_gates_GateHwi_Module__FXNS__C)
                  20010cbc    00000024     app_pem4.oem4 (.const:ti_sysbios_gates_GateMutex_Module__FXNS__C)
                  20010ce0    00000024     app_pem4.oem4 (.const:ti_sysbios_heaps_HeapMem_Object__PARAMS__C)
                  20010d04    00000024     app_pem4.oem4 (.const:ti_sysbios_knl_Semaphore_Object__PARAMS__C)
                  20010d28    00000024     app_pem4.oem4 (.const:xdc_runtime_LoggerBuf_Object__PARAMS__C)
                  20010d4c    00000020     simplelink.a : driver.obj (.const:RxMsgClassLUT)
                  20010d6c    00000020     app_pem4.oem4 (.const:ti_sysbios_family_arm_m3_Hwi_Object__DESC__C)
                  20010d8c    00000020     app_pem4.oem4 (.const:ti_sysbios_gates_GateHwi_Object__DESC__C)
                  20010dac    00000020     app_pem4.oem4 (.const:ti_sysbios_gates_GateMutex_Object__DESC__C)
                  20010dcc    00000020     app_pem4.oem4 (.const:ti_sysbios_heaps_HeapMem_Object__DESC__C)
                  20010dec    00000020     app_pem4.oem4 (.const:ti_sysbios_knl_Mailbox_Object__DESC__C)
                  20010e0c    00000020     app_pem4.oem4 (.const:ti_sysbios_knl_Queue_Object__DESC__C)
                  20010e2c    00000020     app_pem4.oem4 (.const:ti_sysbios_knl_Semaphore_Object__DESC__C)
                  20010e4c    00000020     app_pem4.oem4 (.const:ti_sysbios_knl_Task_Object__DESC__C)
                  20010e6c    00000020     app_pem4.oem4 (.const:xdc_runtime_LoggerBuf_Object__DESC__C)
                  20010e8c    00000018     driverlib.a : interrupt.obj (.const:g_pulEnRegs)
                  20010ea4    00000018                 : interrupt.obj (.const:g_pulUnpendRegs)
                  20010ebc    00000018                 : spi.obj (.const:g_ulSPIDmaMaskMap)
                  20010ed4    00000018     app_pem4.oem4 (.const:ti_sysbios_gates_GateHwi_Object__PARAMS__C)
                  20010eec    00000018     app_pem4.oem4 (.const:ti_sysbios_gates_GateMutex_Object__PARAMS__C)
                  20010f04    00000018     app_pem4.oem4 (.const:ti_sysbios_knl_Queue_Object__PARAMS__C)
                  20010f1c    00000018     app_pem4.oem4 (.const:ti_sysbios_knl_Task_hooks__A)
                  20010f34    00000018     app_pem4.oem4 (.const:xdc_runtime_Startup_sfxnRts__A)
                  20010f4c    00000011     ti.targets.arm.rtsarm.aem4 : System.oem4 (.const:.string)
                  20010f5d    00000010     simplelink.a : socket.obj (.const:.string:_SlPayloadByProtocolLUT)
                  20010f6d    00000001     app_pem4.oem4 (.const:xdc_runtime_Error_policy__C)
                  20010f6e    00000002     app_pem4.oem4 (.const:ti_sysbios_family_arm_m3_Hwi_Module__id__C)
                  20010f70    00000010     driverlib.a : uart.obj (.const:g_ppulUARTIntMap)
                  20010f80    0000000c     app_pem4.oem4 (.const:xdc_runtime_Startup_firstFxns__A)
                  20010f8c    00000008     simplelink.a : device.obj (.const:.string:StartResponseLUT)
                  20010f94    00000008                  : driver.obj (.const:g_H2NCnysPattern)
                  20010f9c    00000008                  : driver.obj (.const:g_H2NSyncPattern)
                  20010fa4    00000008     app_pem4.oem4 (.const:ti_sysbios_family_arm_m3_Hwi_excHookFuncs__A)
                  20010fac    00000008     app_pem4.oem4 (.const:ti_sysbios_knl_Idle_funcList__A)
                  20010fb4    00000008     app_pem4.oem4 (.const:ti_sysbios_knl_Idle_funcList__C)
                  20010fbc    00000008     app_pem4.oem4 (.const:ti_sysbios_knl_Task_hooks__C)
                  20010fc4    00000008     app_pem4.oem4 (.const:xdc_runtime_Startup_firstFxns__C)
                  20010fcc    00000008     app_pem4.oem4 (.const:xdc_runtime_Startup_lastFxns__C)
                  20010fd4    00000004     simplelink.a : socket.obj (.const:$P$T0$1)
                  20010fd8    00000004                  : socket.obj (.const:_SlAcceptCmdCtrl)
                  20010fdc    00000004                  : socket.obj (.const:_SlListenCmdCtrl)
                  20010fe0    00000004                  : netapp.obj (.const:_SlNetAppSendTokenValueCmdCtrl)
                  20010fe4    00000004                  : netapp.obj (.const:_SlNetAppStartCtrl)
                  20010fe8    00000004                  : socket.obj (.const:_SlRecvCmdCtrl)
                  20010fec    00000004                  : socket.obj (.const:_SlSendCmdCtrl)
                  20010ff0    00000004                  : socket.obj (.const:_SlSetSockOptCmdCtrl)
                  20010ff4    00000004                  : socket.obj (.const:_SlSockCloseCmdCtrl)
                  20010ff8    00000004                  : socket.obj (.const:_SlSockSocketCmdCtrl)
                  20010ffc    00000004                  : device.obj (.const:_SlStopCmdCtrl)
                  20011000    00000004                  : wlan.obj (.const:_SlWlanCfgSetCmdCtrl)
                  20011004    00000004                  : wlan.obj (.const:_SlWlanSetModeCmdCtrl)
                  20011008    00000004     app_pem4.oem4 (.const:ti_sysbios_family_arm_m3_Hwi_E_NMI__C)
                  2001100c    00000004     app_pem4.oem4 (.const:ti_sysbios_family_arm_m3_Hwi_E_alreadyDefined__C)
                  20011010    00000004     app_pem4.oem4 (.const:ti_sysbios_family_arm_m3_Hwi_E_busFault__C)
                  20011014    00000004     app_pem4.oem4 (.const:ti_sysbios_family_arm_m3_Hwi_E_debugMon__C)
                  20011018    00000004     app_pem4.oem4 (.const:ti_sysbios_family_arm_m3_Hwi_E_hardFault__C)
                  2001101c    00000004     app_pem4.oem4 (.const:ti_sysbios_family_arm_m3_Hwi_E_memFault__C)
                  20011020    00000004     app_pem4.oem4 (.const:ti_sysbios_family_arm_m3_Hwi_E_noIsr__C)
                  20011024    00000004     app_pem4.oem4 (.const:ti_sysbios_family_arm_m3_Hwi_E_reserved__C)
                  20011028    00000004     app_pem4.oem4 (.const:ti_sysbios_family_arm_m3_Hwi_E_svCall__C)
                  2001102c    00000004     app_pem4.oem4 (.const:ti_sysbios_family_arm_m3_Hwi_E_usageFault__C)
                  20011030    00000004     app_pem4.oem4 (.const:ti_sysbios_family_arm_m3_Hwi_LD_end__C)
                  20011034    00000004     app_pem4.oem4 (.const:ti_sysbios_family_arm_m3_Hwi_LM_begin__C)
                  20011038    00000004     app_pem4.oem4 (.const:ti_sysbios_family_arm_m3_Hwi_Module__diagsEnabled__C)
                  2001103c    00000004     app_pem4.oem4 (.const:ti_sysbios_family_arm_m3_Hwi_Module__diagsIncluded__C)
                  20011040    00000004     app_pem4.oem4 (.const:ti_sysbios_family_arm_m3_Hwi_Module__diagsMask__C)
                  20011044    00000004     app_pem4.oem4 (.const:ti_sysbios_family_arm_m3_Hwi_Module__loggerFxn1__C)
                  20011048    00000004     app_pem4.oem4 (.const:ti_sysbios_family_arm_m3_Hwi_Module__loggerFxn8__C)
                  2001104c    00000004     app_pem4.oem4 (.const:ti_sysbios_family_arm_m3_Hwi_Module__loggerObj__C)
                  20011050    00000004     app_pem4.oem4 (.const:ti_sysbios_family_arm_m3_Hwi_NUM_INTERRUPTS__C)
                  20011054    00000004     app_pem4.oem4 (.const:ti_sysbios_family_arm_m3_Hwi_Object__count__C)
                  20011058    00000004     app_pem4.oem4 (.const:ti_sysbios_family_arm_m3_Hwi_ccr__C)
                  2001105c    00000004     app_pem4.oem4 (.const:ti_sysbios_family_arm_m3_Hwi_excHandlerFunc__C)
                  20011060    00000004     app_pem4.oem4 (.const:ti_sysbios_family_arm_m3_Hwi_excHookFuncs__C)
                  20011064    00000004     app_pem4.oem4 (.const:ti_sysbios_family_arm_m3_Hwi_nullIsrFunc__C)
                  20011068    00000004     app_pem4.oem4 (.const:ti_sysbios_family_arm_m3_Hwi_priGroup__C)
                  2001106c    00000004     app_pem4.oem4 (.const:ti_sysbios_family_arm_m3_TaskSupport_stackAlignment__C)
                  20011070    00000004     app_pem4.oem4 (.const:ti_sysbios_family_arm_m3_Timer_E_cannotSupport__C)
                  20011074    00000004     app_pem4.oem4 (.const:ti_sysbios_family_arm_m3_Timer_startupNeeded__C)
                  20011078    00000004     app_pem4.oem4 (.const:ti_sysbios_gates_GateMutex_A_badContext__C)
                  2001107c    00000004     app_pem4.oem4 (.const:ti_sysbios_gates_GateMutex_Instance_State_sem__O)
                  20011080    00000004     app_pem4.oem4 (.const:ti_sysbios_gates_GateMutex_Module__diagsEnabled__C)
                  20011084    00000004     app_pem4.oem4 (.const:ti_sysbios_gates_GateMutex_Module__diagsIncluded__C)
                  20011088    00000004     app_pem4.oem4 (.const:ti_sysbios_gates_GateMutex_Module__diagsMask__C)
                  2001108c    00000004     app_pem4.oem4 (.const:ti_sysbios_hal_Hwi_E_stackOverflow__C)
                  20011090    00000004     app_pem4.oem4 (.const:ti_sysbios_heaps_HeapMem_A_align__C)
                  20011094    00000004     app_pem4.oem4 (.const:ti_sysbios_heaps_HeapMem_A_heapSize__C)
                  20011098    00000004     app_pem4.oem4 (.const:ti_sysbios_heaps_HeapMem_A_invalidFree__C)
                  2001109c    00000004     app_pem4.oem4 (.const:ti_sysbios_heaps_HeapMem_A_zeroBlock__C)
                  200110a0    00000004     app_pem4.oem4 (.const:ti_sysbios_heaps_HeapMem_E_memory__C)
                  200110a4    00000004     app_pem4.oem4 (.const:ti_sysbios_heaps_HeapMem_Module__diagsEnabled__C)
                  200110a8    00000004     app_pem4.oem4 (.const:ti_sysbios_heaps_HeapMem_Module__diagsIncluded__C)
                  200110ac    00000004     app_pem4.oem4 (.const:ti_sysbios_heaps_HeapMem_Module__diagsMask__C)
                  200110b0    00000004     app_pem4.oem4 (.const:ti_sysbios_heaps_HeapMem_Module__gateObj__C)
                  200110b4    00000004     app_pem4.oem4 (.const:ti_sysbios_heaps_HeapMem_Object__count__C)
                  200110b8    00000004     app_pem4.oem4 (.const:ti_sysbios_heaps_HeapMem_reqAlign__C)
                  200110bc    00000004     app_pem4.oem4 (.const:ti_sysbios_knl_Clock_LM_begin__C)
                  200110c0    00000004     app_pem4.oem4 (.const:ti_sysbios_knl_Clock_LM_tick__C)
                  200110c4    00000004     app_pem4.oem4 (.const:ti_sysbios_knl_Clock_LW_delayed__C)
                  200110c8    00000004     app_pem4.oem4 (.const:ti_sysbios_knl_Clock_Module_State_clockQ__O)
                  200110cc    00000004     app_pem4.oem4 (.const:ti_sysbios_knl_Clock_Module__diagsEnabled__C)
                  200110d0    00000004     app_pem4.oem4 (.const:ti_sysbios_knl_Clock_Module__diagsIncluded__C)
                  200110d4    00000004     app_pem4.oem4 (.const:ti_sysbios_knl_Clock_Module__diagsMask__C)
                  200110d8    00000004     app_pem4.oem4 (.const:ti_sysbios_knl_Clock_Module__loggerFxn1__C)
                  200110dc    00000004     app_pem4.oem4 (.const:ti_sysbios_knl_Clock_Module__loggerFxn2__C)
                  200110e0    00000004     app_pem4.oem4 (.const:ti_sysbios_knl_Clock_Module__loggerObj__C)
                  200110e4    00000004     app_pem4.oem4 (.const:ti_sysbios_knl_Clock_tickPeriod__C)
                  200110e8    00000004     app_pem4.oem4 (.const:ti_sysbios_knl_Mailbox_A_invalidBufSize__C)
                  200110ec    00000004     app_pem4.oem4 (.const:ti_sysbios_knl_Mailbox_Instance_State_dataQue__O)
                  200110f0    00000004     app_pem4.oem4 (.const:ti_sysbios_knl_Mailbox_Instance_State_dataSem__O)
                  200110f4    00000004     app_pem4.oem4 (.const:ti_sysbios_knl_Mailbox_Instance_State_freeQue__O)
                  200110f8    00000004     app_pem4.oem4 (.const:ti_sysbios_knl_Mailbox_Instance_State_freeSem__O)
                  200110fc    00000004     app_pem4.oem4 (.const:ti_sysbios_knl_Mailbox_Module__diagsEnabled__C)
                  20011100    00000004     app_pem4.oem4 (.const:ti_sysbios_knl_Mailbox_Module__diagsIncluded__C)
                  20011104    00000004     app_pem4.oem4 (.const:ti_sysbios_knl_Mailbox_Module__diagsMask__C)
                  20011108    00000004     app_pem4.oem4 (.const:ti_sysbios_knl_Mailbox_Object__count__C)
                  2001110c    00000004     app_pem4.oem4 (.const:ti_sysbios_knl_Mailbox_maxTypeAlign__C)
                  20011110    00000004     app_pem4.oem4 (.const:ti_sysbios_knl_Semaphore_A_badContext__C)
                  20011114    00000004     app_pem4.oem4 (.const:ti_sysbios_knl_Semaphore_A_noEvents__C)
                  20011118    00000004     app_pem4.oem4 (.const:ti_sysbios_knl_Semaphore_A_overflow__C)
                  2001111c    00000004     app_pem4.oem4 (.const:ti_sysbios_knl_Semaphore_A_pendTaskDisabled__C)
                  20011120    00000004     app_pem4.oem4 (.const:ti_sysbios_knl_Semaphore_Instance_State_pendQ__O)
                  20011124    00000004     app_pem4.oem4 (.const:ti_sysbios_knl_Semaphore_LM_pend__C)
                  20011128    00000004     app_pem4.oem4 (.const:ti_sysbios_knl_Semaphore_LM_post__C)
                  2001112c    00000004     app_pem4.oem4 (.const:ti_sysbios_knl_Semaphore_Module__diagsEnabled__C)
                  20011130    00000004     app_pem4.oem4 (.const:ti_sysbios_knl_Semaphore_Module__diagsIncluded__C)
                  20011134    00000004     app_pem4.oem4 (.const:ti_sysbios_knl_Semaphore_Module__diagsMask__C)
                  20011138    00000004     app_pem4.oem4 (.const:ti_sysbios_knl_Semaphore_Module__loggerFxn2__C)
                  2001113c    00000004     app_pem4.oem4 (.const:ti_sysbios_knl_Semaphore_Module__loggerFxn4__C)
                  20011140    00000004     app_pem4.oem4 (.const:ti_sysbios_knl_Semaphore_Module__loggerObj__C)
                  20011144    00000004     app_pem4.oem4 (.const:ti_sysbios_knl_Swi_LD_end__C)
                  20011148    00000004     app_pem4.oem4 (.const:ti_sysbios_knl_Swi_LM_begin__C)
                  2001114c    00000004     app_pem4.oem4 (.const:ti_sysbios_knl_Swi_LM_post__C)
                  20011150    00000004     app_pem4.oem4 (.const:ti_sysbios_knl_Swi_Module__diagsEnabled__C)
                  20011154    00000004     app_pem4.oem4 (.const:ti_sysbios_knl_Swi_Module__diagsIncluded__C)
                  20011158    00000004     app_pem4.oem4 (.const:ti_sysbios_knl_Swi_Module__diagsMask__C)
                  2001115c    00000004     app_pem4.oem4 (.const:ti_sysbios_knl_Swi_Module__loggerFxn1__C)
                  20011160    00000004     app_pem4.oem4 (.const:ti_sysbios_knl_Swi_Module__loggerFxn4__C)
                  20011164    00000004     app_pem4.oem4 (.const:ti_sysbios_knl_Swi_Module__loggerObj__C)
                  20011168    00000004     app_pem4.oem4 (.const:ti_sysbios_knl_Swi_Object__count__C)
                  2001116c    00000004     app_pem4.oem4 (.const:ti_sysbios_knl_Task_A_badPriority__C)
                  20011170    00000004     app_pem4.oem4 (.const:ti_sysbios_knl_Task_A_badTaskState__C)
                  20011174    00000004     app_pem4.oem4 (.const:ti_sysbios_knl_Task_A_badThreadType__C)
                  20011178    00000004     app_pem4.oem4 (.const:ti_sysbios_knl_Task_A_badTimeout__C)
                  2001117c    00000004     app_pem4.oem4 (.const:ti_sysbios_knl_Task_A_noPendElem__C)
                  20011180    00000004     app_pem4.oem4 (.const:ti_sysbios_knl_Task_A_sleepTaskDisabled__C)
                  20011184    00000004     app_pem4.oem4 (.const:ti_sysbios_knl_Task_E_spOutOfBounds__C)
                  20011188    00000004     app_pem4.oem4 (.const:ti_sysbios_knl_Task_E_stackOverflow__C)
                  2001118c    00000004     app_pem4.oem4 (.const:ti_sysbios_knl_Task_LD_block__C)
                  20011190    00000004     app_pem4.oem4 (.const:ti_sysbios_knl_Task_LD_exit__C)
                  20011194    00000004     app_pem4.oem4 (.const:ti_sysbios_knl_Task_LD_ready__C)
                  20011198    00000004     app_pem4.oem4 (.const:ti_sysbios_knl_Task_LM_sleep__C)
                  2001119c    00000004     app_pem4.oem4 (.const:ti_sysbios_knl_Task_LM_switch__C)
                  200111a0    00000004     app_pem4.oem4 (.const:ti_sysbios_knl_Task_LM_yield__C)
                  200111a4    00000004     app_pem4.oem4 (.const:ti_sysbios_knl_Task_Module_State_inactiveQ__O)
                  200111a8    00000004     app_pem4.oem4 (.const:ti_sysbios_knl_Task_Module__diagsEnabled__C)
                  200111ac    00000004     app_pem4.oem4 (.const:ti_sysbios_knl_Task_Module__diagsIncluded__C)
                  200111b0    00000004     app_pem4.oem4 (.const:ti_sysbios_knl_Task_Module__diagsMask__C)
                  200111b4    00000004     app_pem4.oem4 (.const:ti_sysbios_knl_Task_Module__loggerFxn2__C)
                  200111b8    00000004     app_pem4.oem4 (.const:ti_sysbios_knl_Task_Module__loggerFxn4__C)
                  200111bc    00000004     app_pem4.oem4 (.const:ti_sysbios_knl_Task_Module__loggerObj__C)
                  200111c0    00000004     app_pem4.oem4 (.const:ti_sysbios_knl_Task_Object__count__C)
                  200111c4    00000004     app_pem4.oem4 (.const:ti_sysbios_knl_Task_Object__heap__C)
                  200111c8    00000004     app_pem4.oem4 (.const:ti_sysbios_knl_Task_allBlockedFunc__C)
                  200111cc    00000004     app_pem4.oem4 (.const:ti_sysbios_knl_Task_defaultStackHeap__C)
                  200111d0    00000004     app_pem4.oem4 (.const:ti_sysbios_knl_Task_defaultStackSize__C)
                  200111d4    00000004     app_pem4.oem4 (.const:ti_sysbios_knl_Task_numConstructedTasks__C)
                  200111d8    00000004     app_pem4.oem4 (.const:ti_sysbios_utils_Load_LS_cpuLoad__C)
                  200111dc    00000004     app_pem4.oem4 (.const:ti_sysbios_utils_Load_LS_hwiLoad__C)
                  200111e0    00000004     app_pem4.oem4 (.const:ti_sysbios_utils_Load_LS_taskLoad__C)
                  200111e4    00000004     app_pem4.oem4 (.const:ti_sysbios_utils_Load_Module_State_taskList__O)
                  200111e8    00000004     app_pem4.oem4 (.const:ti_sysbios_utils_Load_Module__diagsEnabled__C)
                  200111ec    00000004     app_pem4.oem4 (.const:ti_sysbios_utils_Load_Module__diagsIncluded__C)
                  200111f0    00000004     app_pem4.oem4 (.const:ti_sysbios_utils_Load_Module__diagsMask__C)
                  200111f4    00000004     app_pem4.oem4 (.const:ti_sysbios_utils_Load_Module__loggerFxn1__C)
                  200111f8    00000004     app_pem4.oem4 (.const:ti_sysbios_utils_Load_Module__loggerFxn2__C)
                  200111fc    00000004     app_pem4.oem4 (.const:ti_sysbios_utils_Load_Module__loggerFxn4__C)
                  20011200    00000004     app_pem4.oem4 (.const:ti_sysbios_utils_Load_Module__loggerObj__C)
                  20011204    00000004     app_pem4.oem4 (.const:ti_sysbios_utils_Load_postUpdate__C)
                  20011208    00000004     app_pem4.oem4 (.const:ti_sysbios_utils_Load_windowInMs__C)
                  2001120c    00000004     app_pem4.oem4 (.const:xdc_runtime_Assert_E_assertFailed__C)
                  20011210    00000004     app_pem4.oem4 (.const:xdc_runtime_Core_A_initializedParams__C)
                  20011214    00000004     app_pem4.oem4 (.const:xdc_runtime_Core_Module__diagsEnabled__C)
                  20011218    00000004     app_pem4.oem4 (.const:xdc_runtime_Core_Module__diagsIncluded__C)
                  2001121c    00000004     app_pem4.oem4 (.const:xdc_runtime_Core_Module__diagsMask__C)
                  20011220    00000004     app_pem4.oem4 (.const:xdc_runtime_Error_E_memory__C)
                  20011224    00000004     app_pem4.oem4 (.const:xdc_runtime_Error_Module__diagsEnabled__C)
                  20011228    00000004     app_pem4.oem4 (.const:xdc_runtime_Error_Module__diagsIncluded__C)
                  2001122c    00000004     app_pem4.oem4 (.const:xdc_runtime_Error_Module__diagsMask__C)
                  20011230    00000004     app_pem4.oem4 (.const:xdc_runtime_Error_Module__loggerFxn8__C)
                  20011234    00000004     app_pem4.oem4 (.const:xdc_runtime_Error_Module__loggerObj__C)
                  20011238    00000004     app_pem4.oem4 (.const:xdc_runtime_Error_policyFxn__C)
                  2001123c    00000004     app_pem4.oem4 (.const:xdc_runtime_Error_raiseHook__C)
                  20011240    00000004     app_pem4.oem4 (.const:xdc_runtime_IFilterLogger_Interface__BASE__C)
                  20011244    00000004     app_pem4.oem4 (.const:xdc_runtime_IGateProvider_Interface__BASE__C)
                  20011248    00000004     app_pem4.oem4 (.const:xdc_runtime_IHeap_Interface__BASE__C)
                  2001124c    00000004     app_pem4.oem4 (.const:xdc_runtime_ILogger_Interface__BASE__C)
                  20011250    00000004     app_pem4.oem4 (.const:xdc_runtime_IModule_Interface__BASE__C)
                  20011254    00000004     app_pem4.oem4 (.const:xdc_runtime_Log_L_error__C)
                  20011258    00000004     app_pem4.oem4 (.const:xdc_runtime_LoggerBuf_E_badLevel__C)
                  2001125c    00000004     app_pem4.oem4 (.const:xdc_runtime_LoggerBuf_Module__gateObj__C)
                  20011260    00000004     app_pem4.oem4 (.const:xdc_runtime_LoggerBuf_Object__count__C)
                  20011264    00000004     app_pem4.oem4 (.const:xdc_runtime_LoggerBuf_statusLogger__C)
                  20011268    00000004     app_pem4.oem4 (.const:xdc_runtime_Memory_defaultHeapInstance__C)
                  2001126c    00000004     app_pem4.oem4 (.const:xdc_runtime_Startup_execImpl__C)
                  20011270    00000004     app_pem4.oem4 (.const:xdc_runtime_Startup_maxPasses__C)
                  20011274    00000004     app_pem4.oem4 (.const:xdc_runtime_Startup_sfxnRts__C)
                  20011278    00000004     app_pem4.oem4 (.const:xdc_runtime_Startup_sfxnTab__C)
                  2001127c    00000004     app_pem4.oem4 (.const:xdc_runtime_SysMin_bufSize__C)
                  20011280    00000004     app_pem4.oem4 (.const:xdc_runtime_SysMin_outputFunc__C)
                  20011284    00000004     app_pem4.oem4 (.const:xdc_runtime_System_Module__gateObj__C)
                  20011288    00000004     app_pem4.oem4 (.const:xdc_runtime_System_abortFxn__C)
                  2001128c    00000004     app_pem4.oem4 (.const:xdc_runtime_System_exitFxn__C)
                  20011290    00000004     app_pem4.oem4 (.const:xdc_runtime_System_extendFxn__C)
                  20011294    00000004     app_pem4.oem4 (.const:xdc_runtime_System_maxAtexitHandlers__C)
                  20011298    00000004     app_pem4.oem4 (.const:xdc_runtime_Text_charTab__C)
                  2001129c    00000004     app_pem4.oem4 (.const:xdc_runtime_Text_nameEmpty__C)
                  200112a0    00000004     app_pem4.oem4 (.const:xdc_runtime_Text_nameStatic__C)
                  200112a4    00000004     app_pem4.oem4 (.const:xdc_runtime_Text_nameUnknown__C)
                  200112a8    00000004     app_pem4.oem4 (.const:xdc_runtime_Text_nodeTab__C)
                  200112ac    00000004     app_pem4.oem4 (.const:xdc_runtime_Text_visitRopeFxn__C)
                  200112b0    00000002     app_pem4.oem4 (.const:ti_sysbios_family_arm_m3_Hwi_Module__loggerDefined__C)
                  200112b2    00000002     app_pem4.oem4 (.const:ti_sysbios_family_arm_m3_Timer_Module__id__C)
                  200112b4    00000002     app_pem4.oem4 (.const:ti_sysbios_family_arm_m3_TimestampProvider_configTimer__C)
                  200112b6    00000002     app_pem4.oem4 (.const:ti_sysbios_gates_GateMutex_Module__id__C)
                  200112b8    00000002     app_pem4.oem4 (.const:ti_sysbios_hal_Hwi_Module__id__C)
                  200112ba    00000002     app_pem4.oem4 (.const:ti_sysbios_heaps_HeapMem_Module__id__C)
                  200112bc    00000002     app_pem4.oem4 (.const:ti_sysbios_knl_Clock_Module__id__C)
                  200112be    00000002     app_pem4.oem4 (.const:ti_sysbios_knl_Clock_Module__loggerDefined__C)
                  200112c0    00000002     app_pem4.oem4 (.const:ti_sysbios_knl_Mailbox_Module__id__C)
                  200112c2    00000002     app_pem4.oem4 (.const:ti_sysbios_knl_Semaphore_Module__id__C)
                  200112c4    00000002     app_pem4.oem4 (.const:ti_sysbios_knl_Semaphore_Module__loggerDefined__C)
                  200112c6    00000002     app_pem4.oem4 (.const:ti_sysbios_knl_Swi_Module__id__C)
                  200112c8    00000002     app_pem4.oem4 (.const:ti_sysbios_knl_Swi_Module__loggerDefined__C)
                  200112ca    00000002     app_pem4.oem4 (.const:ti_sysbios_knl_Task_Module__id__C)
                  200112cc    00000002     app_pem4.oem4 (.const:ti_sysbios_knl_Task_Module__loggerDefined__C)
                  200112ce    00000002     app_pem4.oem4 (.const:ti_sysbios_knl_Task_initStackFlag__C)
                  200112d0    00000002     app_pem4.oem4 (.const:ti_sysbios_utils_Load_Module__id__C)
                  200112d2    00000002     app_pem4.oem4 (.const:ti_sysbios_utils_Load_Module__loggerDefined__C)
                  200112d4    00000002     app_pem4.oem4 (.const:ti_sysbios_utils_Load_autoAddTasks__C)
                  200112d6    00000002     app_pem4.oem4 (.const:ti_sysbios_utils_Load_hwiEnabled__C)
                  200112d8    00000002     app_pem4.oem4 (.const:ti_sysbios_utils_Load_updateInIdle__C)
                  200112da    00000002     app_pem4.oem4 (.const:xdc_runtime_Core_Module__id__C)
                  200112dc    00000002     app_pem4.oem4 (.const:xdc_runtime_Error_Module__loggerDefined__C)
                  200112de    00000002     app_pem4.oem4 (.const:xdc_runtime_Error_maxDepth__C)
                  200112e0    00000002     app_pem4.oem4 (.const:xdc_runtime_LoggerBuf_Module__id__C)
                  200112e2    00000002     app_pem4.oem4 (.const:xdc_runtime_LoggerBuf_filterByLevel__C)
                  200112e4    00000002     app_pem4.oem4 (.const:xdc_runtime_Memory_Module__id__C)
                  200112e6    00000002     app_pem4.oem4 (.const:xdc_runtime_SysMin_flushAtExit__C)
                  200112e8    00000002     app_pem4.oem4 (.const:xdc_runtime_Text_charCnt__C)
                  200112ea    00000002     app_pem4.oem4 (.const:xdc_runtime_Text_isLoaded__C)
                  200112ec    00000002     app_pem4.oem4 (.const:xdc_runtime_Text_registryModsLastId__C)
                  200112ee    00000002     app_pem4.oem4 (.const:xdc_runtime_Text_unnamedModsLastId__C)

.cinit     0    200112f0    000001f8     
                  200112f0    000001d4     (.cinit..data.load) [load image, compression = lzss]
                  200114c4    0000000c     (__TI_handler_table)
                  200114d0    00000008     (.cinit..bss.load) [load image, compression = zero_init]
                  200114d8    00000010     (__TI_cinit_table)

.bss       0    20017000    00009729     UNINITIALIZED
                  20017000    00008000     (.common:ti_sysbios_heaps_HeapMem_Instance_State_0_buf__A)
                  2001f000    00000800     app_pem4.oem4 (.bss:taskStackSection)
                  2001f800    00000400     (.common:xdc_runtime_LoggerBuf_Instance_State_0_entryArr__A)
                  2001fc00    00000400     (.common:xdc_runtime_SysMin_Module_State_0_outbuf__A)
                  20020000    0000030c     (.common:ti_sysbios_family_arm_m3_Hwi_dispatchTable)
                  2002030c    00000178     (.common:g_StatMem)
                  20020484    00000120     rtsv7M4_T_le_eabi.lib : trgmsg.obj (.bss:_CIOBUF_)
                  200205a4    00000108     (.common:_rxBuffers)
                  200206ac    00000050     (.common:g_ucDinDout)
                  200206fc    00000008                           : trgdrv.obj (.bss:parmbuf)
                  20020704    00000004     (.common:DMAMsgQ)
                  20020708    00000004     (.common:SimpleLinkSpawnTaskHndl)
                  2002070c    00000004     (.common:_activityTick)
                  20020710    00000004     (.common:_bufferSwitch)
                  20020714    00000004     (.common:_clientSocket)
                  20020718    00000004     (.common:_socketTaskHandle)
                  2002071c    00000004     (.common:g_cDummy)
                  20020720    00000004     (.common:simpleLink_mailbox)
                  20020724    00000004     (.common:ti_sysbios_knl_Task_Instance_State_0_hookEnv__A)
                  20020728    00000001     (.common:RxIrqCnt)

.data      0    2002072c    000004b8     UNINITIALIZED
                  2002072c    00000098     app_pem4.oem4 (.data:ti_sysbios_utils_Load_Module__state__V)
                  200207c4    00000080     app_pem4.oem4 (.data:ti_sysbios_knl_Swi_Module_State_0_readyQ__A)
                  20020844    00000080     app_pem4.oem4 (.data:ti_sysbios_knl_Task_Module_State_0_readyQ__A)
                  200208c4    0000004c     app_pem4.oem4 (.data:ti_sysbios_knl_Task_Object__table__V)
                  20020910    00000044     app_pem4.oem4 (.data:ti_sysbios_knl_Task_Module__state__V)
                  20020954    00000038     app_pem4.oem4 (.data:ti_sysbios_gates_GateMutex_Object__table__V)
[...]
2001103c  ti_sysbios_family_arm_m3_Hwi_Module__diagsIncluded__C       
20011040  ti_sysbios_family_arm_m3_Hwi_Module__diagsMask__C           
20011044  ti_sysbios_family_arm_m3_Hwi_Module__loggerFxn1__C          
20011048  ti_sysbios_family_arm_m3_Hwi_Module__loggerFxn8__C          
2001104c  ti_sysbios_family_arm_m3_Hwi_Module__loggerObj__C           
20011050  ti_sysbios_family_arm_m3_Hwi_NUM_INTERRUPTS__C              
20011054  ti_sysbios_family_arm_m3_Hwi_Object__count__C               
20011058  ti_sysbios_family_arm_m3_Hwi_ccr__C                         
2001105c  ti_sysbios_family_arm_m3_Hwi_excHandlerFunc__C              
20011060  ti_sysbios_family_arm_m3_Hwi_excHookFuncs__C                
20011064  ti_sysbios_family_arm_m3_Hwi_nullIsrFunc__C                 
20011068  ti_sysbios_family_arm_m3_Hwi_priGroup__C                    
2001106c  ti_sysbios_family_arm_m3_TaskSupport_stackAlignment__C      
20011070  ti_sysbios_family_arm_m3_Timer_E_cannotSupport__C           
20011074  ti_sysbios_family_arm_m3_Timer_startupNeeded__C             
20011078  ti_sysbios_gates_GateMutex_A_badContext__C                  
2001107c  ti_sysbios_gates_GateMutex_Instance_State_sem__O            
20011080  ti_sysbios_gates_GateMutex_Module__diagsEnabled__C          
20011084  ti_sysbios_gates_GateMutex_Module__diagsIncluded__C         
20011088  ti_sysbios_gates_GateMutex_Module__diagsMask__C             
2001108c  ti_sysbios_hal_Hwi_E_stackOverflow__C                       
20011090  ti_sysbios_heaps_HeapMem_A_align__C                         
20011094  ti_sysbios_heaps_HeapMem_A_heapSize__C                      
20011098  ti_sysbios_heaps_HeapMem_A_invalidFree__C                   
2001109c  ti_sysbios_heaps_HeapMem_A_zeroBlock__C                     
200110a0  ti_sysbios_heaps_HeapMem_E_memory__C                        
200110a4  ti_sysbios_heaps_HeapMem_Module__diagsEnabled__C            
200110a8  ti_sysbios_heaps_HeapMem_Module__diagsIncluded__C           
200110ac  ti_sysbios_heaps_HeapMem_Module__diagsMask__C               
200110b0  ti_sysbios_heaps_HeapMem_Module__gateObj__C                 
200110b4  ti_sysbios_heaps_HeapMem_Object__count__C                   
200110b8  ti_sysbios_heaps_HeapMem_reqAlign__C                        
200110bc  ti_sysbios_knl_Clock_LM_begin__C                            
200110c0  ti_sysbios_knl_Clock_LM_tick__C                             
200110c4  ti_sysbios_knl_Clock_LW_delayed__C                          
200110c8  ti_sysbios_knl_Clock_Module_State_clockQ__O                 
200110cc  ti_sysbios_knl_Clock_Module__diagsEnabled__C                
200110d0  ti_sysbios_knl_Clock_Module__diagsIncluded__C               
200110d4  ti_sysbios_knl_Clock_Module__diagsMask__C                   
200110d8  ti_sysbios_knl_Clock_Module__loggerFxn1__C                  
200110dc  ti_sysbios_knl_Clock_Module__loggerFxn2__C                  
200110e0  ti_sysbios_knl_Clock_Module__loggerObj__C                   
200110e4  ti_sysbios_knl_Clock_tickPeriod__C                          
200110e8  ti_sysbios_knl_Mailbox_A_invalidBufSize__C                  
200110ec  ti_sysbios_knl_Mailbox_Instance_State_dataQue__O            
200110f0  ti_sysbios_knl_Mailbox_Instance_State_dataSem__O            
200110f4  ti_sysbios_knl_Mailbox_Instance_State_freeQue__O            
200110f8  ti_sysbios_knl_Mailbox_Instance_State_freeSem__O            
200110fc  ti_sysbios_knl_Mailbox_Module__diagsEnabled__C              
20011100  ti_sysbios_knl_Mailbox_Module__diagsIncluded__C             
20011104  ti_sysbios_knl_Mailbox_Module__diagsMask__C                 
20011108  ti_sysbios_knl_Mailbox_Object__count__C                     
2001110c  ti_sysbios_knl_Mailbox_maxTypeAlign__C                      
20011110  ti_sysbios_knl_Semaphore_A_badContext__C                    
20011114  ti_sysbios_knl_Semaphore_A_noEvents__C                      
20011118  ti_sysbios_knl_Semaphore_A_overflow__C                      
2001111c  ti_sysbios_knl_Semaphore_A_pendTaskDisabled__C              
20011120  ti_sysbios_knl_Semaphore_Instance_State_pendQ__O            
20011124  ti_sysbios_knl_Semaphore_LM_pend__C                         
20011128  ti_sysbios_knl_Semaphore_LM_post__C                         
2001112c  ti_sysbios_knl_Semaphore_Module__diagsEnabled__C            
20011130  ti_sysbios_knl_Semaphore_Module__diagsIncluded__C           
20011134  ti_sysbios_knl_Semaphore_Module__diagsMask__C               
20011138  ti_sysbios_knl_Semaphore_Module__loggerFxn2__C              
2001113c  ti_sysbios_knl_Semaphore_Module__loggerFxn4__C              
20011140  ti_sysbios_knl_Semaphore_Module__loggerObj__C               
20011144  ti_sysbios_knl_Swi_LD_end__C                                
20011148  ti_sysbios_knl_Swi_LM_begin__C                              
2001114c  ti_sysbios_knl_Swi_LM_post__C                               
20011150  ti_sysbios_knl_Swi_Module__diagsEnabled__C                  
20011154  ti_sysbios_knl_Swi_Module__diagsIncluded__C                 
20011158  ti_sysbios_knl_Swi_Module__diagsMask__C                     
2001115c  ti_sysbios_knl_Swi_Module__loggerFxn1__C                    
20011160  ti_sysbios_knl_Swi_Module__loggerFxn4__C                    
20011164  ti_sysbios_knl_Swi_Module__loggerObj__C                     
20011168  ti_sysbios_knl_Swi_Object__count__C                         
2001116c  ti_sysbios_knl_Task_A_badPriority__C                        
20011170  ti_sysbios_knl_Task_A_badTaskState__C                       
20011174  ti_sysbios_knl_Task_A_badThreadType__C                      
20011178  ti_sysbios_knl_Task_A_badTimeout__C                         
2001117c  ti_sysbios_knl_Task_A_noPendElem__C                         
20011180  ti_sysbios_knl_Task_A_sleepTaskDisabled__C                  
20011184  ti_sysbios_knl_Task_E_spOutOfBounds__C                      
20011188  ti_sysbios_knl_Task_E_stackOverflow__C                      
2001118c  ti_sysbios_knl_Task_LD_block__C                             
20011190  ti_sysbios_knl_Task_LD_exit__C                              
20011194  ti_sysbios_knl_Task_LD_ready__C                             
20011198  ti_sysbios_knl_Task_LM_sleep__C                             
2001119c  ti_sysbios_knl_Task_LM_switch__C                            
200111a0  ti_sysbios_knl_Task_LM_yield__C                             
200111a4  ti_sysbios_knl_Task_Module_State_inactiveQ__O               
200111a8  ti_sysbios_knl_Task_Module__diagsEnabled__C                 
200111ac  ti_sysbios_knl_Task_Module__diagsIncluded__C                
200111b0  ti_sysbios_knl_Task_Module__diagsMask__C                    
200111b4  ti_sysbios_knl_Task_Module__loggerFxn2__C                   
200111b8  ti_sysbios_knl_Task_Module__loggerFxn4__C                   
200111bc  ti_sysbios_knl_Task_Module__loggerObj__C                    
200111c0  ti_sysbios_knl_Task_Object__count__C                        
200111c4  ti_sysbios_knl_Task_Object__heap__C                         
200111c8  ti_sysbios_knl_Task_allBlockedFunc__C                       
200111cc  ti_sysbios_knl_Task_defaultStackHeap__C                     
200111d0  ti_sysbios_knl_Task_defaultStackSize__C                     
200111d4  ti_sysbios_knl_Task_numConstructedTasks__C                  
200111d8  ti_sysbios_utils_Load_LS_cpuLoad__C                         
200111dc  ti_sysbios_utils_Load_LS_hwiLoad__C                         
200111e0  ti_sysbios_utils_Load_LS_taskLoad__C                        
200111e4  ti_sysbios_utils_Load_Module_State_taskList__O              
200111e8  ti_sysbios_utils_Load_Module__diagsEnabled__C               
200111ec  ti_sysbios_utils_Load_Module__diagsIncluded__C              
200111f0  ti_sysbios_utils_Load_Module__diagsMask__C                  
200111f4  ti_sysbios_utils_Load_Module__loggerFxn1__C                 
200111f8  ti_sysbios_utils_Load_Module__loggerFxn2__C                 
200111fc  ti_sysbios_utils_Load_Module__loggerFxn4__C                 
20011200  ti_sysbios_utils_Load_Module__loggerObj__C                  
20011204  ti_sysbios_utils_Load_postUpdate__C                         
20011208  ti_sysbios_utils_Load_windowInMs__C                         
2001120c  xdc_runtime_Assert_E_assertFailed__C                        
20011210  xdc_runtime_Core_A_initializedParams__C                     
20011214  xdc_runtime_Core_Module__diagsEnabled__C                    
20011218  xdc_runtime_Core_Module__diagsIncluded__C                   
2001121c  xdc_runtime_Core_Module__diagsMask__C                       
20011220  xdc_runtime_Error_E_memory__C                               
20011224  xdc_runtime_Error_Module__diagsEnabled__C                   
20011228  xdc_runtime_Error_Module__diagsIncluded__C                  
2001122c  xdc_runtime_Error_Module__diagsMask__C                      
20011230  xdc_runtime_Error_Module__loggerFxn8__C                     
20011234  xdc_runtime_Error_Module__loggerObj__C                      
20011238  xdc_runtime_Error_policyFxn__C                              
2001123c  xdc_runtime_Error_raiseHook__C                              
20011240  xdc_runtime_IFilterLogger_Interface__BASE__C                
20011244  xdc_runtime_IGateProvider_Interface__BASE__C                
20011248  xdc_runtime_IHeap_Interface__BASE__C                        
2001124c  xdc_runtime_ILogger_Interface__BASE__C                      
20011250  xdc_runtime_IModule_Interface__BASE__C                      
20011254  xdc_runtime_Log_L_error__C                                  
20011258  xdc_runtime_LoggerBuf_E_badLevel__C                         
2001125c  xdc_runtime_LoggerBuf_Module__gateObj__C                    
20011260  xdc_runtime_LoggerBuf_Object__count__C                      
20011264  xdc_runtime_LoggerBuf_statusLogger__C                       
20011268  xdc_runtime_Memory_defaultHeapInstance__C                   
2001126c  xdc_runtime_Startup_execImpl__C                             
20011270  xdc_runtime_Startup_maxPasses__C                            
20011274  xdc_runtime_Startup_sfxnRts__C                              
20011278  xdc_runtime_Startup_sfxnTab__C                              
2001127c  xdc_runtime_SysMin_bufSize__C                               
20011280  xdc_runtime_SysMin_outputFunc__C                            
20011284  xdc_runtime_System_Module__gateObj__C                       
20011288  xdc_runtime_System_abortFxn__C                              
2001128c  xdc_runtime_System_exitFxn__C                               
20011290  xdc_runtime_System_extendFxn__C                             
20011294  xdc_runtime_System_maxAtexitHandlers__C                     
20011298  xdc_runtime_Text_charTab__C                                 
2001129c  xdc_runtime_Text_nameEmpty__C                               
200112a0  xdc_runtime_Text_nameStatic__C                              
200112a4  xdc_runtime_Text_nameUnknown__C                             
200112a8  xdc_runtime_Text_nodeTab__C                                 
200112ac  xdc_runtime_Text_visitRopeFxn__C                            
200112b0  ti_sysbios_family_arm_m3_Hwi_Module__loggerDefined__C       
200112b2  ti_sysbios_family_arm_m3_Timer_Module__id__C                
200112b4  ti_sysbios_family_arm_m3_TimestampProvider_configTimer__C   
200112b6  ti_sysbios_gates_GateMutex_Module__id__C                    
200112b8  ti_sysbios_hal_Hwi_Module__id__C                            
200112ba  ti_sysbios_heaps_HeapMem_Module__id__C                      
200112bc  ti_sysbios_knl_Clock_Module__id__C                          
200112be  ti_sysbios_knl_Clock_Module__loggerDefined__C               
200112c0  ti_sysbios_knl_Mailbox_Module__id__C                        
200112c2  ti_sysbios_knl_Semaphore_Module__id__C                      
200112c4  ti_sysbios_knl_Semaphore_Module__loggerDefined__C           
200112c6  ti_sysbios_knl_Swi_Module__id__C                            
200112c8  ti_sysbios_knl_Swi_Module__loggerDefined__C                 
200112ca  ti_sysbios_knl_Task_Module__id__C                           
200112cc  ti_sysbios_knl_Task_Module__loggerDefined__C                
200112ce  ti_sysbios_knl_Task_initStackFlag__C                        
200112d0  ti_sysbios_utils_Load_Module__id__C                         
200112d2  ti_sysbios_utils_Load_Module__loggerDefined__C              
200112d4  ti_sysbios_utils_Load_autoAddTasks__C                       
200112d6  ti_sysbios_utils_Load_hwiEnabled__C                         
200112d8  ti_sysbios_utils_Load_updateInIdle__C                       
200112da  xdc_runtime_Core_Module__id__C                              
200112dc  xdc_runtime_Error_Module__loggerDefined__C                  
200112de  xdc_runtime_Error_maxDepth__C                               
200112e0  xdc_runtime_LoggerBuf_Module__id__C                         
200112e2  xdc_runtime_LoggerBuf_filterByLevel__C                      
200112e4  xdc_runtime_Memory_Module__id__C                            
200112e6  xdc_runtime_SysMin_flushAtExit__C                           
200112e8  xdc_runtime_Text_charCnt__C                                 
200112ea  xdc_runtime_Text_isLoaded__C                                
200112ec  xdc_runtime_Text_registryModsLastId__C                      
200112ee  xdc_runtime_Text_unnamedModsLastId__C                       
200112f0  __TI_static_base__                                          
200114c4  __TI_Handler_Table_Base                                     
200114d0  __TI_Handler_Table_Limit                                    
200114d8  __TI_CINIT_Base                                             
200114e8  __TI_CINIT_Limit                                            
20017000  ti_sysbios_heaps_HeapMem_Instance_State_0_buf__A            
2001f000  ti_sysbios_knl_Task_Instance_State_0_stack__A               
2001f800  xdc_runtime_LoggerBuf_Instance_State_0_entryArr__A          
2001fc00  xdc_runtime_SysMin_Module_State_0_outbuf__A                 
20020000  ti_sysbios_family_arm_m3_Hwi_dispatchTable                  
2002030c  g_StatMem                                                   
20020484  __CIOBUF_                                                   
200205a4  _rxBuffers                                                  
200206ac  g_ucDinDout                                                 
20020704  DMAMsgQ                                                     
20020708  SimpleLinkSpawnTaskHndl                                     
2002070c  _activityTick                                               
20020710  _bufferSwitch                                               
20020714  _clientSocket                                               
20020718  _socketTaskHandle                                           
2002071c  g_cDummy                                                    
20020720  simpleLink_mailbox                                          
20020724  ti_sysbios_knl_Task_Instance_State_0_hookEnv__A             
20020728  RxIrqCnt                                                    
2002072c  ti_sysbios_utils_Load_Module__state__V                      
200207c4  ti_sysbios_knl_Swi_Module_State_0_readyQ__A                 
20020844  ti_sysbios_knl_Task_Module_State_0_readyQ__A                
200208c4  TSK_idle                                                    
200208c4  ti_sysbios_knl_Task_Object__table__V                        
20020910  ti_sysbios_knl_Task_Module__state__V                        
20020954  ti_sysbios_gates_GateMutex_Object__table__V                 
2002098c  ti_sysbios_family_arm_m3_Hwi_Module__state__V               
200209c0  ti_sysbios_family_arm_m3_Timer_Object__table__V             
200209f0  ti_sysbios_knl_Swi_Object__table__V                         
20020a20  ti_sysbios_knl_Clock_Module__state__V                       
20020a4c  ti_sysbios_BIOS_Module__state__V                            
20020a70  xdc_runtime_LoggerBuf_Object__table__V                      
20020a94  ti_sysbios_knl_Swi_Module__state__V                         
20020ab0  ti_sysbios_utils_Load_Module_State_0_taskEnv__A             
20020acc  ti_sysbios_family_arm_m3_Hwi_Object__table__V               
20020ae4  ti_sysbios_heaps_HeapMem_Object__table__V                   
20020afc  xdc_runtime_System_Module_State_0_atexitHandlers__A         
20020b0c  __TI_cleanup_ptr                                            
20020b10  __TI_dtors_ptr                                              
20020b14  __TI_enable_exit_profile_output                             
20020b18  ti_sysbios_family_arm_m3_Timer_Module__state__V             
20020b24  xdc_runtime_SysMin_Module__state__V                         
20020b30  g_SpiFd                                                     
20020b34  g_pHostIntHdl                                               
20020b38  g_ucDMAEnabled                                              
20020b39  _apState                                                    
20020b3a  _socketState                                                
20020b3c  g_pCB                                                       
20020b40  pPingCallBackFunc                                           
20020b44  gFirstCmdMode                                               
20020b46  ti_sysbios_family_arm_m3_Hwi_Module_State_0_excActive__A    
20020b48  _lock                                                       
20020b4c  _unlock                                                     
20020b58  ti_sysbios_family_arm_m3_Hwi_Module__root__V                
20020b60  ti_sysbios_gates_GateHwi_Module__root__V                    
20020b68  ti_sysbios_gates_GateMutex_Module__root__V                  
20020b70  ti_sysbios_heaps_HeapMem_Module__root__V                    
20020b78  ti_sysbios_knl_Mailbox_Module__root__V                      
20020b80  ti_sysbios_knl_Queue_Module__root__V                        
20020b88  ti_sysbios_knl_Semaphore_Module__root__V                    
20020b90  ti_sysbios_knl_Task_Module__root__V                         
20020b98  xdc_runtime_LoggerBuf_Module__root__V                       
20020ba0  xdc_runtime_Registry_Module__state__V                       
20020ba8  xdc_runtime_Startup_Module__state__V                        
20020bb0  xdc_runtime_System_Module__state__V                         
20020bb8  xdc_runtime_LoggerBuf_Module__state__V                      
20020bbe  xdc_runtime_Error_Module__state__V                          
20020bc0  main_func_sp                                                
20020bc4  ti_sysbios_family_arm_m3_Hwi_Module_State_0_excContext__A   
20020bc8  ti_sysbios_family_arm_m3_Hwi_Module_State_0_excStack__A     
20020bcc  ti_sysbios_family_arm_m3_TimestampProvider_Module__state__V 
20020bd0  ti_sysbios_gates_GateHwi_Object__table__V                   
20020bd4  ti_sysbios_knl_Task_Module_State_0_idleTask__A              
20020bd8  ti_sysbios_utils_Load_Module_State_0_runningTask__A         
20020bdc  ti_sysbios_utils_Load_Module_State_0_taskStartTime__A       
20020be0  xdc_runtime_Memory_Module__state__V                         
2002e000  __stack                                                     
20030000  __STACK_END                                                 
e000e000  ti_sysbios_family_arm_m3_Hwi_nvic                           
ffffffff  __TI_pprof_out_hndl                                         
ffffffff  __TI_prof_data_size                                         
ffffffff  __TI_prof_data_start                                        
ffffffff  __binit__                                                   
ffffffff  __c_args__                                                  
ffffffff  binit                                                       
UNDEFED   SHT$$INIT_ARRAY$$Base                                       
UNDEFED   SHT$$INIT_ARRAY$$Limit                                      

[899 symbols]
