******************************************************************************
                  TI ARM Linker PC v5.2.5                      
******************************************************************************
>> Linked Tue Aug 16 17:16:54 2016

OUTPUT FILE NAME:   <CPRE288_WiFi.out>
ENTRY POINT SYMBOL: "_c_int00"  address: 2000f5d1


MEMORY CONFIGURATION

         name            origin    length      used     unused   attr    fill
----------------------  --------  ---------  --------  --------  ----  --------
  SRAM_CODE             20004000   00013000  0000fd99  00003267  RW X
  SRAM_DATA             20017000   00019000  0000bcca  0000d336  RW X


SEGMENT ALLOCATION MAP

run origin  load origin   length   init length attrs members
----------  ----------- ---------- ----------- ----- -------
20004000    20004000    0000fda0   0000fda0    r-x
  20004000    20004000    0000030c   0000030c    r-- .resetVecs
  20004310    20004310    0000d232   0000d232    r-x .text
  20011544    20011544    000024cb   000024cb    r-- .const
  20013a10    20013a10    00000390   00000390    r-- .cinit
20017000    20017000    00009ccc   00000000    rw-
  20017000    20017000    0000974e   00000000    rw- .bss
  20020750    20020750    0000057c   00000000    rw- .data
2002e000    2002e000    00002000   00000000    rw-
  2002e000    2002e000    00002000   00000000    rw- .stack


SECTION ALLOCATION MAP

 output                                  attributes/
section   page    origin      length       input sections
--------  ----  ----------  ----------   ----------------
.init_array 
*          0    20004000    00000000     UNINITIALIZED

.resetVecs 
*          0    20004000    0000030c     
                  20004000    0000030c     app_pem4.oem4 (.resetVecs)

.text      0    20004310    0000d232     
                  20004310    000010a6     rtsv7M4_T_le_eabi.lib : _printfi.obj (.text)
                  200053b6    00000002                           : i_div0.obj (.text)
                  200053b8    0000075c     task_wifi.obj (.text)
                  20005b14    00000590     simplelink.a : driver.obj (.text:_SlDrvMsgRead)
                  200060a4    00000544     ti_rtos.a : osi_tirtos.obj (.text)
                  200065e8    00000430     sysbios.aem4 : BIOS.obj (.text:ti_sysbios_family_arm_m3_Hwi_excDumpRegs__I)
                  20006a18    0000034c     ti.targets.arm.rtsarm.aem4 : System.oem4 (.text:xdc_runtime_System_doPrint__I)
                  20006d64    00000004     app_pem4.oem4 (.text:ti_sysbios_BIOS_RtsGateProxy_enter__E)
                  20006d68    00000314     sysbios.aem4 : BIOS.obj (.text:ti_sysbios_knl_Semaphore_pend__E)
                  2000707c    000002d4     rtsv7M4_T_le_eabi.lib : trgdrv.obj (.text)
                  20007350    00000280     uart_if.obj (.text)
                  200075d0    00000254     sysbios.aem4 : BIOS.obj (.text:ti_sysbios_heaps_HeapMem_free__E)
                  20007824    00000004     app_pem4.oem4 (.text:ti_sysbios_BIOS_RtsGateProxy_leave__E)
                  20007828    00000248     sysbios.aem4 : BIOS.obj (.text:ti_sysbios_heaps_HeapMem_alloc__E)
                  20007a70    0000022c                  : BIOS.obj (.text:ti_sysbios_knl_Task_Instance_finalize__E)
                  20007c9c    00000004     app_pem4.oem4 (.text:ti_sysbios_family_arm_m3_Hwi_delete)
                  20007ca0    00000200     sysbios.aem4 : BIOS.obj (.text:ti_sysbios_knl_Task_sleep__E)
                  20007ea0    000001fc     simplelink.a : driver.obj (.text:_SlDrvRxHdrRead)
                  2000809c    00000004     app_pem4.oem4 (.text:ti_sysbios_family_arm_m3_TaskSupport_Module__startupDone__S)
                  200080a0    000001fc     sysbios.aem4 : BIOS.obj (.text:ti_sysbios_family_arm_m3_Hwi_excHandlerMax__I)
                  2000829c    000001f4     rtsv7M4_T_le_eabi.lib : ull_div_t2.obj (.text)
                  20008490    000001e0     simplelink.a : driver.obj (.text:_SlDrvDataReadOp)
                  20008670    000001d4     main.obj (.text)
                  20008844    000001d0     simplelink.a : driver.obj (.text:_SlDrvReleasePoolObj)
                  20008a14    00000004     app_pem4.oem4 (.text:ti_sysbios_heaps_HeapMem_Module_GateProxy_enter__E)
                  20008a18    000001c8     sysbios.aem4 : BIOS.obj (.text:ti_sysbios_knl_Task_Instance_init__E)
                  20008be0    000001b6     rtsv7M4_T_le_eabi.lib : fd_add_t2.obj (.text)
                  20008d96    00000002     app_pem4.oem4 (.text:ti_sysbios_BIOS_nullFunc__I)
                  20008d98    000001a0     simplelink.a : socket.obj (.text:sl_Accept)
                  20008f38    0000019c                  : driver.obj (.text:_SlDrvMsgWrite)
                  200090d4    0000019c     rom_pin_mux_config.obj (.text)
                  20009270    0000019c     sysbios.aem4 : BIOS.obj (.text:ti_sysbios_knl_Task_Module_startup__E)
                  2000940c    00000190     simplelink.a : driver.obj (.text:_SlDrvDriverCBInit)
                  2000959c    00000190                  : driver.obj (.text:_SlDrvWaitForPoolObj)
                  2000972c    00000178     driverlib.a : prcm.obj (.text:PRCMCC3200MCUInit)
                  200098a4    00000178     task_uart.obj (.text)
                  20009a1c    00000004     app_pem4.oem4 (.text:ti_sysbios_heaps_HeapMem_Module_GateProxy_leave__E)
                  20009a20    00000174     sysbios.aem4 : BIOS.obj (.text:ti_sysbios_family_arm_m3_Hwi_excBusFault__I)
                  20009b94    00000170     simplelink.a : driver.obj (.text:_SlFindAndSetActiveObj)
                  20009d04    0000016c     task_led.obj (.text)
                  20009e70    00000164     sysbios.aem4 : BIOS.obj (.text:ti_sysbios_family_arm_m3_Hwi_excUsageFault__I)
                  20009fd4    00000004     app_pem4.oem4 (.text:ti_sysbios_knl_Clock_TimerProxy_getMaxTicks__E)
                  20009fd8    00000158     sysbios.aem4 : BIOS.obj (.text:ti_sysbios_knl_Mailbox_Instance_init__E)
                  2000a130    00000150     simplelink.a : cc_pal.obj (.text:spi_Open)
                  2000a280    0000014c                  : driver.obj (.text:_SlDrvDataWriteOp)
                  2000a3cc    00000004     app_pem4.oem4 (.text:ti_sysbios_knl_Mailbox_delete)
                  2000a3d0    00000148     sysbios.aem4 : BIOS.obj (.text:ti_sysbios_family_arm_m3_Hwi_excMemFault__I)
                  2000a518    00000140                  : BIOS.obj (.text:ti_sysbios_knl_Semaphore_post__E)
                  2000a658    0000013c                  : BIOS.obj (.text:ti_sysbios_heaps_HeapMem_Instance_init__E)
                  2000a794    00000004     app_pem4.oem4 (.text:ti_sysbios_knl_Queue_destruct)
                  2000a798    00000138     sysbios.aem4 : BIOS.obj (.text:ti_sysbios_family_arm_m3_Hwi_dispatchC__I)
                  2000a8d0    00000138     ti.targets.arm.rtsarm.aem4 : LoggerBuf.oem4 (.text:xdc_runtime_LoggerBuf_write8__E)
                  2000aa08    00000136     rtsv7M4_T_le_eabi.lib : fd_div_t2.obj (.text)
                  2000ab3e    00000002     app_pem4.oem4 (.text:xdc_runtime_Startup_reset__I)
                  2000ab40    00000134     sysbios.aem4 : BIOS.obj (.text:ti_sysbios_knl_Clock_workFunc__E)
                  2000ac74    00000120     simplelink.a : driver.obj (.text:_SlDrvMsgReadCmdCtx)
                  2000ad94    00000004     app_pem4.oem4 (.text:ti_sysbios_knl_Semaphore_delete)
                  2000ad98    0000011c     sysbios.aem4 : BIOS.obj (.text:ti_sysbios_knl_Swi_run__I)
                  2000aeb4    00000118     simplelink.a : driver.obj (.text:_SlDrvDriverCBDeinit)
                  2000afcc    00000118                  : socket.obj (.text:sl_Send)
                  2000b0e4    00000118     ti.targets.arm.rtsarm.aem4 : Error.oem4 (.text:xdc_runtime_Error_policyDefault__E)
                  2000b1fc    00000110     rtsv7M4_T_le_eabi.lib : xdscale.obj (.text)
                  2000b30c    00000104     simplelink.a : netapp.obj (.text:_SlDrvNetAppEventHandler)
                  2000b410    00000100     ti.targets.arm.rtsarm.aem4 : Core-mem.oem4 (.text:xdc_runtime_Core_createObject__I)
                  2000b510    000000fc     rtsv7M4_T_le_eabi.lib : fd_mul_t2.obj (.text)
                  2000b60c    000000f8     ti.targets.arm.rtsarm.aem4 : Startup.oem4 (.text:xdc_runtime_Startup_startMods__I)
                  2000b704    000000f8     app_pem4.oem4 (.text:xdc_runtime_System_printfExtend__I)
                  2000b7fc    000000f0     driverlib.a : udma.obj (.text:uDMAChannelTransferSet)
                  2000b8ec    000000e8     simplelink.a : driver.obj (.text:_SlAsyncEventGenericHandler)
                  2000b9d4    000000e4                  : device.obj (.text:sl_Stop)
                  2000bab8    000000e0                  : device.obj (.text:sl_Start)
                  2000bb98    000000dc                  : driver.obj (.text:_SlDrvClassifyRxMsg)
                  2000bc74    000000dc                  : cc_pal.obj (.text:spi_Read)
                  2000bd50    000000d4                  : driver.obj (.text:_SlDrvMsgReadSpawnCtx)
                  2000be24    000000d4     ti.targets.arm.rtsarm.aem4 : LoggerBuf.oem4 (.text:xdc_runtime_LoggerBuf_write4__E)
                  2000bef8    000000d0     sysbios.aem4 : BIOS.obj (.text:ti_sysbios_family_arm_m3_Hwi_Module_startup__E)
                  2000bfc8    000000d0                  : m3_Hwi_asm.obj (.text:ti_sysbios_family_arm_m3_Hwi_dispatch__I)
                  2000c098    000000cc     simplelink.a : netapp.obj (.text:_sl_HandleAsync_DnsGetHostByService)
                  2000c164    00000004     app_pem4.oem4 (.text:ti_sysbios_knl_Semaphore_destruct)
                  2000c168    000000cc     sysbios.aem4 : BIOS.obj (.text:ti_sysbios_knl_Task_schedule__I)
                  2000c234    000000cc     ti.targets.arm.rtsarm.aem4 : Core-smem.oem4 (.text:xdc_runtime_Core_constructObject__I)
                  2000c300    000000c4     simplelink.a : driver.obj (.text:_SlRemoveFromList)
                  2000c3c4    000000c0                  : driver.obj (.text:_SlDrvCmdOp)
                  2000c484    000000be     rtsv7M4_T_le_eabi.lib : xdnorm.obj (.text)
                  2000c542    00000006     driverlib.a : utils.obj (.text:UtilsDelay)
                  2000c548    000000bc     sysbios.aem4 : BIOS.obj (.text:ti_sysbios_family_arm_m3_Hwi_excDebugMon__I)
                  2000c604    00000004     app_pem4.oem4 (.text:ti_sysbios_knl_Task_delete)
                  2000c608    000000bc     sysbios.aem4 : BIOS.obj (.text:ti_sysbios_family_arm_m3_Hwi_excHardFault__I)
                  2000c6c4    00000004     ti.targets.arm.rtsarm.aem4 : Error.oem4 (.text:xdc_runtime_Error_getSite__E)
                  2000c6c8    000000bc     sysbios.aem4 : BIOS.obj (.text:ti_sysbios_knl_Task_startCore__E)
                  2000c784    00000004     app_pem4.oem4 (.text:xdc_runtime_LoggerBuf_Module_GateProxy_enter__E)
                  2000c788    000000b4     sysbios.aem4 : BIOS.obj (.text:ti_sysbios_gates_GateMutex_enter__E)
                  2000c83c    00000004     app_pem4.oem4 (.text:xdc_runtime_LoggerBuf_Module_GateProxy_leave__E)
                  2000c840    000000b4     sysbios.aem4 : BIOS.obj (.text:ti_sysbios_knl_Task_checkStacks__E)
                  2000c8f4    00000004     app_pem4.oem4 (.text:xdc_runtime_System_Module_GateProxy_enter__E)
                  2000c8f8    000000b4     sysbios.aem4 : BIOS.obj (.text:ti_sysbios_knl_Task_yield__E)
                  2000c9ac    00000004     app_pem4.oem4 (.text:xdc_runtime_System_Module_GateProxy_leave__E)
                  2000c9b0    000000ac     sysbios.aem4 : BIOS.obj (.text:ti_sysbios_knl_Swi_post__E)
                  2000ca5c    000000a8     driverlib.a : interrupt.obj (.text:IntEnable)
                  2000cb04    00000004     ti.targets.arm.rtsarm.aem4 : System.oem4 (.text:xdc_runtime_System_aprintf_va__F)
                  2000cb08    000000a8     sysbios.aem4 : BIOS.obj (.text:ti_sysbios_knl_Task_blockI__E)
                  2000cbb0    000000a8                  : BIOS.obj (.text:ti_sysbios_knl_Task_postInit__I)
                  2000cc58    000000a0     driverlib.a : spi.obj (.text:SPIConfigSetExpClk)
                  2000ccf8    000000a0     simplelink.a : driver.obj (.text:_SlDriverHandleError)
                  2000cd98    000000a0     auto_init.aem4 : auto_init.oem4 (.text)
                  2000ce38    000000a0     ti.targets.arm.rtsarm.aem4 : Text.oem4 (.text:xdc_runtime_Text_putMod__E)
                  2000ced8    0000009c     rtsv7M4_T_le_eabi.lib : memcpy_t2.obj (.text)
                  2000cf74    0000009c     simplelink.a : socket.obj (.text:sl_Bind)
                  2000d010    0000009c     sysbios.aem4 : BIOS.obj (.text:ti_sysbios_knl_Semaphore_Instance_init__E)
                  2000d0ac    0000009c     ti.targets.arm.rtsarm.aem4 : LoggerBuf.oem4 (.text:xdc_runtime_LoggerBuf_setFilterLevel__E)
                  2000d148    0000009a     simplelink.a : device.obj (.text:_SlDrvDeviceEventHandler)
                  2000d1e2    00000002     --HOLE-- [fill = 0]
                  2000d1e4    0000009a     ti.targets.arm.rtsarm.aem4 : Text.oem4 (.text:xdc_runtime_Text_putSite__E)
                  2000d27e    00000002     --HOLE-- [fill = 0]
                  2000d280    00000098     sysbios.aem4 : BIOS.obj (.text:ti_sysbios_knl_Mailbox_post__E)
                  2000d318    00000094     driverlib.a : prcm.obj (.text:PRCMPeripheralClockGet)
                  2000d3ac    00000004     ti.targets.arm.rtsarm.aem4 : System.oem4 (.text:xdc_runtime_System_printf_va__F)
                  2000d3b0    00000094     sysbios.aem4 : BIOS.obj (.text:ti_sysbios_family_arm_m3_Hwi_Instance_init__E)
                  2000d444    00000004     --HOLE-- [fill = 0]
                  2000d448    00000094                  : BIOS.obj (.text:ti_sysbios_knl_Task_exit__E)
                  2000d4dc    00000090     simplelink.a : netapp.obj (.text:_sl_HandleAsync_DnsGetHostByName)
                  2000d56c    00000090                  : netapp.obj (.text:_sl_HandleAsync_PingResponse)
                  2000d5fc    00000004     --HOLE-- [fill = 0]
                  2000d600    00000090     sysbios.aem4 : BIOS.obj (.text:ti_sysbios_knl_Task_unblockI__E)
                  2000d690    0000008c     simplelink.a : cc_pal.obj (.text:SetupDMAReceive)
                  2000d71c    0000008c                  : cc_pal.obj (.text:SetupDMASend)
                  2000d7a8    0000008c                  : cc_pal.obj (.text:spi_Write)
                  2000d834    00000004     --HOLE-- [fill = 0]
                  2000d838    0000008c     sysbios.aem4 : BIOS.obj (.text:ti_sysbios_knl_Mailbox_pend__E)
                  2000d8c4    00000088     driverlib.a : pin.obj (.text:PinConfigSet)
                  2000d94c    00000088     rtsv7M4_T_le_eabi.lib : vsnprintf.obj (.text)
                  2000d9d4    00000088     simplelink.a : socket.obj (.text:sl_Recv)
                  2000da5c    00000004     --HOLE-- [fill = 0]
                  2000da60    00000088     sysbios.aem4 : BIOS.obj (.text:ti_sysbios_family_arm_m3_Hwi_initNVIC__E)
                  2000dae8    00000088                  : BIOS.obj (.text:ti_sysbios_knl_Mailbox_Module_startup__E)
                  2000db70    00000086     rtsv7M4_T_le_eabi.lib : fd_cmp_t2.obj (.text:__aeabi_cdcmple)
                  2000dbf6    00000086                           : fd_cmp_t2.obj (.text:__aeabi_cdrcmple)
                  2000dc7c    00000004     --HOLE-- [fill = 0]
                  2000dc80    00000084     sysbios.aem4 : BIOS.obj (.text:ti_sysbios_family_arm_m3_Hwi_postInit__I)
                  2000dd04    00000080     simplelink.a : socket.obj (.text:_sl_HandleAsync_Connect)
                  2000dd84    00000080                  : device.obj (.text:_sl_HandleAsync_InitComplete)
                  2000de04    00000080                  : cc_pal.obj (.text:spi_Read_CPU)
                  2000de84    00000080                  : cc_pal.obj (.text:spi_Write_CPU)
                  2000df04    0000007c                  : socket.obj (.text:sl_SetSockOpt)
                  2000df80    0000007c                  : wlan.obj (.text:sl_WlanSet)
                  2000dffc    00000004     --HOLE-- [fill = 0]
                  2000e000    0000007c     sysbios.aem4 : BIOS.obj (.text:ti_sysbios_family_arm_m3_TimestampProvider_get64__E)
                  2000e07c    0000007a     rtsv7M4_T_le_eabi.lib : memset_t2.obj (.text)
                  2000e0f6    00000002     --HOLE-- [fill = 0]
                  2000e0f8    00000078     simplelink.a : cc_pal.obj (.text:spi_Close)
                  2000e170    00000076     driverlib.a : uart.obj (.text:UARTConfigSetExpClk)
                  2000e1e6    00000002     --HOLE-- [fill = 0]
                  2000e1e8    00000074     ti.targets.arm.rtsarm.aem4 : LoggerBuf.oem4 (.text:xdc_runtime_LoggerBuf_getFilterLevel__E)
                  2000e25c    00000070     simplelink.a : socket.obj (.text:sl_Socket)
                  2000e2cc    00000004     --HOLE-- [fill = 0]
                  2000e2d0    00000070     sysbios.aem4 : BIOS.obj (.text:ti_sysbios_knl_Mailbox_Instance_finalize__E)
                  2000e340    0000006d     ti.targets.arm.rtsarm.aem4 : System.oem4 (.text:xdc_runtime_System_formatNum__I)
                  2000e3ad    00000003     --HOLE-- [fill = 0]
                  2000e3b0    0000006c     simplelink.a : driver.obj (.text:_SlDrvCmdSend)
                  2000e41c    0000006c                  : netapp.obj (.text:_sl_NetAppSendTokenValue)
                  2000e488    0000006c     sysbios.aem4 : BIOS.obj (.text:ti_sysbios_knl_Swi_restoreHwi__E)
                  2000e4f4    0000006c     ti.targets.arm.rtsarm.aem4 : Error.oem4 (.text:xdc_runtime_Error_print__E)
                  2000e560    0000006c                                : Memory.oem4 (.text:xdc_runtime_Memory_alloc__E)
                  2000e5cc    0000006a     rtsv7M4_T_le_eabi.lib : copy_decompress_rle.obj (.text)
                  2000e636    00000002     --HOLE-- [fill = 0]
                  2000e638    00000068                           : trgmsg.obj (.text)
                  2000e6a0    00000066                           : xdunscal.obj (.text)
                  2000e706    00000066     ti.targets.arm.rtsarm.aem4 : Core-mem.oem4 (.text:xdc_runtime_Core_deleteObject__I)
                  2000e76c    00000064     simplelink.a : socket.obj (.text:_sl_HandleAsync_Accept)
                  2000e7d0    00000064     app_pem4.oem4 (.text:ti_sysbios_family_arm_m3_Hwi_create)
                  2000e834    00000064     app_pem4.oem4 (.text:ti_sysbios_knl_Mailbox_create)
                  2000e898    00000064     driverlib.a : udma.obj (.text:uDMAChannelAttributeDisable)
                  2000e8fc    00000064                 : udma.obj (.text:uDMAChannelAttributeEnable)
                  2000e960    00000060     rtsv7M4_T_le_eabi.lib : sprintf.obj (.text)
                  2000e9c0    00000060     sysbios.aem4 : BIOS.obj (.text:ti_sysbios_knl_Clock_logTick__E)
                  2000ea20    0000005c                  : BIOS.obj (.text:ti_sysbios_knl_Swi_schedule__I)
                  2000ea7c    0000005c     app_pem4.oem4 (.text:ti_sysbios_knl_Task_create)
                  2000ead8    0000005c     app_pem4.oem4 (.text:xdc_runtime_LoggerBuf_Object__create__S)
                  2000eb34    0000005b     ti.targets.arm.rtsarm.aem4 : Text.oem4 (.text:xdc_runtime_Text_putLab__E)
                  2000eb8f    00000001     --HOLE-- [fill = 0]
                  2000eb90    00000058     driverlib.a : interrupt.obj (.text:IntPendClear)
                  2000ebe8    00000058                 : prcm.obj (.text:PRCMPeripheralReset)
                  2000ec40    00000058     sysbios.aem4 : BIOS.obj (.text:ti_sysbios_family_arm_m3_Timer_setPeriod__E)
                  2000ec98    00000056     rtsv7M4_T_le_eabi.lib : ltoa.obj (.text)
                  2000ecee    00000002     --HOLE-- [fill = 0]
                  2000ecf0    00000054     simplelink.a : socket.obj (.text:_sl_HandleAsync_Select)
                  2000ed44    00000004     --HOLE-- [fill = 0]
                  2000ed48    00000054     sysbios.aem4 : BIOS.obj (.text:ti_sysbios_family_arm_m3_Timer_start__E)
                  2000ed9c    00000054     ti.targets.arm.rtsarm.aem4 : Assert.oem4 (.text:xdc_runtime_Assert_raise__I)
                  2000edf0    00000050     simplelink.a : driver.obj (.text:_SlDrvRxIrqHandler)
                  2000ee40    00000050                  : device.obj (.text:_sl_HandleAsync_Stop)
                  2000ee90    00000050                  : socket.obj (.text:sl_Listen)
                  2000eee0    00000050     ti.targets.arm.rtsarm.aem4 : Startup.oem4 (.text:xdc_runtime_Startup_exec__E)
                  2000ef30    00000050                                : Text.oem4 (.text:xdc_runtime_Text_visitRope2__I)
                  2000ef80    0000004c     driverlib.a : spi.obj (.text:SPIIntEnable)
                  2000efcc    0000004c     simplelink.a : driver.obj (.text:_SlDrvProtectAsyncRespSetting)
                  2000f018    0000004c                  : socket.obj (.text:_sl_BuildAddress)
                  2000f064    0000004c     rtsv7M4_T_le_eabi.lib : atoi.obj (.text)
                  2000f0b0    0000004c                           : cpy_tbl.obj (.text)
                  2000f0fc    0000004c     sysbios.aem4 : m3_TaskSupport_asm.obj (.text:ti_sysbios_family_arm_m3_TaskSupport_buildTaskStack)
                  2000f148    0000004c                  : BIOS.obj (.text:ti_sysbios_heaps_HeapMem_getStats__E)
                  2000f194    00000004     --HOLE-- [fill = 0]
                  2000f198    0000004c                  : BIOS.obj (.text:ti_sysbios_knl_Swi_runLoop__I)
                  2000f1e4    00000004     --HOLE-- [fill = 0]
                  2000f1e8    0000004c                  : BIOS.obj (.text:ti_sysbios_knl_Task_allBlockedFunction__I)
                  2000f234    0000004c     driverlib.a : udma.obj (.text:uDMAChannelAssign)
                  2000f280    00000048                 : spi.obj (.text:SPIIntClear)
                  2000f2c8    00000048     rtsv7M4_T_le_eabi.lib : fd_toi_t2.obj (.text)
                  2000f310    00000048     sysbios.aem4 : BIOS.obj (.text:ti_sysbios_family_arm_m3_Hwi_disableInterrupt__E)
                  2000f358    00000048                  : BIOS.obj (.text:ti_sysbios_family_arm_m3_Hwi_enableInterrupt__E)
                  2000f3a0    00000048                  : BIOS.obj (.text:ti_sysbios_family_arm_m3_Hwi_excReserved__I)
                  2000f3e8    00000048                  : m3_Hwi_asm_switch.obj (.text:ti_sysbios_family_arm_m3_Hwi_initStacks__E)
                  2000f430    00000048                  : BIOS.obj (.text:ti_sysbios_family_arm_m3_Timer_initDevice__I)
                  2000f478    00000046     rtsv7M4_T_le_eabi.lib : ldexp.obj (.text)
                  2000f4be    00000046     ti.targets.arm.rtsarm.aem4 : Core-params.oem4 (.text:xdc_runtime_Core_assignParams__I)
                  2000f504    00000044     driverlib.a : spi.obj (.text:SPIDmaMaskGet)
                  2000f548    00000044                 : uart.obj (.text:UARTIntNumberGet)
                  2000f58c    00000044     simplelink.a : driver.obj (.text:_SlDrvHandleHttpServerEvents)
                  2000f5d0    00000044     boot.aem4 : boot.oem4 (.text)
                  2000f614    00000044     simplelink.a : cc_pal.obj (.text:cc_SetupTransfer)
                  2000f658    00000044     rtsv7M4_T_le_eabi.lib : exit.obj (.text)
                  2000f69c    00000044     simplelink.a : socket.obj (.text:sl_Close)
                  2000f6e0    00000044                  : wlan.obj (.text:sl_WlanSetMode)
                  2000f724    00000004     --HOLE-- [fill = 0]
                  2000f728    00000044     sysbios.aem4 : BIOS.obj (.text:ti_sysbios_family_arm_m3_Hwi_getStackInfo__E)
                  2000f76c    00000004     --HOLE-- [fill = 0]
                  2000f770    00000044                  : BIOS.obj (.text:ti_sysbios_knl_Mailbox_postInit__I)
                  2000f7b4    00000044     ti.targets.arm.rtsarm.aem4 : Error.oem4 (.text:xdc_runtime_Error_setX__E)
                  2000f7f8    00000044                                : LoggerBuf.oem4 (.text:xdc_runtime_LoggerBuf_filterOutEvent__I)
                  2000f83c    00000044                                : SysMin.oem4 (.text:xdc_runtime_SysMin_flush__E)
                  2000f880    00000044                                : Text.oem4 (.text:xdc_runtime_Text_xprintf__I)
                  2000f8c4    00000040     driverlib.a : pin.obj (.text:PinModeSet)
                  2000f904    00000040     simplelink.a : driver.obj (.text:_SlDrvHandleNetAppEvents)
                  2000f944    00000040                  : driver.obj (.text:_SlDrvHandleWlanEvents)
                  2000f984    00000040                  : driver.obj (.text:_SlDrvSyncObjWaitTimeout)
                  2000f9c4    00000040                  : socket.obj (.text:_sl_TruncatePayloadByProtocol)
                  2000fa04    00000040     rtsv7M4_T_le_eabi.lib : signal.obj (.text)
                  2000fa44    00000040                           : u_divt2.obj (.text)
                  2000fa84    00000040     simplelink.a : netapp.obj (.text:sl_NetAppStart)
                  2000fac4    00000004     --HOLE-- [fill = 0]
                  2000fac8    00000040     sysbios.aem4 : BIOS.obj (.text:ti_sysbios_family_arm_m3_Timer_Module_startup__E)
                  2000fb08    0000003e     app_pem4.oem4 (.text:realloc)
                  2000fb46    0000003c     simplelink.a : netapp.obj (.text:CopyPingResultsToReport)
                  2000fb82    00000002     --HOLE-- [fill = 0]
                  2000fb84    0000003c     driverlib.a : prcm.obj (.text:PRCMPeripheralClkEnable)
                  2000fbc0    0000003c     simplelink.a : socket.obj (.text:sl_Htons)
                  2000fbfc    00000004     --HOLE-- [fill = 0]
                  2000fc00    0000003c     sysbios.aem4 : BIOS.obj (.text:ti_sysbios_family_arm_m3_Hwi_excSvCall__I)
                  2000fc3c    00000004     --HOLE-- [fill = 0]
                  2000fc40    0000003c                  : BIOS.obj (.text:ti_sysbios_heaps_HeapMem_init__I)
                  2000fc7c    00000004     --HOLE-- [fill = 0]
                  2000fc80    0000003c                  : BIOS.obj (.text:ti_sysbios_knl_Swi_startup__E)
                  2000fcbc    0000003c     driverlib.a : udma.obj (.text:uDMAChannelControlSet)
                  2000fcf8    0000003a     ti.targets.arm.rtsarm.aem4 : LoggerBuf.oem4 (.text:xdc_runtime_LoggerBuf_Instance_init__E)
                  2000fd32    00000002     --HOLE-- [fill = 0]
                  2000fd34    00000038     simplelink.a : cc_pal.obj (.text:NwpPowerOff)
                  2000fd6c    00000004     --HOLE-- [fill = 0]
                  2000fd70    00000038     sysbios.aem4 : BIOS.obj (.text:ti_sysbios_family_arm_m3_Hwi_excNoIsr__I)
                  2000fda8    00000038                  : BIOS.obj (.text:ti_sysbios_knl_Task_processVitalTaskFlag__I)
                  2000fde0    00000038     ti.targets.arm.rtsarm.aem4 : SysMin.oem4 (.text:xdc_runtime_SysMin_putch__E)
                  2000fe18    00000038                                : System.oem4 (.text:xdc_runtime_System_atexit__E)
                  2000fe50    00000036     driverlib.a : gpio.obj (.text:GPIODirModeSet)
                  2000fe86    00000002     --HOLE-- [fill = 0]
                  2000fe88    00000034                 : prcm.obj (.text:PRCMPeripheralStatusGet)
                  2000febc    00000034                 : spi.obj (.text:SPIFIFOLevelSet)
                  2000fef0    00000034     rtsv7M4_T_le_eabi.lib : feraiseexcept.obj (.text)
                  2000ff24    00000004     --HOLE-- [fill = 0]
                  2000ff28    00000034     sysbios.aem4 : BIOS.obj (.text:ti_sysbios_family_arm_m3_Hwi_Instance_finalize__E)
                  2000ff5c    00000004     --HOLE-- [fill = 0]
                  2000ff60    00000034                  : BIOS.obj (.text:ti_sysbios_family_arm_m3_Hwi_excNmi__I)
                  2000ff94    00000004     --HOLE-- [fill = 0]
                  2000ff98    00000034                  : BIOS.obj (.text:ti_sysbios_family_arm_m3_Timer_periodicStub__I)
                  2000ffcc    00000004     --HOLE-- [fill = 0]
                  2000ffd0    00000034                  : BIOS.obj (.text:ti_sysbios_hal_Hwi_checkStack)
                  20010004    00000034     app_pem4.oem4 (.text:ti_sysbios_knl_Semaphore_create)
                  20010038    00000034     ti.targets.arm.rtsarm.aem4 : Core-label.oem4 (.text:xdc_runtime_Core_assignLabel__I)
                  2001006c    00000033                                : Text.oem4 (.text:xdc_runtime_Text_printVisFxn__I)
                  2001009f    00000001     --HOLE-- [fill = 0]
                  200100a0    00000032     sysbios.aem4 : BIOS.obj (.text:ti_sysbios_hal_Hwi_initStack)
                  200100d2    00000006     ti.targets.arm.rtsarm.aem4 : xdc_noinit.oem4 (.text:__xdc__init)
                  200100d8    00000032     sysbios.aem4 : BIOS.obj (.text:ti_sysbios_knl_Semaphore_pendTimeout__I)
                  2001010a    00000030     driverlib.a : pin.obj (.text:PinTypeGPIO)
                  2001013a    00000002     --HOLE-- [fill = 0]
                  2001013c    00000030                 : uart.obj (.text:UARTDisable)
                  2001016c    00000030     rtsv7M4_T_le_eabi.lib : xferaise.obj (.text)
                  2001019c    00000030     app_pem4.oem4 (.text:ti_sysbios_BIOS_atExitFunc__I)
                  200101cc    00000004     --HOLE-- [fill = 0]
                  200101d0    00000030     sysbios.aem4 : BIOS.obj (.text:ti_sysbios_family_arm_m3_TaskSupport_start__E)
                  20010200    00000030     app_pem4.oem4 (.text:ti_sysbios_gates_GateHwi_Object__create__S)
                  20010230    00000030     app_pem4.oem4 (.text:ti_sysbios_gates_GateMutex_Object__create__S)
                  20010260    00000030     app_pem4.oem4 (.text:ti_sysbios_heaps_HeapMem_Object__create__S)
                  20010290    00000030     app_pem4.oem4 (.text:ti_sysbios_knl_Semaphore_construct)
                  200102c0    00000030     ti.targets.arm.rtsarm.aem4 : SysMin.oem4 (.text:xdc_runtime_SysMin_abort__E)
                  200102f0    00000030                                : System.oem4 (.text:xdc_runtime_System_processAtExit__E)
                  20010320    0000002e     app_pem4.oem4 (.text:malloc)
                  2001034e    0000002e     rtsv7M4_T_le_eabi.lib : i_tofd_t2.obj (.text)
                  2001037c    0000002e                           : raise.obj (.text)
                  200103aa    00000002     --HOLE-- [fill = 0]
                  200103ac    0000002c     simplelink.a : cc_pal.obj (.text:DmaSpiSwIntHandler)
                  200103d8    0000002c     driverlib.a : prcm.obj (.text:PRCMSysResetCauseGet)
                  20010404    0000002c     app_pem4.oem4 (.text:ti_sysbios_knl_Clock_doTick__I)
                  20010430    0000002c     app_pem4.oem4 (.text:ti_sysbios_knl_Queue_construct)
                  2001045c    00000004     --HOLE-- [fill = 0]
                  20010460    0000002c     sysbios.aem4 : BIOS.obj (.text:ti_sysbios_knl_Task_restore__E)
                  2001048c    0000002c     ti.targets.arm.rtsarm.aem4 : Text.oem4 (.text:xdc_runtime_Text_cordText__E)
                  200104b8    0000002a     rtsv7M4_T_le_eabi.lib : xdclass.obj (.text)
                  200104e2    0000002a     ti.targets.arm.rtsarm.aem4 : System.oem4 (.text:xdc_runtime_System_putchar__I)
                  2001050c    00000028     driverlib.a : prcm.obj (.text:PRCMPeripheralClkDisable)
                  20010534    00000028     simplelink.a : driver.obj (.text:_SlDrvObjGlobalLockWaitForever)
                  2001055c    00000028                  : driver.obj (.text:_SlDrvProtectionObjLockWaitForever)
                  20010584    00000004     --HOLE-- [fill = 0]
                  20010588    00000028     sysbios.aem4 : BIOS.obj (.text:ti_sysbios_knl_Swi_Module_startup__E)
                  200105b0    00000028     ti.targets.arm.rtsarm.aem4 : LoggerBuf.oem4 (.text:xdc_runtime_LoggerBuf_Module_startup__E)
                  200105d8    00000026     simplelink.a : cc_pal.obj (.text:NwpRegisterInterruptHandler)
                  200105fe    00000026     network_common.obj (.text)
                  20010624    00000026     ti.targets.arm.rtsarm.aem4 : System.oem4 (.text:xdc_runtime_System_avprintf__E)
                  2001064a    00000024     driverlib.a : uart.obj (.text:UARTEnable)
                  2001066e    00000002     --HOLE-- [fill = 0]
                  20010670    00000024     simplelink.a : driver.obj (.text:_SlDrvGlobalObjUnLock)
                  20010694    00000024                  : driver.obj (.text:_SlDrvProtectionObjUnLock)
                  200106b8    00000024                  : driver.obj (.text:_SlDrvSyncObjWaitForever)
                  200106dc    00000024     rtsv7M4_T_le_eabi.lib : memmov.obj (.text)
                  20010700    00000024     app_pem4.oem4 (.text:ti_sysbios_BIOS_errorRaiseHook__I)
                  20010724    00000024     app_pem4.oem4 (.text:ti_sysbios_BIOS_registerRTSLock__I)
                  20010748    00000024     app_pem4.oem4 (.text:ti_sysbios_BIOS_removeRTSLock__I)
                  2001076c    00000024     app_pem4.oem4 (.text:ti_sysbios_BIOS_startFunc__I)
                  20010790    00000024     sysbios.aem4 : BIOS.obj (.text:ti_sysbios_family_arm_m3_Hwi_doTaskRestore__I)
                  200107b4    00000004     --HOLE-- [fill = 0]
                  200107b8    00000024                  : BIOS.obj (.text:ti_sysbios_family_arm_m3_Timer_startup__E)
                  200107dc    00000024     app_pem4.oem4 (.text:ti_sysbios_gates_GateMutex_Object__delete__S)
                  20010800    00000024     sysbios.aem4 : BIOS.obj (.text:ti_sysbios_knl_Clock_Module_startup__E)
                  20010824    00000024     app_pem4.oem4 (.text:ti_sysbios_knl_Semaphore_Object__delete__S)
                  20010848    00000024     ti.targets.arm.rtsarm.aem4 : System.oem4 (.text:xdc_runtime_System_vprintf__E)
                  2001086c    00000022     driverlib.a : spi.obj (.text:SPIReset)
                  2001088e    00000022                 : spi.obj (.text:SPIWordCountSet)
                  200108b0    00000022     simplelink.a : driver.obj (.text:_SlDrvObjLockWaitForever)
                  200108d2    00000022     rtsv7M4_T_le_eabi.lib : frexp.obj (.text)
                  200108f4    00000022     app_pem4.oem4 (.text:xdc_runtime_SysMin_output__I)
                  20010916    00000020     driverlib.a : gpio.obj (.text:GPIOPinWrite)
                  20010936    00000002     --HOLE-- [fill = 0]
                  20010938    00000020                 : interrupt.obj (.text:IntRegister)
                  20010958    00000020     simplelink.a : cc_pal.obj (.text:NwpPowerOn)
                  20010978    00000020     app_pem4.oem4 (.text:ti_sysbios_BIOS_rtsLock__I)
                  20010998    00000020     app_pem4.oem4 (.text:ti_sysbios_family_arm_m3_Hwi_Object__delete__S)
                  200109b8    00000020     sysbios.aem4 : m3_Hwi_asm.obj (.text:ti_sysbios_family_arm_m3_Hwi_excHandlerAsm__I)
                  200109d8    00000020                  : BIOS.obj (.text:ti_sysbios_family_arm_m3_Hwi_excHandler__I)
                  200109f8    00000020                  : BIOS.obj (.text:ti_sysbios_family_arm_m3_TimestampProvider_Module_startup__E)
                  20010a18    00000020     app_pem4.oem4 (.text:ti_sysbios_gates_GateHwi_Object__delete__S)
                  20010a38    00000020     app_pem4.oem4 (.text:ti_sysbios_heaps_HeapMem_Object__delete__S)
                  20010a58    00000020     sysbios.aem4 : BIOS.obj (.text:ti_sysbios_knl_Idle_run__E)
                  20010a78    00000020     app_pem4.oem4 (.text:ti_sysbios_knl_Mailbox_Object__delete__S)
                  20010a98    00000020     app_pem4.oem4 (.text:ti_sysbios_knl_Semaphore_Object__destruct__S)
                  20010ab8    00000020     app_pem4.oem4 (.text:ti_sysbios_knl_Task_Object__delete__S)
                  20010ad8    00000020     app_pem4.oem4 (.text:xdc_runtime_LoggerBuf_Object__delete__S)
                  20010af8    00000020     ti.targets.arm.rtsarm.aem4 : LoggerBuf.oem4 (.text:xdc_runtime_LoggerBuf_reset__E)
                  20010b18    00000020                                : Registry.oem4 (.text:xdc_runtime_Registry_findById__E)
                  20010b38    00000020                                : SysMin.oem4 (.text:xdc_runtime_SysMin_Module_startup__E)
                  20010b58    0000001e     driverlib.a : uart.obj (.text:UARTCharPut)
                  20010b76    0000001e                 : uart.obj (.text:UARTIntRegister)
                  20010b94    0000001e                 : uart.obj (.text:UARTIntStatus)
                  20010bb2    0000001e     simplelink.a : driver.obj (.text:_SlDrvObjUnLock)
                  20010bd0    0000001e                  : driver.obj (.text:_SlDrvSyncObjSignal)
                  20010bee    0000001e                  : cc_pal.obj (.text:cc_UDMAChannelSelect)
                  20010c0c    0000001e     sysbios.aem4 : m3_Hwi_asm_switch.obj (.text:ti_sysbios_family_xxx_Hwi_switchAndRunFunc)
                  20010c2a    0000001c     driverlib.a : uart.obj (.text:UARTCharGetNonBlocking)
                  20010c46    0000001c     rtsv7M4_T_le_eabi.lib : memccpy.obj (.text)
                  20010c62    00000006                           : copy_decompress_rle.obj (.text:decompress:rle24)
                  20010c68    0000001c     sysbios.aem4 : BIOS.obj (.text:ti_sysbios_family_arm_m3_Hwi_setPriority__E)
                  20010c84    00000004     --HOLE-- [fill = 0]
                  20010c88    0000001c                  : BIOS.obj (.text:ti_sysbios_gates_GateMutex_Instance_init__E)
                  20010ca4    0000001c     app_pem4.oem4 (.text:ti_sysbios_knl_Queue_Object__destruct__S)
                  20010cc0    0000001c     sysbios.aem4 : BIOS.obj (.text:ti_sysbios_knl_Task_enter__I)
                  20010cdc    0000001c     driverlib.a : udma.obj (.text:uDMAChannelEnable)
                  20010cf8    0000001c     ti.targets.arm.rtsarm.aem4 : Error.oem4 (.text:xdc_runtime_Error_raiseX__E)
                  20010d14    0000001c                                : Memory.oem4 (.text:xdc_runtime_Memory_valloc__E)
                  20010d30    0000001c                                : SysMin.oem4 (.text:xdc_runtime_SysMin_exit__E)
                  20010d4c    0000001c                                : System.oem4 (.text:xdc_runtime_System_abort__E)
                  20010d68    0000001a     driverlib.a : pin.obj (.text:PinTypeUART)
                  20010d82    0000001a                 : spi.obj (.text:SPIDmaDisable)
                  20010d9c    0000001a                 : spi.obj (.text:SPIDmaEnable)
                  20010db6    0000001a                 : spi.obj (.text:SPIFIFODisable)
                  20010dd0    0000001a                 : spi.obj (.text:SPIFIFOEnable)
                  20010dea    0000001a     app_pem4.oem4 (.text:ti_sysbios_family_arm_m3_Hwi_Handle__label__S)
                  20010e04    0000001a     sysbios.aem4 : m3_Hwi_asm.obj (.text:ti_sysbios_family_arm_m3_Hwi_pendSV__I)
                  20010e1e    0000001a     app_pem4.oem4 (.text:ti_sysbios_gates_GateHwi_Handle__label__S)
                  20010e38    0000001a     app_pem4.oem4 (.text:ti_sysbios_gates_GateMutex_Handle__label__S)
                  20010e52    0000001a     app_pem4.oem4 (.text:ti_sysbios_heaps_HeapMem_Handle__label__S)
                  20010e6c    0000001a     app_pem4.oem4 (.text:ti_sysbios_knl_Swi_Handle__label__S)
                  20010e86    0000001a     app_pem4.oem4 (.text:ti_sysbios_knl_Task_Handle__label__S)
                  20010ea0    0000001a     sysbios.aem4 : BIOS.obj (.text:ti_sysbios_knl_Task_sleepTimeout__I)
                  20010eba    0000001a     app_pem4.oem4 (.text:xdc_runtime_LoggerBuf_Handle__label__S)
                  20010ed4    0000001a     app_pem4.oem4 (.text:xdc_runtime_System_aprintf__E)
                  20010eee    0000001a     app_pem4.oem4 (.text:xdc_runtime_System_printf__E)
                  20010f08    00000018     driverlib.a : gpio.obj (.text:GPIOPinRead)
                  20010f20    00000018                 : spi.obj (.text:SPICSDisable)
                  20010f38    00000018                 : spi.obj (.text:SPICSEnable)
                  20010f50    00000018                 : spi.obj (.text:SPIDisable)
                  20010f68    00000018                 : spi.obj (.text:SPIEnable)
                  20010f80    00000018                 : uart.obj (.text:UARTCharsAvail)
                  20010f98    00000018                 : uart.obj (.text:UARTFIFOLevelSet)
                  20010fb0    00000018                 : uart.obj (.text:UARTIntEnable)
                  20010fc8    00000018     simplelink.a : device.obj (.text:_sl_GetStartResponseConvert)
                  20010fe0    00000018     app_pem4.oem4 (.text:free)
                  20010ff8    00000018     rtsv7M4_T_le_eabi.lib : args_main.obj (.text)
                  20011010    00000018     app_pem4.oem4 (.text:ti_sysbios_BIOS_rtsUnlock__I)
                  20011028    00000018     app_pem4.oem4 (.text:ti_sysbios_family_arm_m3_Hwi_Module__startupDone__F)
                  20011040    00000018     app_pem4.oem4 (.text:ti_sysbios_family_arm_m3_Timer_Module__startupDone__F)
                  20011058    00000018     sysbios.aem4 : BIOS.obj (.text:ti_sysbios_gates_GateMutex_leave__E)
                  20011070    00000018     ti.targets.arm.rtsarm.aem4 : Error.oem4 (.text:xdc_runtime_Error_check__E)
                  20011088    00000018                                : System.oem4 (.text:xdc_runtime_System_exit__E)
                  200110a0    00000018                                : Text.oem4 (.text:xdc_runtime_Text_ropeText__E)
                  200110b8    00000016     driverlib.a : prcm.obj (.text:PRCMHIBRegRead)
                  200110ce    00000016                 : prcm.obj (.text:PRCMHIBRegWrite)
                  200110e4    00000016                 : uart.obj (.text:UARTCharGet)
                  200110fa    00000016                 : uart.obj (.text:UARTFIFOEnable)
                  20011110    00000016     simplelink.a : driver.obj (.text:_SlDrvMemZero)
                  20011126    00000016     rtsv7M4_T_le_eabi.lib : strchr.obj (.text)
                  2001113c    00000016     app_pem4.oem4 (.text:ti_sysbios_BIOS_exitFunc__I)
                  20011152    00000014     driverlib.a : cpu.obj (.text:CPUcpsie)
                  20011166    00000002     --HOLE-- [fill = 0]
                  20011168    00000014     rtsv7M4_T_le_eabi.lib : _lock.obj (.text)
                  2001117c    00000014                           : strcpy.obj (.text)
                  20011190    00000014                           : strlen.obj (.text)
                  200111a4    00000014     app_pem4.oem4 (.text:ti_sysbios_family_arm_m3_Hwi_Object__get__S)
                  200111b8    00000014     sysbios.aem4 : BIOS.obj (.text:ti_sysbios_family_arm_m3_Hwi_switchFromBootStack__E)
                  200111cc    00000014     app_pem4.oem4 (.text:ti_sysbios_heaps_HeapMem_Object__get__S)
                  200111e0    00000014     app_pem4.oem4 (.text:ti_sysbios_knl_Swi_Object__get__S)
                  200111f4    00000014     app_pem4.oem4 (.text:xdc_runtime_LoggerBuf_Object__get__S)
                  20011208    00000012     driverlib.a : uart.obj (.text:UARTIntClear)
                  2001121a    00000006     ti.targets.arm.rtsarm.aem4 : System.oem4 (.text:xdc_runtime_System_Module_startup__E)
                  20011220    00000012     sysbios.aem4 : BIOS.obj (.text:ti_sysbios_hal_Hwi_Module_startup__E)
                  20011232    00000006     --HOLE-- [fill = 0]
                  20011238    00000012                  : BIOS.obj (.text:ti_sysbios_hal_Timer_Module_startup__E)
                  2001124a    00000012     ti.targets.arm.rtsarm.aem4 : LoggerBuf.oem4 (.text:xdc_runtime_LoggerBuf_Instance_finalize__E)
                  2001125c    00000012                                : LoggerBuf.oem4 (.text:xdc_runtime_LoggerBuf_write1__E)
                  2001126e    00000012                                : LoggerBuf.oem4 (.text:xdc_runtime_LoggerBuf_write2__E)
                  20011280    00000012     app_pem4.oem4 (.text:xdc_runtime_Startup_exec__I)
                  20011292    00000010     simplelink.a : driver.obj (.text:_SlDrvDispatchHttpServerEvents)
                  200112a2    00000006     --HOLE-- [fill = 0]
                  200112a8    00000010     sysbios.aem4 : BIOS.obj (.text:ti_sysbios_BIOS_setThreadType__E)
                  200112b8    00000010                  : BIOS.obj (.text:ti_sysbios_BIOS_start__E)
                  200112c8    00000010                  : BIOS.obj (.text:ti_sysbios_family_arm_m3_Hwi_getHandle__E)
                  200112d8    00000010                  : m3_TaskSupport_asm.obj (.text:ti_sysbios_family_arm_m3_TaskSupport_glue)
                  200112e8    00000010                  : m3_TaskSupport_asm.obj (.text:ti_sysbios_family_arm_m3_TaskSupport_swap__E)
                  200112f8    00000010                  : BIOS.obj (.text:ti_sysbios_gates_GateMutex_Instance_finalize__E)
                  20011308    00000010     app_pem4.oem4 (.text:ti_sysbios_knl_Mailbox_Object__get__S)
                  20011318    00000010     sysbios.aem4 : BIOS.obj (.text:ti_sysbios_knl_Semaphore_Instance_finalize__E)
                  20011328    00000010                  : BIOS.obj (.text:ti_sysbios_knl_Swi_disable__E)
                  20011338    00000010     app_pem4.oem4 (.text:ti_sysbios_knl_Task_Object__get__S)
                  20011348    00000010     sysbios.aem4 : BIOS.obj (.text:ti_sysbios_knl_Task_disable__E)
                  20011358    00000010     ti.targets.arm.rtsarm.aem4 : Gate.oem4 (.text:xdc_runtime_Gate_leaveSystem__E)
                  20011368    00000010                                : LoggerBuf.oem4 (.text:xdc_runtime_LoggerBuf_write0__E)
                  20011378    00000010                                : Memory.oem4 (.text:xdc_runtime_Memory_free__E)
                  20011388    00000010                                : SysMin.oem4 (.text:xdc_runtime_SysMin_ready__E)
                  20011398    00000010                                : System.oem4 (.text:xdc_runtime_System_vsnprintf__E)
                  200113a8    00000010     app_pem4.oem4 (.text:xdc_runtime_Text_visitRope__I)
                  200113b8    0000000e     simplelink.a : driver.obj (.text:_SlDrvResetCmdExt)
                  200113c6    0000000e     rtsv7M4_T_le_eabi.lib : copy_decompress_none.obj (.text:decompress:none)
                  200113d4    00000004     --HOLE-- [fill = 0]
                  200113d8    0000000e     sysbios.aem4 : BIOS.obj (.text:ti_sysbios_knl_Idle_loop__E)
                  200113e6    00000002     --HOLE-- [fill = 0]
                  200113e8    0000000e                  : BIOS.obj (.text:ti_sysbios_knl_Queue_empty__E)
                  200113f6    00000002     --HOLE-- [fill = 0]
                  200113f8    0000000c     simplelink.a : cc_pal.obj (.text:NwpMaskInterrupt)
                  20011404    0000000c                  : cc_pal.obj (.text:NwpUnMaskInterrupt)
                  20011410    0000000c     rtsv7M4_T_le_eabi.lib : copy_zero_init.obj (.text:decompress:ZI)
                  2001141c    0000000c     app_pem4.oem4 (.text:ti_sysbios_family_arm_m3_Hwi_Params__init__S)
                  20011428    0000000c     sysbios.aem4 : BIOS.obj (.text:ti_sysbios_family_arm_m3_Hwi_disableFxn__E)
                  20011434    00000004     --HOLE-- [fill = 0]
                  20011438    0000000c                  : BIOS.obj (.text:ti_sysbios_family_arm_m3_TaskSupport_checkStack__E)
                  20011444    00000004     --HOLE-- [fill = 0]
                  20011448    0000000c                  : BIOS.obj (.text:ti_sysbios_family_arm_m3_TaskSupport_getStackAlignment__E)
                  20011454    00000004     --HOLE-- [fill = 0]
                  20011458    0000000c                  : BIOS.obj (.text:ti_sysbios_gates_GateHwi_enter__E)
                  20011464    0000000c     app_pem4.oem4 (.text:ti_sysbios_knl_Queue_Object__get__S)
                  20011470    0000000c     app_pem4.oem4 (.text:ti_sysbios_knl_Semaphore_Params__init__S)
                  2001147c    0000000c     app_pem4.oem4 (.text:ti_sysbios_knl_Task_Params__init__S)
                  20011488    0000000c     ti.targets.arm.rtsarm.aem4 : Error.oem4 (.text:xdc_runtime_Error_init__E)
                  20011494    0000000c                                : Gate.oem4 (.text:xdc_runtime_Gate_enterSystem__E)
                  200114a0    0000000c                                : Memory.oem4 (.text:xdc_runtime_Memory_calloc__E)
                  200114ac    0000000c                                : Memory.oem4 (.text:xdc_runtime_Memory_getMaxDefaultTypeAlign__E)
                  200114b8    0000000a     driverlib.a : interrupt.obj (.text:IntMasterEnable)
                  200114c2    0000000a     app_pem4.oem4 (.text:xdc_runtime_IHeap_alloc)
                  200114cc    0000000a     app_pem4.oem4 (.text:xdc_runtime_IHeap_free)
                  200114d6    0000000a     ti.targets.arm.rtsarm.aem4 : LoggerBuf.oem4 (.text:xdc_runtime_LoggerBuf_disable__E)
                  200114e0    0000000a                                : LoggerBuf.oem4 (.text:xdc_runtime_LoggerBuf_enable__E)
                  200114ea    00000006     --HOLE-- [fill = 0]
                  200114f0    00000008     sysbios.aem4 : BIOS.obj (.text:ti_sysbios_family_arm_m3_Hwi_doSwiRestore__I)
                  200114f8    00000008                  : BIOS.obj (.text:ti_sysbios_family_arm_m3_Hwi_startup__E)
                  20011500    00000006                  : BIOS.obj (.text:ti_sysbios_family_arm_m3_Hwi_restoreFxn__E)
                  20011506    00000002     --HOLE-- [fill = 0]
                  20011508    00000006                  : BIOS.obj (.text:ti_sysbios_gates_GateHwi_leave__E)
                  2001150e    00000002     --HOLE-- [fill = 0]
                  20011510    00000006                  : BIOS.obj (.text:ti_sysbios_heaps_HeapMem_isBlocking__E)
                  20011516    00000002     --HOLE-- [fill = 0]
                  20011518    00000006                  : BIOS.obj (.text:ti_sysbios_knl_Queue_Instance_init__E)
                  2001151e    00000002     --HOLE-- [fill = 0]
                  20011520    00000004                  : BIOS.obj (.text:ti_sysbios_family_arm_m3_Timer_getMaxTicks__E)
                  20011524    00000004     --HOLE-- [fill = 0]
                  20011528    00000004                  : BIOS.obj (.text:ti_sysbios_gates_GateHwi_query__E)
                  2001152c    00000004     --HOLE-- [fill = 0]
                  20011530    00000004                  : BIOS.obj (.text:ti_sysbios_gates_GateMutex_query__E)
                  20011534    00000004     --HOLE-- [fill = 0]
                  20011538    00000004                  : BIOS.obj (.text:ti_sysbios_knl_Task_startup__E)
                  2001153c    00000004     --HOLE-- [fill = 0]
                  20011540    00000002                  : BIOS.obj (.text:ti_sysbios_gates_GateHwi_Instance_init__E)

.const     0    20011544    000024cb     
                  20011544    000018cb     app_pem4.oem4 (.const:xdc_runtime_Text_charTab__A)
                  20012e0f    00000101     rtsv7M4_T_le_eabi.lib : ctype.obj (.const:.string:_ctypes_)
                  20012f10    00000100     driverlib.a : pin.obj (.const:g_ulPinToPadMap)
                  20013010    000000b8     app_pem4.oem4 (.const:xdc_runtime_Text_nodeTab__A)
                  200130c8    000000a8     driverlib.a : prcm.obj (.const:PRCM_PeriphRegsList)
                  20013170    00000080                 : interrupt.obj (.const)
                  200131f0    00000048     app_pem4.oem4 (.const:.string)
                  20013238    0000003c     simplelink.a : driver.obj (.const:OpcodeTranslateTable)
                  20013274    0000003c                  : wlan.obj (.const)
                  200132b0    0000003c     app_pem4.oem4 (.const:ti_sysbios_knl_Task_Object__PARAMS__C)
                  200132ec    0000003c     app_pem4.oem4 (.const:xdc_runtime_LoggerBuf_Module__FXNS__C)
                  20013328    00000038     simplelink.a : driver.obj (.const:_SlActionLookupTable)
                  20013360    00000038                  : driver.obj (.const)
                  20013398    00000034                  : socket.obj (.const)
                  200133cc    00000034     app_pem4.oem4 (.const:ti_sysbios_knl_Mailbox_Object__PARAMS__C)
                  20013400    00000030     app_pem4.oem4 (.const:ti_sysbios_family_arm_m3_Hwi_Object__PARAMS__C)
                  20013430    00000030     app_pem4.oem4 (.const:xdc_runtime_Startup_sfxnTab__A)
                  20013460    00000028     simplelink.a : netapp.obj (.const)
                  20013488    00000028     app_pem4.oem4 (.const:ti_sysbios_heaps_HeapMem_Module__FXNS__C)
                  200134b0    00000024     app_pem4.oem4 (.const:ti_sysbios_gates_GateHwi_Module__FXNS__C)
                  200134d4    00000024     app_pem4.oem4 (.const:ti_sysbios_gates_GateMutex_Module__FXNS__C)
                  200134f8    00000024     app_pem4.oem4 (.const:ti_sysbios_heaps_HeapMem_Object__PARAMS__C)
                  2001351c    00000024     app_pem4.oem4 (.const:ti_sysbios_knl_Semaphore_Object__PARAMS__C)
                  20013540    00000024     app_pem4.oem4 (.const:xdc_runtime_LoggerBuf_Object__PARAMS__C)
                  20013564    00000020     app_pem4.oem4 (.const:ti_sysbios_family_arm_m3_Hwi_Object__DESC__C)
                  20013584    00000020     app_pem4.oem4 (.const:ti_sysbios_gates_GateHwi_Object__DESC__C)
                  200135a4    00000020     app_pem4.oem4 (.const:ti_sysbios_gates_GateMutex_Object__DESC__C)
                  200135c4    00000020     app_pem4.oem4 (.const:ti_sysbios_heaps_HeapMem_Object__DESC__C)
                  200135e4    00000020     app_pem4.oem4 (.const:ti_sysbios_knl_Mailbox_Object__DESC__C)
                  20013604    00000020     app_pem4.oem4 (.const:ti_sysbios_knl_Queue_Object__DESC__C)
                  20013624    00000020     app_pem4.oem4 (.const:ti_sysbios_knl_Semaphore_Object__DESC__C)
                  20013644    00000020     app_pem4.oem4 (.const:ti_sysbios_knl_Task_Object__DESC__C)
                  20013664    00000020     app_pem4.oem4 (.const:xdc_runtime_LoggerBuf_Object__DESC__C)
                  20013684    0000001c     simplelink.a : device.obj (.const)
                  200136a0    00000018     driverlib.a : spi.obj (.const)
                  200136b8    00000018     app_pem4.oem4 (.const:ti_sysbios_gates_GateHwi_Object__PARAMS__C)
                  200136d0    00000018     app_pem4.oem4 (.const:ti_sysbios_gates_GateMutex_Object__PARAMS__C)
                  200136e8    00000018     app_pem4.oem4 (.const:ti_sysbios_knl_Queue_Object__PARAMS__C)
                  20013700    00000018     app_pem4.oem4 (.const:xdc_runtime_Startup_sfxnRts__A)
                  20013718    00000010     simplelink.a : socket.obj (.const:.string)
                  20013728    00000010     driverlib.a : uart.obj (.const)
                  20013738    0000000c     app_pem4.oem4 (.const:xdc_runtime_Startup_firstFxns__A)
                  20013744    00000008     app_pem4.oem4 (.const:ti_sysbios_family_arm_m3_Hwi_excHookFuncs__A)
                  2001374c    00000008     app_pem4.oem4 (.const:ti_sysbios_knl_Idle_funcList__C)
                  20013754    00000008     app_pem4.oem4 (.const:xdc_runtime_Startup_firstFxns__C)
                  2001375c    00000008     app_pem4.oem4 (.const:xdc_runtime_Startup_lastFxns__C)
                  20013764    00000004     app_pem4.oem4 (.const:ti_sysbios_family_arm_m3_Hwi_E_NMI__C)
                  20013768    00000004     app_pem4.oem4 (.const:ti_sysbios_family_arm_m3_Hwi_E_alreadyDefined__C)
                  2001376c    00000004     app_pem4.oem4 (.const:ti_sysbios_family_arm_m3_Hwi_E_busFault__C)
                  20013770    00000004     app_pem4.oem4 (.const:ti_sysbios_family_arm_m3_Hwi_E_debugMon__C)
                  20013774    00000004     app_pem4.oem4 (.const:ti_sysbios_family_arm_m3_Hwi_E_hardFault__C)
                  20013778    00000004     app_pem4.oem4 (.const:ti_sysbios_family_arm_m3_Hwi_E_memFault__C)
                  2001377c    00000004     app_pem4.oem4 (.const:ti_sysbios_family_arm_m3_Hwi_E_noIsr__C)
                  20013780    00000004     app_pem4.oem4 (.const:ti_sysbios_family_arm_m3_Hwi_E_reserved__C)
                  20013784    00000004     app_pem4.oem4 (.const:ti_sysbios_family_arm_m3_Hwi_E_svCall__C)
                  20013788    00000004     app_pem4.oem4 (.const:ti_sysbios_family_arm_m3_Hwi_E_usageFault__C)
                  2001378c    00000004     app_pem4.oem4 (.const:ti_sysbios_family_arm_m3_Hwi_LD_end__C)
                  20013790    00000004     app_pem4.oem4 (.const:ti_sysbios_family_arm_m3_Hwi_LM_begin__C)
                  20013794    00000004     app_pem4.oem4 (.const:ti_sysbios_family_arm_m3_Hwi_Module__diagsEnabled__C)
                  20013798    00000004     app_pem4.oem4 (.const:ti_sysbios_family_arm_m3_Hwi_Module__diagsIncluded__C)
                  2001379c    00000004     app_pem4.oem4 (.const:ti_sysbios_family_arm_m3_Hwi_Module__diagsMask__C)
                  200137a0    00000004     app_pem4.oem4 (.const:ti_sysbios_family_arm_m3_Hwi_Module__loggerFxn1__C)
                  200137a4    00000004     app_pem4.oem4 (.const:ti_sysbios_family_arm_m3_Hwi_Module__loggerFxn8__C)
                  200137a8    00000004     app_pem4.oem4 (.const:ti_sysbios_family_arm_m3_Hwi_Module__loggerObj__C)
                  200137ac    00000004     app_pem4.oem4 (.const:ti_sysbios_family_arm_m3_Hwi_NUM_INTERRUPTS__C)
                  200137b0    00000004     app_pem4.oem4 (.const:ti_sysbios_family_arm_m3_Hwi_Object__count__C)
                  200137b4    00000004     app_pem4.oem4 (.const:ti_sysbios_family_arm_m3_Hwi_ccr__C)
                  200137b8    00000004     app_pem4.oem4 (.const:ti_sysbios_family_arm_m3_Hwi_excHandlerFunc__C)
                  200137bc    00000004     app_pem4.oem4 (.const:ti_sysbios_family_arm_m3_Hwi_excHookFuncs__C)
                  200137c0    00000004     app_pem4.oem4 (.const:ti_sysbios_family_arm_m3_Hwi_nullIsrFunc__C)
                  200137c4    00000004     app_pem4.oem4 (.const:ti_sysbios_family_arm_m3_Hwi_priGroup__C)
                  200137c8    00000004     app_pem4.oem4 (.const:ti_sysbios_family_arm_m3_TaskSupport_stackAlignment__C)
                  200137cc    00000004     app_pem4.oem4 (.const:ti_sysbios_family_arm_m3_Timer_E_cannotSupport__C)
                  200137d0    00000004     app_pem4.oem4 (.const:ti_sysbios_family_arm_m3_Timer_startupNeeded__C)
                  200137d4    00000004     app_pem4.oem4 (.const:ti_sysbios_gates_GateMutex_A_badContext__C)
                  200137d8    00000004     app_pem4.oem4 (.const:ti_sysbios_gates_GateMutex_Instance_State_sem__O)
                  200137dc    00000004     app_pem4.oem4 (.const:ti_sysbios_gates_GateMutex_Module__diagsEnabled__C)
                  200137e0    00000004     app_pem4.oem4 (.const:ti_sysbios_gates_GateMutex_Module__diagsIncluded__C)
                  200137e4    00000004     app_pem4.oem4 (.const:ti_sysbios_gates_GateMutex_Module__diagsMask__C)
                  200137e8    00000004     app_pem4.oem4 (.const:ti_sysbios_hal_Hwi_E_stackOverflow__C)
                  200137ec    00000004     app_pem4.oem4 (.const:ti_sysbios_heaps_HeapMem_A_align__C)
                  200137f0    00000004     app_pem4.oem4 (.const:ti_sysbios_heaps_HeapMem_A_heapSize__C)
                  200137f4    00000004     app_pem4.oem4 (.const:ti_sysbios_heaps_HeapMem_A_invalidFree__C)
                  200137f8    00000004     app_pem4.oem4 (.const:ti_sysbios_heaps_HeapMem_A_zeroBlock__C)
                  200137fc    00000004     app_pem4.oem4 (.const:ti_sysbios_heaps_HeapMem_E_memory__C)
                  20013800    00000004     app_pem4.oem4 (.const:ti_sysbios_heaps_HeapMem_Module__diagsEnabled__C)
                  20013804    00000004     app_pem4.oem4 (.const:ti_sysbios_heaps_HeapMem_Module__diagsIncluded__C)
                  20013808    00000004     app_pem4.oem4 (.const:ti_sysbios_heaps_HeapMem_Module__diagsMask__C)
                  2001380c    00000004     app_pem4.oem4 (.const:ti_sysbios_heaps_HeapMem_Module__gateObj__C)
                  20013810    00000004     app_pem4.oem4 (.const:ti_sysbios_heaps_HeapMem_Object__count__C)
                  20013814    00000004     app_pem4.oem4 (.const:ti_sysbios_heaps_HeapMem_reqAlign__C)
                  20013818    00000004     app_pem4.oem4 (.const:ti_sysbios_knl_Clock_LM_begin__C)
                  2001381c    00000004     app_pem4.oem4 (.const:ti_sysbios_knl_Clock_LM_tick__C)
                  20013820    00000004     app_pem4.oem4 (.const:ti_sysbios_knl_Clock_LW_delayed__C)
                  20013824    00000004     app_pem4.oem4 (.const:ti_sysbios_knl_Clock_Module_State_clockQ__O)
                  20013828    00000004     app_pem4.oem4 (.const:ti_sysbios_knl_Clock_Module__diagsEnabled__C)
                  2001382c    00000004     app_pem4.oem4 (.const:ti_sysbios_knl_Clock_Module__diagsIncluded__C)
                  20013830    00000004     app_pem4.oem4 (.const:ti_sysbios_knl_Clock_Module__diagsMask__C)
                  20013834    00000004     app_pem4.oem4 (.const:ti_sysbios_knl_Clock_Module__loggerFxn1__C)
                  20013838    00000004     app_pem4.oem4 (.const:ti_sysbios_knl_Clock_Module__loggerFxn2__C)
                  2001383c    00000004     app_pem4.oem4 (.const:ti_sysbios_knl_Clock_Module__loggerObj__C)
                  20013840    00000004     app_pem4.oem4 (.const:ti_sysbios_knl_Clock_tickPeriod__C)
                  20013844    00000004     app_pem4.oem4 (.const:ti_sysbios_knl_Idle_funcList__A)
                  20013848    00000004     app_pem4.oem4 (.const:ti_sysbios_knl_Mailbox_A_invalidBufSize__C)
                  2001384c    00000004     app_pem4.oem4 (.const:ti_sysbios_knl_Mailbox_Instance_State_dataQue__O)
                  20013850    00000004     app_pem4.oem4 (.const:ti_sysbios_knl_Mailbox_Instance_State_dataSem__O)
                  20013854    00000004     app_pem4.oem4 (.const:ti_sysbios_knl_Mailbox_Instance_State_freeQue__O)
                  20013858    00000004     app_pem4.oem4 (.const:ti_sysbios_knl_Mailbox_Instance_State_freeSem__O)
                  2001385c    00000004     app_pem4.oem4 (.const:ti_sysbios_knl_Mailbox_Module__diagsEnabled__C)
                  20013860    00000004     app_pem4.oem4 (.const:ti_sysbios_knl_Mailbox_Module__diagsIncluded__C)
                  20013864    00000004     app_pem4.oem4 (.const:ti_sysbios_knl_Mailbox_Module__diagsMask__C)
                  20013868    00000004     app_pem4.oem4 (.const:ti_sysbios_knl_Mailbox_Object__count__C)
                  2001386c    00000004     app_pem4.oem4 (.const:ti_sysbios_knl_Mailbox_maxTypeAlign__C)
                  20013870    00000004     app_pem4.oem4 (.const:ti_sysbios_knl_Semaphore_A_badContext__C)
                  20013874    00000004     app_pem4.oem4 (.const:ti_sysbios_knl_Semaphore_A_noEvents__C)
                  20013878    00000004     app_pem4.oem4 (.const:ti_sysbios_knl_Semaphore_A_overflow__C)
                  2001387c    00000004     app_pem4.oem4 (.const:ti_sysbios_knl_Semaphore_A_pendTaskDisabled__C)
                  20013880    00000004     app_pem4.oem4 (.const:ti_sysbios_knl_Semaphore_Instance_State_pendQ__O)
                  20013884    00000004     app_pem4.oem4 (.const:ti_sysbios_knl_Semaphore_LM_pend__C)
                  20013888    00000004     app_pem4.oem4 (.const:ti_sysbios_knl_Semaphore_LM_post__C)
                  2001388c    00000004     app_pem4.oem4 (.const:ti_sysbios_knl_Semaphore_Module__diagsEnabled__C)
                  20013890    00000004     app_pem4.oem4 (.const:ti_sysbios_knl_Semaphore_Module__diagsIncluded__C)
                  20013894    00000004     app_pem4.oem4 (.const:ti_sysbios_knl_Semaphore_Module__diagsMask__C)
                  20013898    00000004     app_pem4.oem4 (.const:ti_sysbios_knl_Semaphore_Module__loggerFxn2__C)
                  2001389c    00000004     app_pem4.oem4 (.const:ti_sysbios_knl_Semaphore_Module__loggerFxn4__C)
                  200138a0    00000004     app_pem4.oem4 (.const:ti_sysbios_knl_Semaphore_Module__loggerObj__C)
                  200138a4    00000004     app_pem4.oem4 (.const:ti_sysbios_knl_Swi_LD_end__C)
                  200138a8    00000004     app_pem4.oem4 (.const:ti_sysbios_knl_Swi_LM_begin__C)
                  200138ac    00000004     app_pem4.oem4 (.const:ti_sysbios_knl_Swi_LM_post__C)
                  200138b0    00000004     app_pem4.oem4 (.const:ti_sysbios_knl_Swi_Module__diagsEnabled__C)
                  200138b4    00000004     app_pem4.oem4 (.const:ti_sysbios_knl_Swi_Module__diagsIncluded__C)
                  200138b8    00000004     app_pem4.oem4 (.const:ti_sysbios_knl_Swi_Module__diagsMask__C)
                  200138bc    00000004     app_pem4.oem4 (.const:ti_sysbios_knl_Swi_Module__loggerFxn1__C)
                  200138c0    00000004     app_pem4.oem4 (.const:ti_sysbios_knl_Swi_Module__loggerFxn4__C)
                  200138c4    00000004     app_pem4.oem4 (.const:ti_sysbios_knl_Swi_Module__loggerObj__C)
                  200138c8    00000004     app_pem4.oem4 (.const:ti_sysbios_knl_Swi_Object__count__C)
                  200138cc    00000004     app_pem4.oem4 (.const:ti_sysbios_knl_Task_A_badPriority__C)
                  200138d0    00000004     app_pem4.oem4 (.const:ti_sysbios_knl_Task_A_badTaskState__C)
                  200138d4    00000004     app_pem4.oem4 (.const:ti_sysbios_knl_Task_A_badThreadType__C)
                  200138d8    00000004     app_pem4.oem4 (.const:ti_sysbios_knl_Task_A_badTimeout__C)
                  200138dc    00000004     app_pem4.oem4 (.const:ti_sysbios_knl_Task_A_noPendElem__C)
                  200138e0    00000004     app_pem4.oem4 (.const:ti_sysbios_knl_Task_A_sleepTaskDisabled__C)
                  200138e4    00000004     app_pem4.oem4 (.const:ti_sysbios_knl_Task_E_spOutOfBounds__C)
                  200138e8    00000004     app_pem4.oem4 (.const:ti_sysbios_knl_Task_E_stackOverflow__C)
                  200138ec    00000004     app_pem4.oem4 (.const:ti_sysbios_knl_Task_LD_block__C)
                  200138f0    00000004     app_pem4.oem4 (.const:ti_sysbios_knl_Task_LD_exit__C)
                  200138f4    00000004     app_pem4.oem4 (.const:ti_sysbios_knl_Task_LD_ready__C)
                  200138f8    00000004     app_pem4.oem4 (.const:ti_sysbios_knl_Task_LM_sleep__C)
                  200138fc    00000004     app_pem4.oem4 (.const:ti_sysbios_knl_Task_LM_switch__C)
                  20013900    00000004     app_pem4.oem4 (.const:ti_sysbios_knl_Task_LM_yield__C)
                  20013904    00000004     app_pem4.oem4 (.const:ti_sysbios_knl_Task_Module_State_inactiveQ__O)
                  20013908    00000004     app_pem4.oem4 (.const:ti_sysbios_knl_Task_Module__diagsEnabled__C)
                  2001390c    00000004     app_pem4.oem4 (.const:ti_sysbios_knl_Task_Module__diagsIncluded__C)
                  20013910    00000004     app_pem4.oem4 (.const:ti_sysbios_knl_Task_Module__diagsMask__C)
                  20013914    00000004     app_pem4.oem4 (.const:ti_sysbios_knl_Task_Module__loggerFxn2__C)
                  20013918    00000004     app_pem4.oem4 (.const:ti_sysbios_knl_Task_Module__loggerFxn4__C)
                  2001391c    00000004     app_pem4.oem4 (.const:ti_sysbios_knl_Task_Module__loggerObj__C)
                  20013920    00000004     app_pem4.oem4 (.const:ti_sysbios_knl_Task_Object__count__C)
                  20013924    00000004     app_pem4.oem4 (.const:ti_sysbios_knl_Task_allBlockedFunc__C)
                  20013928    00000004     app_pem4.oem4 (.const:ti_sysbios_knl_Task_defaultStackHeap__C)
                  2001392c    00000004     app_pem4.oem4 (.const:ti_sysbios_knl_Task_defaultStackSize__C)
                  20013930    00000004     app_pem4.oem4 (.const:ti_sysbios_knl_Task_numConstructedTasks__C)
                  20013934    00000004     app_pem4.oem4 (.const:xdc_runtime_Assert_E_assertFailed__C)
                  20013938    00000004     app_pem4.oem4 (.const:xdc_runtime_Core_A_initializedParams__C)
                  2001393c    00000004     app_pem4.oem4 (.const:xdc_runtime_Core_Module__diagsEnabled__C)
                  20013940    00000004     app_pem4.oem4 (.const:xdc_runtime_Core_Module__diagsIncluded__C)
                  20013944    00000004     app_pem4.oem4 (.const:xdc_runtime_Core_Module__diagsMask__C)
                  20013948    00000004     app_pem4.oem4 (.const:xdc_runtime_Error_E_memory__C)
                  2001394c    00000004     app_pem4.oem4 (.const:xdc_runtime_Error_Module__diagsEnabled__C)
                  20013950    00000004     app_pem4.oem4 (.const:xdc_runtime_Error_Module__diagsIncluded__C)
                  20013954    00000004     app_pem4.oem4 (.const:xdc_runtime_Error_Module__diagsMask__C)
                  20013958    00000004     app_pem4.oem4 (.const:xdc_runtime_Error_Module__loggerFxn8__C)
                  2001395c    00000004     app_pem4.oem4 (.const:xdc_runtime_Error_Module__loggerObj__C)
                  20013960    00000004     app_pem4.oem4 (.const:xdc_runtime_Error_policyFxn__C)
                  20013964    00000004     app_pem4.oem4 (.const:xdc_runtime_Error_raiseHook__C)
                  20013968    00000004     app_pem4.oem4 (.const:xdc_runtime_IFilterLogger_Interface__BASE__C)
                  2001396c    00000004     app_pem4.oem4 (.const:xdc_runtime_IGateProvider_Interface__BASE__C)
                  20013970    00000004     app_pem4.oem4 (.const:xdc_runtime_IHeap_Interface__BASE__C)
                  20013974    00000004     app_pem4.oem4 (.const:xdc_runtime_ILogger_Interface__BASE__C)
                  20013978    00000004     app_pem4.oem4 (.const:xdc_runtime_IModule_Interface__BASE__C)
                  2001397c    00000004     app_pem4.oem4 (.const:xdc_runtime_Log_L_error__C)
                  20013980    00000004     app_pem4.oem4 (.const:xdc_runtime_LoggerBuf_E_badLevel__C)
                  20013984    00000004     app_pem4.oem4 (.const:xdc_runtime_LoggerBuf_Module__gateObj__C)
                  20013988    00000004     app_pem4.oem4 (.const:xdc_runtime_LoggerBuf_Object__count__C)
                  2001398c    00000004     app_pem4.oem4 (.const:xdc_runtime_LoggerBuf_statusLogger__C)
                  20013990    00000004     app_pem4.oem4 (.const:xdc_runtime_Memory_defaultHeapInstance__C)
                  20013994    00000004     app_pem4.oem4 (.const:xdc_runtime_Startup_execImpl__C)
                  20013998    00000004     app_pem4.oem4 (.const:xdc_runtime_Startup_maxPasses__C)
                  2001399c    00000004     app_pem4.oem4 (.const:xdc_runtime_Startup_sfxnRts__C)
                  200139a0    00000004     app_pem4.oem4 (.const:xdc_runtime_Startup_sfxnTab__C)
                  200139a4    00000004     app_pem4.oem4 (.const:xdc_runtime_SysMin_bufSize__C)
                  200139a8    00000004     app_pem4.oem4 (.const:xdc_runtime_SysMin_outputFunc__C)
                  200139ac    00000004     app_pem4.oem4 (.const:xdc_runtime_System_Module__gateObj__C)
                  200139b0    00000004     app_pem4.oem4 (.const:xdc_runtime_System_abortFxn__C)
                  200139b4    00000004     app_pem4.oem4 (.const:xdc_runtime_System_exitFxn__C)
                  200139b8    00000004     app_pem4.oem4 (.const:xdc_runtime_System_extendFxn__C)
                  200139bc    00000004     app_pem4.oem4 (.const:xdc_runtime_System_maxAtexitHandlers__C)
                  200139c0    00000004     app_pem4.oem4 (.const:xdc_runtime_Text_charTab__C)
                  200139c4    00000004     app_pem4.oem4 (.const:xdc_runtime_Text_nameEmpty__C)
                  200139c8    00000004     app_pem4.oem4 (.const:xdc_runtime_Text_nameStatic__C)
                  200139cc    00000004     app_pem4.oem4 (.const:xdc_runtime_Text_nameUnknown__C)
                  200139d0    00000004     app_pem4.oem4 (.const:xdc_runtime_Text_nodeTab__C)
                  200139d4    00000004     app_pem4.oem4 (.const:xdc_runtime_Text_visitRopeFxn__C)
                  200139d8    00000002     app_pem4.oem4 (.const:ti_sysbios_family_arm_m3_Hwi_Module__id__C)
                  200139da    00000002     app_pem4.oem4 (.const:ti_sysbios_family_arm_m3_Hwi_Module__loggerDefined__C)
                  200139dc    00000002     app_pem4.oem4 (.const:ti_sysbios_family_arm_m3_Timer_Module__id__C)
                  200139de    00000002     app_pem4.oem4 (.const:ti_sysbios_family_arm_m3_TimestampProvider_configTimer__C)
                  200139e0    00000002     app_pem4.oem4 (.const:ti_sysbios_gates_GateMutex_Module__id__C)
                  200139e2    00000002     app_pem4.oem4 (.const:ti_sysbios_hal_Hwi_Module__id__C)
                  200139e4    00000002     app_pem4.oem4 (.const:ti_sysbios_heaps_HeapMem_Module__id__C)
                  200139e6    00000002     app_pem4.oem4 (.const:ti_sysbios_knl_Clock_Module__id__C)
                  200139e8    00000002     app_pem4.oem4 (.const:ti_sysbios_knl_Clock_Module__loggerDefined__C)
                  200139ea    00000002     app_pem4.oem4 (.const:ti_sysbios_knl_Mailbox_Module__id__C)
                  200139ec    00000002     app_pem4.oem4 (.const:ti_sysbios_knl_Semaphore_Module__id__C)
                  200139ee    00000002     app_pem4.oem4 (.const:ti_sysbios_knl_Semaphore_Module__loggerDefined__C)
                  200139f0    00000002     app_pem4.oem4 (.const:ti_sysbios_knl_Swi_Module__id__C)
                  200139f2    00000002     app_pem4.oem4 (.const:ti_sysbios_knl_Swi_Module__loggerDefined__C)
                  200139f4    00000002     app_pem4.oem4 (.const:ti_sysbios_knl_Task_Module__id__C)
                  200139f6    00000002     app_pem4.oem4 (.const:ti_sysbios_knl_Task_Module__loggerDefined__C)
                  200139f8    00000002     app_pem4.oem4 (.const:xdc_runtime_Core_Module__id__C)
                  200139fa    00000002     app_pem4.oem4 (.const:xdc_runtime_Error_Module__loggerDefined__C)
                  200139fc    00000002     app_pem4.oem4 (.const:xdc_runtime_Error_maxDepth__C)
                  200139fe    00000002     app_pem4.oem4 (.const:xdc_runtime_LoggerBuf_Module__id__C)
                  20013a00    00000002     app_pem4.oem4 (.const:xdc_runtime_LoggerBuf_filterByLevel__C)
                  20013a02    00000002     app_pem4.oem4 (.const:xdc_runtime_Memory_Module__id__C)
                  20013a04    00000002     app_pem4.oem4 (.const:xdc_runtime_SysMin_flushAtExit__C)
                  20013a06    00000002     app_pem4.oem4 (.const:xdc_runtime_Text_charCnt__C)
                  20013a08    00000002     app_pem4.oem4 (.const:xdc_runtime_Text_isLoaded__C)
                  20013a0a    00000002     app_pem4.oem4 (.const:xdc_runtime_Text_registryModsLastId__C)
                  20013a0c    00000002     app_pem4.oem4 (.const:xdc_runtime_Text_unnamedModsLastId__C)
                  20013a0e    00000001     app_pem4.oem4 (.const:xdc_runtime_Error_policy__C)

.cinit     0    20013a10    00000390     
                  20013a10    00000366     (.cinit..data.load) [load image, compression = rle]
                  20013d76    00000002     --HOLE-- [fill = 0]
                  20013d78    0000000c     (__TI_handler_table)
                  20013d84    00000004     --HOLE-- [fill = 0]
                  20013d88    00000008     (.cinit..bss.load) [load image, compression = zero_init]
                  20013d90    00000010     (__TI_cinit_table)

.bss       0    20017000    0000974e     UNINITIALIZED
                  20017000    00008000     app_pem4.oem4 (.bss:ti_sysbios_heaps_HeapMem_Instance_State_0_buf__A)
                  2001f000    00000800     app_pem4.oem4 (.bss:taskStackSection)
                  2001f800    00000400     app_pem4.oem4 (.bss:xdc_runtime_LoggerBuf_Instance_State_0_entryArr__A)
                  2001fc00    00000400     app_pem4.oem4 (.bss:xdc_runtime_SysMin_Module_State_0_outbuf__A)
                  20020000    0000030c     app_pem4.oem4 (.bss:ti_sysbios_family_arm_m3_Hwi_dispatchTable)
                  2002030c    00000178     simplelink.a : driver.obj (.bss:g_StatMem)
                  20020484    00000120     rtsv7M4_T_le_eabi.lib : trgmsg.obj (.bss:__CIOBUF_)
                  200205a4    00000108     task_uart.obj (.bss:_rxBuffers)
                  200206ac    00000050     simplelink.a : cc_pal.obj (.bss:g_ucDinDout)
                  200206fc    00000024     main.obj (.bss:SSID)
                  20020720    00000008     (.common:parmbuf)
                  20020728    00000004     (.common:DMAMsgQ)
                  2002072c    00000004     (.common:SimpleLinkSpawnTaskHndl)
                  20020730    00000004     (.common:__Errorlog)
                  20020734    00000004     (.common:_activityTick)
                  20020738    00000004     (.common:_bufferSwitch)
                  2002073c    00000004     (.common:_clientSocket)
                  20020740    00000004     (.common:_socketTaskHandle)
                  20020744    00000004     (.common:g_cDummy)
                  20020748    00000004     (.common:simpleLink_mailbox)
                  2002074c    00000001     (.common:RxIrqCnt)
                  2002074d    00000001     (.common:g_bDeviceRestartIsRequired)

.data      0    20020750    0000057c     UNINITIALIZED
                  20020750    00000138     app_pem4.oem4 (.data)
                  20020888    000000b0     rtsv7M4_T_le_eabi.lib : signal.obj (.data:sigtable)
                  20020938    00000080                           : xvalues.obj (.data)
                  200209b8    00000080     app_pem4.oem4 (.data:ti_sysbios_knl_Swi_Module_State_0_readyQ__A)
                  20020a38    00000080     app_pem4.oem4 (.data:ti_sysbios_knl_Task_Module_State_0_readyQ__A)
                  20020ab8    0000004c     app_pem4.oem4 (.data:ti_sysbios_knl_Task_Object__table__V)
                  20020b04    00000044     app_pem4.oem4 (.data:ti_sysbios_knl_Task_Module__state__V)
                  20020b48    00000038     app_pem4.oem4 (.data:ti_sysbios_gates_GateMutex_Object__table__V)
                  20020b80    00000034     app_pem4.oem4 (.data:ti_sysbios_family_arm_m3_Hwi_Module__state__V)
                  20020bb4    00000030     app_pem4.oem4 (.data:ti_sysbios_family_arm_m3_Timer_Object__table__V)
                  20020be4    00000030     app_pem4.oem4 (.data:ti_sysbios_knl_Swi_Object__table__V)
                  20020c14    0000002c     app_pem4.oem4 (.data:ti_sysbios_knl_Clock_Module__state__V)
                  20020c40    00000024     app_pem4.oem4 (.data:ti_sysbios_BIOS_Module__state__V)
                  20020c64    00000024     app_pem4.oem4 (.data:xdc_runtime_LoggerBuf_Object__table__V)
                  20020c88    0000000d     simplelink.a : driver.obj (.data)
[...]
2001377c  ti_sysbios_family_arm_m3_Hwi_E_noIsr__C                     
20013780  ti_sysbios_family_arm_m3_Hwi_E_reserved__C                  
20013784  ti_sysbios_family_arm_m3_Hwi_E_svCall__C                    
20013788  ti_sysbios_family_arm_m3_Hwi_E_usageFault__C                
2001378c  ti_sysbios_family_arm_m3_Hwi_LD_end__C                      
20013790  ti_sysbios_family_arm_m3_Hwi_LM_begin__C                    
20013794  ti_sysbios_family_arm_m3_Hwi_Module__diagsEnabled__C        
20013798  ti_sysbios_family_arm_m3_Hwi_Module__diagsIncluded__C       
2001379c  ti_sysbios_family_arm_m3_Hwi_Module__diagsMask__C           
200137a0  ti_sysbios_family_arm_m3_Hwi_Module__loggerFxn1__C          
200137a4  ti_sysbios_family_arm_m3_Hwi_Module__loggerFxn8__C          
200137a8  ti_sysbios_family_arm_m3_Hwi_Module__loggerObj__C           
200137ac  ti_sysbios_family_arm_m3_Hwi_NUM_INTERRUPTS__C              
200137b0  ti_sysbios_family_arm_m3_Hwi_Object__count__C               
200137b4  ti_sysbios_family_arm_m3_Hwi_ccr__C                         
200137b8  ti_sysbios_family_arm_m3_Hwi_excHandlerFunc__C              
200137bc  ti_sysbios_family_arm_m3_Hwi_excHookFuncs__C                
200137c0  ti_sysbios_family_arm_m3_Hwi_nullIsrFunc__C                 
200137c4  ti_sysbios_family_arm_m3_Hwi_priGroup__C                    
200137c8  ti_sysbios_family_arm_m3_TaskSupport_stackAlignment__C      
200137cc  ti_sysbios_family_arm_m3_Timer_E_cannotSupport__C           
200137d0  ti_sysbios_family_arm_m3_Timer_startupNeeded__C             
200137d4  ti_sysbios_gates_GateMutex_A_badContext__C                  
200137d8  ti_sysbios_gates_GateMutex_Instance_State_sem__O            
200137dc  ti_sysbios_gates_GateMutex_Module__diagsEnabled__C          
200137e0  ti_sysbios_gates_GateMutex_Module__diagsIncluded__C         
200137e4  ti_sysbios_gates_GateMutex_Module__diagsMask__C             
200137e8  ti_sysbios_hal_Hwi_E_stackOverflow__C                       
200137ec  ti_sysbios_heaps_HeapMem_A_align__C                         
200137f0  ti_sysbios_heaps_HeapMem_A_heapSize__C                      
200137f4  ti_sysbios_heaps_HeapMem_A_invalidFree__C                   
200137f8  ti_sysbios_heaps_HeapMem_A_zeroBlock__C                     
200137fc  ti_sysbios_heaps_HeapMem_E_memory__C                        
20013800  ti_sysbios_heaps_HeapMem_Module__diagsEnabled__C            
20013804  ti_sysbios_heaps_HeapMem_Module__diagsIncluded__C           
20013808  ti_sysbios_heaps_HeapMem_Module__diagsMask__C               
2001380c  ti_sysbios_heaps_HeapMem_Module__gateObj__C                 
20013810  ti_sysbios_heaps_HeapMem_Object__count__C                   
20013814  ti_sysbios_heaps_HeapMem_reqAlign__C                        
20013818  ti_sysbios_knl_Clock_LM_begin__C                            
2001381c  ti_sysbios_knl_Clock_LM_tick__C                             
20013820  ti_sysbios_knl_Clock_LW_delayed__C                          
20013824  ti_sysbios_knl_Clock_Module_State_clockQ__O                 
20013828  ti_sysbios_knl_Clock_Module__diagsEnabled__C                
2001382c  ti_sysbios_knl_Clock_Module__diagsIncluded__C               
20013830  ti_sysbios_knl_Clock_Module__diagsMask__C                   
20013834  ti_sysbios_knl_Clock_Module__loggerFxn1__C                  
20013838  ti_sysbios_knl_Clock_Module__loggerFxn2__C                  
2001383c  ti_sysbios_knl_Clock_Module__loggerObj__C                   
20013840  ti_sysbios_knl_Clock_tickPeriod__C                          
20013844  ti_sysbios_knl_Idle_funcList__A                             
20013848  ti_sysbios_knl_Mailbox_A_invalidBufSize__C                  
2001384c  ti_sysbios_knl_Mailbox_Instance_State_dataQue__O            
20013850  ti_sysbios_knl_Mailbox_Instance_State_dataSem__O            
20013854  ti_sysbios_knl_Mailbox_Instance_State_freeQue__O            
20013858  ti_sysbios_knl_Mailbox_Instance_State_freeSem__O            
2001385c  ti_sysbios_knl_Mailbox_Module__diagsEnabled__C              
20013860  ti_sysbios_knl_Mailbox_Module__diagsIncluded__C             
20013864  ti_sysbios_knl_Mailbox_Module__diagsMask__C                 
20013868  ti_sysbios_knl_Mailbox_Object__count__C                     
2001386c  ti_sysbios_knl_Mailbox_maxTypeAlign__C                      
20013870  ti_sysbios_knl_Semaphore_A_badContext__C                    
20013874  ti_sysbios_knl_Semaphore_A_noEvents__C                      
20013878  ti_sysbios_knl_Semaphore_A_overflow__C                      
2001387c  ti_sysbios_knl_Semaphore_A_pendTaskDisabled__C              
20013880  ti_sysbios_knl_Semaphore_Instance_State_pendQ__O            
20013884  ti_sysbios_knl_Semaphore_LM_pend__C                         
20013888  ti_sysbios_knl_Semaphore_LM_post__C                         
2001388c  ti_sysbios_knl_Semaphore_Module__diagsEnabled__C            
20013890  ti_sysbios_knl_Semaphore_Module__diagsIncluded__C           
20013894  ti_sysbios_knl_Semaphore_Module__diagsMask__C               
20013898  ti_sysbios_knl_Semaphore_Module__loggerFxn2__C              
2001389c  ti_sysbios_knl_Semaphore_Module__loggerFxn4__C              
200138a0  ti_sysbios_knl_Semaphore_Module__loggerObj__C               
200138a4  ti_sysbios_knl_Swi_LD_end__C                                
200138a8  ti_sysbios_knl_Swi_LM_begin__C                              
200138ac  ti_sysbios_knl_Swi_LM_post__C                               
200138b0  ti_sysbios_knl_Swi_Module__diagsEnabled__C                  
200138b4  ti_sysbios_knl_Swi_Module__diagsIncluded__C                 
200138b8  ti_sysbios_knl_Swi_Module__diagsMask__C                     
200138bc  ti_sysbios_knl_Swi_Module__loggerFxn1__C                    
200138c0  ti_sysbios_knl_Swi_Module__loggerFxn4__C                    
200138c4  ti_sysbios_knl_Swi_Module__loggerObj__C                     
200138c8  ti_sysbios_knl_Swi_Object__count__C                         
200138cc  ti_sysbios_knl_Task_A_badPriority__C                        
200138d0  ti_sysbios_knl_Task_A_badTaskState__C                       
200138d4  ti_sysbios_knl_Task_A_badThreadType__C                      
200138d8  ti_sysbios_knl_Task_A_badTimeout__C                         
200138dc  ti_sysbios_knl_Task_A_noPendElem__C                         
200138e0  ti_sysbios_knl_Task_A_sleepTaskDisabled__C                  
200138e4  ti_sysbios_knl_Task_E_spOutOfBounds__C                      
200138e8  ti_sysbios_knl_Task_E_stackOverflow__C                      
200138ec  ti_sysbios_knl_Task_LD_block__C                             
200138f0  ti_sysbios_knl_Task_LD_exit__C                              
200138f4  ti_sysbios_knl_Task_LD_ready__C                             
200138f8  ti_sysbios_knl_Task_LM_sleep__C                             
200138fc  ti_sysbios_knl_Task_LM_switch__C                            
20013900  ti_sysbios_knl_Task_LM_yield__C                             
20013904  ti_sysbios_knl_Task_Module_State_inactiveQ__O               
20013908  ti_sysbios_knl_Task_Module__diagsEnabled__C                 
2001390c  ti_sysbios_knl_Task_Module__diagsIncluded__C                
20013910  ti_sysbios_knl_Task_Module__diagsMask__C                    
20013914  ti_sysbios_knl_Task_Module__loggerFxn2__C                   
20013918  ti_sysbios_knl_Task_Module__loggerFxn4__C                   
2001391c  ti_sysbios_knl_Task_Module__loggerObj__C                    
20013920  ti_sysbios_knl_Task_Object__count__C                        
20013924  ti_sysbios_knl_Task_allBlockedFunc__C                       
20013928  ti_sysbios_knl_Task_defaultStackHeap__C                     
2001392c  ti_sysbios_knl_Task_defaultStackSize__C                     
20013930  ti_sysbios_knl_Task_numConstructedTasks__C                  
20013934  xdc_runtime_Assert_E_assertFailed__C                        
20013938  xdc_runtime_Core_A_initializedParams__C                     
2001393c  xdc_runtime_Core_Module__diagsEnabled__C                    
20013940  xdc_runtime_Core_Module__diagsIncluded__C                   
20013944  xdc_runtime_Core_Module__diagsMask__C                       
20013948  xdc_runtime_Error_E_memory__C                               
2001394c  xdc_runtime_Error_Module__diagsEnabled__C                   
20013950  xdc_runtime_Error_Module__diagsIncluded__C                  
20013954  xdc_runtime_Error_Module__diagsMask__C                      
20013958  xdc_runtime_Error_Module__loggerFxn8__C                     
2001395c  xdc_runtime_Error_Module__loggerObj__C                      
20013960  xdc_runtime_Error_policyFxn__C                              
20013964  xdc_runtime_Error_raiseHook__C                              
20013968  xdc_runtime_IFilterLogger_Interface__BASE__C                
2001396c  xdc_runtime_IGateProvider_Interface__BASE__C                
20013970  xdc_runtime_IHeap_Interface__BASE__C                        
20013974  xdc_runtime_ILogger_Interface__BASE__C                      
20013978  xdc_runtime_IModule_Interface__BASE__C                      
2001397c  xdc_runtime_Log_L_error__C                                  
20013980  xdc_runtime_LoggerBuf_E_badLevel__C                         
20013984  xdc_runtime_LoggerBuf_Module__gateObj__C                    
20013988  xdc_runtime_LoggerBuf_Object__count__C                      
2001398c  xdc_runtime_LoggerBuf_statusLogger__C                       
20013990  xdc_runtime_Memory_defaultHeapInstance__C                   
20013994  xdc_runtime_Startup_execImpl__C                             
20013998  xdc_runtime_Startup_maxPasses__C                            
2001399c  xdc_runtime_Startup_sfxnRts__C                              
200139a0  xdc_runtime_Startup_sfxnTab__C                              
200139a4  xdc_runtime_SysMin_bufSize__C                               
200139a8  xdc_runtime_SysMin_outputFunc__C                            
200139ac  xdc_runtime_System_Module__gateObj__C                       
200139b0  xdc_runtime_System_abortFxn__C                              
200139b4  xdc_runtime_System_exitFxn__C                               
200139b8  xdc_runtime_System_extendFxn__C                             
200139bc  xdc_runtime_System_maxAtexitHandlers__C                     
200139c0  xdc_runtime_Text_charTab__C                                 
200139c4  xdc_runtime_Text_nameEmpty__C                               
200139c8  xdc_runtime_Text_nameStatic__C                              
200139cc  xdc_runtime_Text_nameUnknown__C                             
200139d0  xdc_runtime_Text_nodeTab__C                                 
200139d4  xdc_runtime_Text_visitRopeFxn__C                            
200139d8  ti_sysbios_family_arm_m3_Hwi_Module__id__C                  
200139da  ti_sysbios_family_arm_m3_Hwi_Module__loggerDefined__C       
200139dc  ti_sysbios_family_arm_m3_Timer_Module__id__C                
200139de  ti_sysbios_family_arm_m3_TimestampProvider_configTimer__C   
200139e0  ti_sysbios_gates_GateMutex_Module__id__C                    
200139e2  ti_sysbios_hal_Hwi_Module__id__C                            
200139e4  ti_sysbios_heaps_HeapMem_Module__id__C                      
200139e6  ti_sysbios_knl_Clock_Module__id__C                          
200139e8  ti_sysbios_knl_Clock_Module__loggerDefined__C               
200139ea  ti_sysbios_knl_Mailbox_Module__id__C                        
200139ec  ti_sysbios_knl_Semaphore_Module__id__C                      
200139ee  ti_sysbios_knl_Semaphore_Module__loggerDefined__C           
200139f0  ti_sysbios_knl_Swi_Module__id__C                            
200139f2  ti_sysbios_knl_Swi_Module__loggerDefined__C                 
200139f4  ti_sysbios_knl_Task_Module__id__C                           
200139f6  ti_sysbios_knl_Task_Module__loggerDefined__C                
200139f8  xdc_runtime_Core_Module__id__C                              
200139fa  xdc_runtime_Error_Module__loggerDefined__C                  
200139fc  xdc_runtime_Error_maxDepth__C                               
200139fe  xdc_runtime_LoggerBuf_Module__id__C                         
20013a00  xdc_runtime_LoggerBuf_filterByLevel__C                      
20013a02  xdc_runtime_Memory_Module__id__C                            
20013a04  xdc_runtime_SysMin_flushAtExit__C                           
20013a06  xdc_runtime_Text_charCnt__C                                 
20013a08  xdc_runtime_Text_isLoaded__C                                
20013a0a  xdc_runtime_Text_registryModsLastId__C                      
20013a0c  xdc_runtime_Text_unnamedModsLastId__C                       
20013a0e  xdc_runtime_Error_policy__C                                 
20013a10  __TI_static_base__                                          
20013d78  __TI_Handler_Table_Base                                     
20013d84  __TI_Handler_Table_Limit                                    
20013d90  __TI_CINIT_Base                                             
20013da0  __TI_CINIT_Limit                                            
20017000  ti_sysbios_heaps_HeapMem_Instance_State_0_buf__A            
2001f000  ti_sysbios_knl_Task_Instance_State_0_stack__A               
2001f800  xdc_runtime_LoggerBuf_Instance_State_0_entryArr__A          
2001fc00  xdc_runtime_SysMin_Module_State_0_outbuf__A                 
20020000  ti_sysbios_family_arm_m3_Hwi_dispatchTable                  
20020484  __CIOBUF_                                                   
200205a4  _rxBuffers                                                  
200206ac  g_ucDinDout                                                 
200206fc  SSID                                                        
20020728  DMAMsgQ                                                     
2002072c  SimpleLinkSpawnTaskHndl                                     
20020734  _activityTick                                               
20020738  _bufferSwitch                                               
2002073c  _clientSocket                                               
20020740  _socketTaskHandle                                           
20020744  g_cDummy                                                    
20020748  simpleLink_mailbox                                          
2002074c  RxIrqCnt                                                    
2002074d  g_bDeviceRestartIsRequired                                  
20020750  ti_sysbios_family_arm_m3_Hwi_Module__root__V                
20020758  ti_sysbios_family_arm_m3_Hwi_Object__table__V               
20020770  ti_sysbios_family_arm_m3_Hwi_Module_State_0_excActive__A    
20020774  ti_sysbios_family_arm_m3_Hwi_Module_State_0_excContext__A   
20020778  ti_sysbios_family_arm_m3_Hwi_Module_State_0_excStack__A     
2002077c  ti_sysbios_family_arm_m3_Timer_Module__root__V              
20020784  ti_sysbios_family_arm_m3_Timer_Module__state__V             
20020790  ti_sysbios_family_arm_m3_TimestampProvider_Module__state__V 
20020794  ti_sysbios_gates_GateHwi_Module__root__V                    
2002079c  ti_sysbios_gates_GateHwi_Object__table__V                   
200207a0  ti_sysbios_gates_GateMutex_Module__root__V                  
200207a8  ti_sysbios_hal_Hwi_Module__root__V                          
200207b0  ti_sysbios_hal_Timer_Module__root__V                        
200207b8  ti_sysbios_heaps_HeapMem_Module__root__V                    
200207c0  ti_sysbios_heaps_HeapMem_Object__table__V                   
200207d8  ti_sysbios_knl_Clock_Module__root__V                        
200207e0  ti_sysbios_knl_Event_Module__root__V                        
200207e8  ti_sysbios_knl_Mailbox_Module__root__V                      
200207f0  ti_sysbios_knl_Queue_Module__root__V                        
200207f8  ti_sysbios_knl_Semaphore_Module__root__V                    
20020800  ti_sysbios_knl_Swi_Module__root__V                          
20020808  ti_sysbios_knl_Swi_Module__state__V                         
20020824  ti_sysbios_knl_Task_Module__root__V                         
2002082c  ti_sysbios_knl_Task_Module_State_0_idleTask__A              
20020830  xdc_runtime_Error_Module__state__V                          
20020834  xdc_runtime_LoggerBuf_Module__root__V                       
2002083c  xdc_runtime_LoggerBuf_Module__state__V                      
20020844  xdc_runtime_Memory_Module__state__V                         
20020848  xdc_runtime_Registry_Module__state__V                       
20020850  xdc_runtime_Startup_Module__state__V                        
20020858  xdc_runtime_SysMin_Module__state__V                         
20020864  xdc_runtime_System_Module_State_0_atexitHandlers__A         
20020874  xdc_runtime_System_Module__state__V                         
2002087c  xdc_runtime_Text_Module__state__V                           
20020884  __xdc__init__addr                                           
20020938  _Denorm                                                     
20020948  _Eps                                                        
20020958  _Hugeval                                                    
20020968  _Inf                                                        
20020978  _Nan                                                        
20020988  _Snan                                                       
20020998  _Rteps                                                      
200209a8  _Xbig                                                       
200209b0  _Zero                                                       
200209b8  ti_sysbios_knl_Swi_Module_State_0_readyQ__A                 
20020a38  ti_sysbios_knl_Task_Module_State_0_readyQ__A                
20020ab8  ti_sysbios_knl_Task_Object__table__V                        
20020b04  ti_sysbios_knl_Task_Module__state__V                        
20020b48  ti_sysbios_gates_GateMutex_Object__table__V                 
20020b80  ti_sysbios_family_arm_m3_Hwi_Module__state__V               
20020bb4  ti_sysbios_family_arm_m3_Timer_Object__table__V             
20020be4  ti_sysbios_knl_Swi_Object__table__V                         
20020c14  ti_sysbios_knl_Clock_Module__state__V                       
20020c40  ti_sysbios_BIOS_Module__state__V                            
20020c64  xdc_runtime_LoggerBuf_Object__table__V                      
20020c8c  g_pCB                                                       
20020c90  pPingCallBackFunc                                           
20020c95  _apState                                                    
20020c96  _socketState                                                
20020c98  g_SpiFd                                                     
20020c9c  g_pHostIntHdl                                               
20020ca0  g_ucDMAEnabled                                              
20020ca4  _lock                                                       
20020ca8  _unlock                                                     
20020cac  __TI_cleanup_ptr                                            
20020cb0  __TI_dtors_ptr                                              
20020cb4  _Fenv                                                       
20020cb8  _Tls_setup__Fenv                                            
20020cc4  _Errno                                                      
20020cc8  main_func_sp                                                
2002e000  __stack                                                     
20030000  __STACK_END                                                 
e000e000  ti_sysbios_family_arm_m3_Hwi_nvic                           
ffffffff  __binit__                                                   
ffffffff  __c_args__                                                  
ffffffff  binit                                                       
UNDEFED   SHT$$INIT_ARRAY$$Base                                       
UNDEFED   SHT$$INIT_ARRAY$$Limit                                      

[890 symbols]
