******************************************************************************
                  TI ARM Linker PC v5.2.5                      
******************************************************************************
>> Linked Mon Aug 15 16:39:40 2016

OUTPUT FILE NAME:   <CPRE288_WiFi.out>
ENTRY POINT SYMBOL: "_c_int00"  address: 2000f23d


MEMORY CONFIGURATION

         name            origin    length      used     unused   attr    fill
----------------------  --------  ---------  --------  --------  ----  --------
  SRAM_CODE             20004000   00013000  0000f8e1  0000371f  RW X
  SRAM_DATA             20017000   00019000  0000bb8e  0000d472  RW X


SEGMENT ALLOCATION MAP

run origin  load origin   length   init length attrs members
----------  ----------- ---------- ----------- ----- -------
20004000    20004000    0000f8e8   0000f8e8    r-x
  20004000    20004000    0000030c   0000030c    r-- .resetVecs
  20004310    20004310    0000cd92   0000cd92    r-x .text
  200110a4    200110a4    000024bb   000024bb    r-- .const
  20013560    20013560    00000388   00000388    r-- .cinit
20017000    20017000    00009b94   00000000    rw-
  20017000    20017000    0000961a   00000000    rw- .bss
  20020620    20020620    00000574   00000000    rw- .data
2002e000    2002e000    00002000   00000000    rw-
  2002e000    2002e000    00002000   00000000    rw- .stack


SECTION ALLOCATION MAP

 output                                  attributes/
section   page    origin      length       input sections
--------  ----  ----------  ----------   ----------------
.init_array 
*          0    20004000    00000000     UNINITIALIZED

.resetVecs 
*          0    20004000    0000030c     
                  20004000    0000030c     app_pem4.oem4 (.resetVecs)

.text      0    20004310    0000cd92     
                  20004310    000010a6     rtsv7M4_T_le_eabi.lib : _printfi.obj (.text)
                  200053b6    00000002                           : i_div0.obj (.text)
                  200053b8    0000075c     task_wifi.obj (.text)
                  20005b14    00000590     simplelink.a : driver.obj (.text:_SlDrvMsgRead)
                  200060a4    00000544     ti_rtos.a : osi_tirtos.obj (.text)
                  200065e8    00000430     sysbios.aem4 : BIOS.obj (.text:ti_sysbios_family_arm_m3_Hwi_excDumpRegs__I)
                  20006a18    0000034c     ti.targets.arm.rtsarm.aem4 : System.oem4 (.text:xdc_runtime_System_doPrint__I)
                  20006d64    00000004     app_pem4.oem4 (.text:ti_sysbios_BIOS_RtsGateProxy_enter__E)
                  20006d68    00000314     sysbios.aem4 : BIOS.obj (.text:ti_sysbios_knl_Semaphore_pend__E)
                  2000707c    000002d4     rtsv7M4_T_le_eabi.lib : trgdrv.obj (.text)
                  20007350    00000280     uart_if.obj (.text)
                  200075d0    00000254     sysbios.aem4 : BIOS.obj (.text:ti_sysbios_heaps_HeapMem_free__E)
                  20007824    00000004     app_pem4.oem4 (.text:ti_sysbios_BIOS_RtsGateProxy_leave__E)
                  20007828    00000248     sysbios.aem4 : BIOS.obj (.text:ti_sysbios_heaps_HeapMem_alloc__E)
                  20007a70    0000022c                  : BIOS.obj (.text:ti_sysbios_knl_Task_Instance_finalize__E)
                  20007c9c    00000004     app_pem4.oem4 (.text:ti_sysbios_family_arm_m3_Hwi_delete)
                  20007ca0    00000200     sysbios.aem4 : BIOS.obj (.text:ti_sysbios_knl_Task_sleep__E)
                  20007ea0    000001fc     simplelink.a : driver.obj (.text:_SlDrvRxHdrRead)
                  2000809c    00000004     app_pem4.oem4 (.text:ti_sysbios_family_arm_m3_TaskSupport_Module__startupDone__S)
                  200080a0    000001fc     sysbios.aem4 : BIOS.obj (.text:ti_sysbios_family_arm_m3_Hwi_excHandlerMax__I)
                  2000829c    000001f4     rtsv7M4_T_le_eabi.lib : ull_div_t2.obj (.text)
                  20008490    000001e0     simplelink.a : driver.obj (.text:_SlDrvDataReadOp)
                  20008670    000001d0                  : driver.obj (.text:_SlDrvReleasePoolObj)
                  20008840    000001c8     sysbios.aem4 : BIOS.obj (.text:ti_sysbios_knl_Task_Instance_init__E)
                  20008a08    000001b6     rtsv7M4_T_le_eabi.lib : fd_add_t2.obj (.text)
                  20008bbe    00000002     app_pem4.oem4 (.text:ti_sysbios_BIOS_nullFunc__I)
                  20008bc0    000001a0     simplelink.a : socket.obj (.text:sl_Accept)
                  20008d60    0000019c                  : driver.obj (.text:_SlDrvMsgWrite)
                  20008efc    00000004     app_pem4.oem4 (.text:ti_sysbios_heaps_HeapMem_Module_GateProxy_enter__E)
                  20008f00    0000019c     sysbios.aem4 : BIOS.obj (.text:ti_sysbios_knl_Task_Module_startup__E)
                  2000909c    00000190     simplelink.a : driver.obj (.text:_SlDrvDriverCBInit)
                  2000922c    00000190                  : driver.obj (.text:_SlDrvWaitForPoolObj)
                  200093bc    00000178     driverlib.a : prcm.obj (.text:PRCMCC3200MCUInit)
                  20009534    00000004     app_pem4.oem4 (.text:ti_sysbios_heaps_HeapMem_Module_GateProxy_leave__E)
                  20009538    00000174     sysbios.aem4 : BIOS.obj (.text:ti_sysbios_family_arm_m3_Hwi_excBusFault__I)
                  200096ac    00000170     simplelink.a : driver.obj (.text:_SlFindAndSetActiveObj)
                  2000981c    00000004     app_pem4.oem4 (.text:ti_sysbios_knl_Clock_TimerProxy_getMaxTicks__E)
                  20009820    00000164     sysbios.aem4 : BIOS.obj (.text:ti_sysbios_family_arm_m3_Hwi_excUsageFault__I)
                  20009984    00000004     app_pem4.oem4 (.text:ti_sysbios_knl_Mailbox_delete)
                  20009988    00000158     sysbios.aem4 : BIOS.obj (.text:ti_sysbios_knl_Mailbox_Instance_init__E)
                  20009ae0    00000150     simplelink.a : cc_pal.obj (.text:spi_Open)
                  20009c30    0000014c                  : driver.obj (.text:_SlDrvDataWriteOp)
                  20009d7c    00000004     app_pem4.oem4 (.text:ti_sysbios_knl_Queue_destruct)
                  20009d80    00000148     sysbios.aem4 : BIOS.obj (.text:ti_sysbios_family_arm_m3_Hwi_excMemFault__I)
                  20009ec8    00000140                  : BIOS.obj (.text:ti_sysbios_knl_Semaphore_post__E)
                  2000a008    0000013c     main.obj (.text)
                  2000a144    00000004     app_pem4.oem4 (.text:ti_sysbios_knl_Semaphore_delete)
                  2000a148    0000013c     sysbios.aem4 : BIOS.obj (.text:ti_sysbios_heaps_HeapMem_Instance_init__E)
                  2000a284    00000004     app_pem4.oem4 (.text:ti_sysbios_knl_Semaphore_destruct)
                  2000a288    00000138     sysbios.aem4 : BIOS.obj (.text:ti_sysbios_family_arm_m3_Hwi_dispatchC__I)
                  2000a3c0    00000138     ti.targets.arm.rtsarm.aem4 : LoggerBuf.oem4 (.text:xdc_runtime_LoggerBuf_write8__E)
                  2000a4f8    00000136     rtsv7M4_T_le_eabi.lib : fd_div_t2.obj (.text)
                  2000a62e    00000002     app_pem4.oem4 (.text:xdc_runtime_Startup_reset__I)
                  2000a630    00000134     sysbios.aem4 : BIOS.obj (.text:ti_sysbios_knl_Clock_workFunc__E)
                  2000a764    00000120     simplelink.a : driver.obj (.text:_SlDrvMsgReadCmdCtx)
                  2000a884    00000004     app_pem4.oem4 (.text:ti_sysbios_knl_Task_delete)
                  2000a888    0000011c     sysbios.aem4 : BIOS.obj (.text:ti_sysbios_knl_Swi_run__I)
                  2000a9a4    00000118     simplelink.a : driver.obj (.text:_SlDrvDriverCBDeinit)
                  2000aabc    00000118                  : socket.obj (.text:sl_Send)
                  2000abd4    00000118     ti.targets.arm.rtsarm.aem4 : Error.oem4 (.text:xdc_runtime_Error_policyDefault__E)
                  2000acec    00000114     rom_pin_mux_config.obj (.text)
                  2000ae00    00000110     rtsv7M4_T_le_eabi.lib : xdscale.obj (.text)
                  2000af10    00000104     simplelink.a : netapp.obj (.text:_SlDrvNetAppEventHandler)
                  2000b014    00000100     ti.targets.arm.rtsarm.aem4 : Core-mem.oem4 (.text:xdc_runtime_Core_createObject__I)
                  2000b114    000000fc     rtsv7M4_T_le_eabi.lib : fd_mul_t2.obj (.text)
                  2000b210    000000f8     ti.targets.arm.rtsarm.aem4 : Startup.oem4 (.text:xdc_runtime_Startup_startMods__I)
                  2000b308    000000f8     app_pem4.oem4 (.text:xdc_runtime_System_printfExtend__I)
                  2000b400    000000f0     driverlib.a : udma.obj (.text:uDMAChannelTransferSet)
                  2000b4f0    000000e8     simplelink.a : driver.obj (.text:_SlAsyncEventGenericHandler)
                  2000b5d8    000000e4                  : device.obj (.text:sl_Stop)
                  2000b6bc    000000e0                  : device.obj (.text:sl_Start)
                  2000b79c    000000dc                  : driver.obj (.text:_SlDrvClassifyRxMsg)
                  2000b878    000000dc                  : cc_pal.obj (.text:spi_Read)
                  2000b954    000000d4                  : driver.obj (.text:_SlDrvMsgReadSpawnCtx)
                  2000ba28    000000d4     ti.targets.arm.rtsarm.aem4 : LoggerBuf.oem4 (.text:xdc_runtime_LoggerBuf_write4__E)
                  2000bafc    00000004                                : Error.oem4 (.text:xdc_runtime_Error_getSite__E)
                  2000bb00    000000d0     sysbios.aem4 : BIOS.obj (.text:ti_sysbios_family_arm_m3_Hwi_Module_startup__E)
                  2000bbd0    000000d0                  : m3_Hwi_asm.obj (.text:ti_sysbios_family_arm_m3_Hwi_dispatch__I)
                  2000bca0    000000cc     simplelink.a : netapp.obj (.text:_sl_HandleAsync_DnsGetHostByService)
                  2000bd6c    00000004     app_pem4.oem4 (.text:xdc_runtime_LoggerBuf_Module_GateProxy_enter__E)
                  2000bd70    000000cc     sysbios.aem4 : BIOS.obj (.text:ti_sysbios_knl_Task_schedule__I)
                  2000be3c    000000cc     ti.targets.arm.rtsarm.aem4 : Core-smem.oem4 (.text:xdc_runtime_Core_constructObject__I)
                  2000bf08    000000c4     simplelink.a : driver.obj (.text:_SlRemoveFromList)
                  2000bfcc    000000c0                  : driver.obj (.text:_SlDrvCmdOp)
                  2000c08c    000000be     rtsv7M4_T_le_eabi.lib : xdnorm.obj (.text)
                  2000c14a    00000006     driverlib.a : utils.obj (.text:UtilsDelay)
                  2000c150    000000bc     sysbios.aem4 : BIOS.obj (.text:ti_sysbios_family_arm_m3_Hwi_excDebugMon__I)
                  2000c20c    00000004     app_pem4.oem4 (.text:xdc_runtime_LoggerBuf_Module_GateProxy_leave__E)
                  2000c210    000000bc     sysbios.aem4 : BIOS.obj (.text:ti_sysbios_family_arm_m3_Hwi_excHardFault__I)
                  2000c2cc    00000004     app_pem4.oem4 (.text:xdc_runtime_System_Module_GateProxy_enter__E)
                  2000c2d0    000000bc     sysbios.aem4 : BIOS.obj (.text:ti_sysbios_knl_Task_startCore__E)
                  2000c38c    00000004     app_pem4.oem4 (.text:xdc_runtime_System_Module_GateProxy_leave__E)
                  2000c390    000000b4     sysbios.aem4 : BIOS.obj (.text:ti_sysbios_gates_GateMutex_enter__E)
                  2000c444    00000004     ti.targets.arm.rtsarm.aem4 : System.oem4 (.text:xdc_runtime_System_aprintf_va__F)
                  2000c448    000000b4     sysbios.aem4 : BIOS.obj (.text:ti_sysbios_knl_Task_checkStacks__E)
                  2000c4fc    00000004     ti.targets.arm.rtsarm.aem4 : System.oem4 (.text:xdc_runtime_System_printf_va__F)
                  2000c500    000000b4     sysbios.aem4 : BIOS.obj (.text:ti_sysbios_knl_Task_yield__E)
                  2000c5b4    00000004     --HOLE-- [fill = 0]
                  2000c5b8    000000ac                  : BIOS.obj (.text:ti_sysbios_knl_Swi_post__E)
                  2000c664    000000a8     driverlib.a : interrupt.obj (.text:IntEnable)
                  2000c70c    00000004     --HOLE-- [fill = 0]
                  2000c710    000000a8     sysbios.aem4 : BIOS.obj (.text:ti_sysbios_knl_Task_blockI__E)
                  2000c7b8    000000a8                  : BIOS.obj (.text:ti_sysbios_knl_Task_postInit__I)
                  2000c860    000000a4     task_uart.obj (.text)
                  2000c904    000000a0     driverlib.a : spi.obj (.text:SPIConfigSetExpClk)
                  2000c9a4    000000a0     simplelink.a : driver.obj (.text:_SlDriverHandleError)
                  2000ca44    000000a0     auto_init.aem4 : auto_init.oem4 (.text)
                  2000cae4    000000a0     ti.targets.arm.rtsarm.aem4 : Text.oem4 (.text:xdc_runtime_Text_putMod__E)
                  2000cb84    0000009c     rtsv7M4_T_le_eabi.lib : memcpy_t2.obj (.text)
                  2000cc20    0000009c     simplelink.a : socket.obj (.text:sl_Bind)
                  2000ccbc    00000004     --HOLE-- [fill = 0]
                  2000ccc0    0000009c     sysbios.aem4 : BIOS.obj (.text:ti_sysbios_knl_Semaphore_Instance_init__E)
                  2000cd5c    0000009c     ti.targets.arm.rtsarm.aem4 : LoggerBuf.oem4 (.text:xdc_runtime_LoggerBuf_setFilterLevel__E)
                  2000cdf8    0000009a     simplelink.a : device.obj (.text:_SlDrvDeviceEventHandler)
                  2000ce92    00000002     --HOLE-- [fill = 0]
                  2000ce94    0000009a     ti.targets.arm.rtsarm.aem4 : Text.oem4 (.text:xdc_runtime_Text_putSite__E)
                  2000cf2e    00000002     --HOLE-- [fill = 0]
                  2000cf30    00000098     sysbios.aem4 : BIOS.obj (.text:ti_sysbios_knl_Mailbox_post__E)
                  2000cfc8    00000094     driverlib.a : prcm.obj (.text:PRCMPeripheralClockGet)
                  2000d05c    00000004     --HOLE-- [fill = 0]
                  2000d060    00000094     sysbios.aem4 : BIOS.obj (.text:ti_sysbios_family_arm_m3_Hwi_Instance_init__E)
                  2000d0f4    00000004     --HOLE-- [fill = 0]
                  2000d0f8    00000094                  : BIOS.obj (.text:ti_sysbios_knl_Task_exit__E)
                  2000d18c    00000090     simplelink.a : netapp.obj (.text:_sl_HandleAsync_DnsGetHostByName)
                  2000d21c    00000090                  : netapp.obj (.text:_sl_HandleAsync_PingResponse)
                  2000d2ac    00000004     --HOLE-- [fill = 0]
                  2000d2b0    00000090     sysbios.aem4 : BIOS.obj (.text:ti_sysbios_knl_Task_unblockI__E)
                  2000d340    0000008c     simplelink.a : cc_pal.obj (.text:SetupDMAReceive)
                  2000d3cc    0000008c                  : cc_pal.obj (.text:SetupDMASend)
                  2000d458    0000008c                  : cc_pal.obj (.text:spi_Write)
                  2000d4e4    00000004     --HOLE-- [fill = 0]
                  2000d4e8    0000008c     sysbios.aem4 : BIOS.obj (.text:ti_sysbios_knl_Mailbox_pend__E)
                  2000d574    00000088     driverlib.a : pin.obj (.text:PinConfigSet)
                  2000d5fc    00000088     rtsv7M4_T_le_eabi.lib : vsnprintf.obj (.text)
                  2000d684    00000088     simplelink.a : socket.obj (.text:sl_Recv)
                  2000d70c    00000004     --HOLE-- [fill = 0]
                  2000d710    00000088     sysbios.aem4 : BIOS.obj (.text:ti_sysbios_family_arm_m3_Hwi_initNVIC__E)
                  2000d798    00000088                  : BIOS.obj (.text:ti_sysbios_knl_Mailbox_Module_startup__E)
                  2000d820    00000086     rtsv7M4_T_le_eabi.lib : fd_cmp_t2.obj (.text:__aeabi_cdcmple)
                  2000d8a6    00000086                           : fd_cmp_t2.obj (.text:__aeabi_cdrcmple)
                  2000d92c    00000004     --HOLE-- [fill = 0]
                  2000d930    00000084     sysbios.aem4 : BIOS.obj (.text:ti_sysbios_family_arm_m3_Hwi_postInit__I)
                  2000d9b4    00000080     simplelink.a : socket.obj (.text:_sl_HandleAsync_Connect)
                  2000da34    00000080                  : device.obj (.text:_sl_HandleAsync_InitComplete)
                  2000dab4    00000080                  : cc_pal.obj (.text:spi_Read_CPU)
                  2000db34    00000080                  : cc_pal.obj (.text:spi_Write_CPU)
                  2000dbb4    0000007c                  : socket.obj (.text:sl_SetSockOpt)
                  2000dc30    0000007c                  : wlan.obj (.text:sl_WlanSet)
                  2000dcac    00000004     --HOLE-- [fill = 0]
                  2000dcb0    0000007c     sysbios.aem4 : BIOS.obj (.text:ti_sysbios_family_arm_m3_TimestampProvider_get64__E)
                  2000dd2c    0000007a     rtsv7M4_T_le_eabi.lib : memset_t2.obj (.text)
                  2000dda6    00000002     --HOLE-- [fill = 0]
                  2000dda8    00000078     simplelink.a : cc_pal.obj (.text:spi_Close)
                  2000de20    00000076     driverlib.a : uart.obj (.text:UARTConfigSetExpClk)
                  2000de96    00000002     --HOLE-- [fill = 0]
                  2000de98    00000074     ti.targets.arm.rtsarm.aem4 : LoggerBuf.oem4 (.text:xdc_runtime_LoggerBuf_getFilterLevel__E)
                  2000df0c    00000070     simplelink.a : socket.obj (.text:sl_Socket)
                  2000df7c    00000004     --HOLE-- [fill = 0]
                  2000df80    00000070     sysbios.aem4 : BIOS.obj (.text:ti_sysbios_knl_Mailbox_Instance_finalize__E)
                  2000dff0    0000006d     ti.targets.arm.rtsarm.aem4 : System.oem4 (.text:xdc_runtime_System_formatNum__I)
                  2000e05d    00000003     --HOLE-- [fill = 0]
                  2000e060    0000006c     simplelink.a : driver.obj (.text:_SlDrvCmdSend)
                  2000e0cc    0000006c                  : netapp.obj (.text:_sl_NetAppSendTokenValue)
                  2000e138    0000006c     sysbios.aem4 : BIOS.obj (.text:ti_sysbios_knl_Swi_restoreHwi__E)
                  2000e1a4    0000006c     ti.targets.arm.rtsarm.aem4 : Error.oem4 (.text:xdc_runtime_Error_print__E)
                  2000e210    0000006c                                : Memory.oem4 (.text:xdc_runtime_Memory_alloc__E)
                  2000e27c    0000006a     rtsv7M4_T_le_eabi.lib : copy_decompress_rle.obj (.text)
                  2000e2e6    00000002     --HOLE-- [fill = 0]
                  2000e2e8    00000068                           : trgmsg.obj (.text)
                  2000e350    00000066                           : xdunscal.obj (.text)
                  2000e3b6    00000066     ti.targets.arm.rtsarm.aem4 : Core-mem.oem4 (.text:xdc_runtime_Core_deleteObject__I)
                  2000e41c    00000064     simplelink.a : socket.obj (.text:_sl_HandleAsync_Accept)
                  2000e480    00000064     app_pem4.oem4 (.text:ti_sysbios_family_arm_m3_Hwi_create)
                  2000e4e4    00000064     app_pem4.oem4 (.text:ti_sysbios_knl_Mailbox_create)
                  2000e548    00000064     driverlib.a : udma.obj (.text:uDMAChannelAttributeDisable)
                  2000e5ac    00000064                 : udma.obj (.text:uDMAChannelAttributeEnable)
                  2000e610    00000060     rtsv7M4_T_le_eabi.lib : sprintf.obj (.text)
                  2000e670    00000060     sysbios.aem4 : BIOS.obj (.text:ti_sysbios_knl_Clock_logTick__E)
                  2000e6d0    0000005c                  : BIOS.obj (.text:ti_sysbios_knl_Swi_schedule__I)
                  2000e72c    0000005c     app_pem4.oem4 (.text:ti_sysbios_knl_Task_create)
                  2000e788    0000005c     app_pem4.oem4 (.text:xdc_runtime_LoggerBuf_Object__create__S)
                  2000e7e4    0000005b     ti.targets.arm.rtsarm.aem4 : Text.oem4 (.text:xdc_runtime_Text_putLab__E)
                  2000e83f    00000001     --HOLE-- [fill = 0]
                  2000e840    00000058     driverlib.a : interrupt.obj (.text:IntPendClear)
                  2000e898    00000058                 : prcm.obj (.text:PRCMPeripheralReset)
                  2000e8f0    00000058     sysbios.aem4 : BIOS.obj (.text:ti_sysbios_family_arm_m3_Timer_setPeriod__E)
                  2000e948    00000056     rtsv7M4_T_le_eabi.lib : ltoa.obj (.text)
                  2000e99e    00000002     --HOLE-- [fill = 0]
                  2000e9a0    00000054     simplelink.a : socket.obj (.text:_sl_HandleAsync_Select)
                  2000e9f4    00000004     --HOLE-- [fill = 0]
                  2000e9f8    00000054     sysbios.aem4 : BIOS.obj (.text:ti_sysbios_family_arm_m3_Timer_start__E)
                  2000ea4c    00000054     ti.targets.arm.rtsarm.aem4 : Assert.oem4 (.text:xdc_runtime_Assert_raise__I)
                  2000eaa0    00000050     simplelink.a : driver.obj (.text:_SlDrvRxIrqHandler)
                  2000eaf0    00000050                  : device.obj (.text:_sl_HandleAsync_Stop)
                  2000eb40    00000050                  : socket.obj (.text:sl_Listen)
                  2000eb90    00000050     ti.targets.arm.rtsarm.aem4 : Startup.oem4 (.text:xdc_runtime_Startup_exec__E)
                  2000ebe0    00000050                                : Text.oem4 (.text:xdc_runtime_Text_visitRope2__I)
                  2000ec30    0000004c     driverlib.a : spi.obj (.text:SPIIntEnable)
                  2000ec7c    0000004c     simplelink.a : driver.obj (.text:_SlDrvProtectAsyncRespSetting)
                  2000ecc8    0000004c                  : socket.obj (.text:_sl_BuildAddress)
                  2000ed14    0000004c     rtsv7M4_T_le_eabi.lib : atoi.obj (.text)
                  2000ed60    0000004c                           : cpy_tbl.obj (.text)
                  2000edac    0000004c     sysbios.aem4 : m3_TaskSupport_asm.obj (.text:ti_sysbios_family_arm_m3_TaskSupport_buildTaskStack)
                  2000edf8    0000004c                  : BIOS.obj (.text:ti_sysbios_heaps_HeapMem_getStats__E)
                  2000ee44    00000004     --HOLE-- [fill = 0]
                  2000ee48    0000004c                  : BIOS.obj (.text:ti_sysbios_knl_Swi_runLoop__I)
                  2000ee94    00000004     --HOLE-- [fill = 0]
                  2000ee98    0000004c                  : BIOS.obj (.text:ti_sysbios_knl_Task_allBlockedFunction__I)
                  2000eee4    0000004c     driverlib.a : udma.obj (.text:uDMAChannelAssign)
                  2000ef30    00000048                 : spi.obj (.text:SPIIntClear)
                  2000ef78    00000048     rtsv7M4_T_le_eabi.lib : fd_toi_t2.obj (.text)
                  2000efc0    00000048     sysbios.aem4 : BIOS.obj (.text:ti_sysbios_family_arm_m3_Hwi_disableInterrupt__E)
                  2000f008    00000048                  : BIOS.obj (.text:ti_sysbios_family_arm_m3_Hwi_enableInterrupt__E)
                  2000f050    00000048                  : BIOS.obj (.text:ti_sysbios_family_arm_m3_Hwi_excReserved__I)
                  2000f098    00000048                  : m3_Hwi_asm_switch.obj (.text:ti_sysbios_family_arm_m3_Hwi_initStacks__E)
                  2000f0e0    00000048                  : BIOS.obj (.text:ti_sysbios_family_arm_m3_Timer_initDevice__I)
                  2000f128    00000046     rtsv7M4_T_le_eabi.lib : ldexp.obj (.text)
                  2000f16e    00000046     ti.targets.arm.rtsarm.aem4 : Core-params.oem4 (.text:xdc_runtime_Core_assignParams__I)
                  2000f1b4    00000044     driverlib.a : spi.obj (.text:SPIDmaMaskGet)
                  2000f1f8    00000044     simplelink.a : driver.obj (.text:_SlDrvHandleHttpServerEvents)
                  2000f23c    00000044     boot.aem4 : boot.oem4 (.text)
                  2000f280    00000044     simplelink.a : cc_pal.obj (.text:cc_SetupTransfer)
                  2000f2c4    00000044     rtsv7M4_T_le_eabi.lib : exit.obj (.text)
                  2000f308    00000044     simplelink.a : socket.obj (.text:sl_Close)
                  2000f34c    00000044                  : wlan.obj (.text:sl_WlanSetMode)
                  2000f390    00000044     sysbios.aem4 : BIOS.obj (.text:ti_sysbios_family_arm_m3_Hwi_getStackInfo__E)
                  2000f3d4    00000004     --HOLE-- [fill = 0]
                  2000f3d8    00000044                  : BIOS.obj (.text:ti_sysbios_knl_Mailbox_postInit__I)
                  2000f41c    00000044     ti.targets.arm.rtsarm.aem4 : Error.oem4 (.text:xdc_runtime_Error_setX__E)
                  2000f460    00000044                                : LoggerBuf.oem4 (.text:xdc_runtime_LoggerBuf_filterOutEvent__I)
                  2000f4a4    00000044                                : SysMin.oem4 (.text:xdc_runtime_SysMin_flush__E)
                  2000f4e8    00000044                                : Text.oem4 (.text:xdc_runtime_Text_xprintf__I)
                  2000f52c    00000040     driverlib.a : pin.obj (.text:PinModeSet)
                  2000f56c    00000040     simplelink.a : driver.obj (.text:_SlDrvHandleNetAppEvents)
                  2000f5ac    00000040                  : driver.obj (.text:_SlDrvHandleWlanEvents)
                  2000f5ec    00000040                  : driver.obj (.text:_SlDrvSyncObjWaitTimeout)
                  2000f62c    00000040                  : socket.obj (.text:_sl_TruncatePayloadByProtocol)
                  2000f66c    00000040     rtsv7M4_T_le_eabi.lib : signal.obj (.text)
                  2000f6ac    00000040                           : u_divt2.obj (.text)
                  2000f6ec    00000040     simplelink.a : netapp.obj (.text:sl_NetAppStart)
                  2000f72c    00000004     --HOLE-- [fill = 0]
                  2000f730    00000040     sysbios.aem4 : BIOS.obj (.text:ti_sysbios_family_arm_m3_Timer_Module_startup__E)
                  2000f770    0000003e     app_pem4.oem4 (.text:realloc)
                  2000f7ae    0000003c     simplelink.a : netapp.obj (.text:CopyPingResultsToReport)
                  2000f7ea    00000002     --HOLE-- [fill = 0]
                  2000f7ec    0000003c     driverlib.a : prcm.obj (.text:PRCMPeripheralClkEnable)
                  2000f828    0000003c     simplelink.a : socket.obj (.text:sl_Htons)
                  2000f864    00000004     --HOLE-- [fill = 0]
                  2000f868    0000003c     sysbios.aem4 : BIOS.obj (.text:ti_sysbios_family_arm_m3_Hwi_excSvCall__I)
                  2000f8a4    00000004     --HOLE-- [fill = 0]
                  2000f8a8    0000003c                  : BIOS.obj (.text:ti_sysbios_heaps_HeapMem_init__I)
                  2000f8e4    00000004     --HOLE-- [fill = 0]
                  2000f8e8    0000003c                  : BIOS.obj (.text:ti_sysbios_knl_Swi_startup__E)
                  2000f924    0000003c     driverlib.a : udma.obj (.text:uDMAChannelControlSet)
                  2000f960    0000003a     ti.targets.arm.rtsarm.aem4 : LoggerBuf.oem4 (.text:xdc_runtime_LoggerBuf_Instance_init__E)
                  2000f99a    00000002     --HOLE-- [fill = 0]
                  2000f99c    00000038     simplelink.a : cc_pal.obj (.text:NwpPowerOff)
                  2000f9d4    00000004     --HOLE-- [fill = 0]
                  2000f9d8    00000038     sysbios.aem4 : BIOS.obj (.text:ti_sysbios_family_arm_m3_Hwi_excNoIsr__I)
                  2000fa10    00000038                  : BIOS.obj (.text:ti_sysbios_knl_Task_processVitalTaskFlag__I)
                  2000fa48    00000038     ti.targets.arm.rtsarm.aem4 : SysMin.oem4 (.text:xdc_runtime_SysMin_putch__E)
                  2000fa80    00000038                                : System.oem4 (.text:xdc_runtime_System_atexit__E)
                  2000fab8    00000036     driverlib.a : gpio.obj (.text:GPIODirModeSet)
                  2000faee    00000002     --HOLE-- [fill = 0]
                  2000faf0    00000034                 : prcm.obj (.text:PRCMPeripheralStatusGet)
                  2000fb24    00000034                 : spi.obj (.text:SPIFIFOLevelSet)
                  2000fb58    00000034     rtsv7M4_T_le_eabi.lib : feraiseexcept.obj (.text)
                  2000fb8c    00000004     --HOLE-- [fill = 0]
                  2000fb90    00000034     sysbios.aem4 : BIOS.obj (.text:ti_sysbios_family_arm_m3_Hwi_Instance_finalize__E)
                  2000fbc4    00000004     --HOLE-- [fill = 0]
                  2000fbc8    00000034                  : BIOS.obj (.text:ti_sysbios_family_arm_m3_Hwi_excNmi__I)
                  2000fbfc    00000004     --HOLE-- [fill = 0]
                  2000fc00    00000034                  : BIOS.obj (.text:ti_sysbios_family_arm_m3_Timer_periodicStub__I)
                  2000fc34    00000004     --HOLE-- [fill = 0]
                  2000fc38    00000034                  : BIOS.obj (.text:ti_sysbios_hal_Hwi_checkStack)
                  2000fc6c    00000034     app_pem4.oem4 (.text:ti_sysbios_knl_Semaphore_create)
                  2000fca0    00000034     ti.targets.arm.rtsarm.aem4 : Core-label.oem4 (.text:xdc_runtime_Core_assignLabel__I)
                  2000fcd4    00000033                                : Text.oem4 (.text:xdc_runtime_Text_printVisFxn__I)
                  2000fd07    00000001     --HOLE-- [fill = 0]
                  2000fd08    00000032     sysbios.aem4 : BIOS.obj (.text:ti_sysbios_hal_Hwi_initStack)
                  2000fd3a    00000006     ti.targets.arm.rtsarm.aem4 : xdc_noinit.oem4 (.text:__xdc__init)
                  2000fd40    00000032     sysbios.aem4 : BIOS.obj (.text:ti_sysbios_knl_Semaphore_pendTimeout__I)
                  2000fd72    00000030     driverlib.a : pin.obj (.text:PinTypeGPIO)
                  2000fda2    00000002     --HOLE-- [fill = 0]
                  2000fda4    00000030                 : uart.obj (.text:UARTDisable)
                  2000fdd4    00000030     rtsv7M4_T_le_eabi.lib : xferaise.obj (.text)
                  2000fe04    00000030     app_pem4.oem4 (.text:ti_sysbios_BIOS_atExitFunc__I)
                  2000fe34    00000004     --HOLE-- [fill = 0]
                  2000fe38    00000030     sysbios.aem4 : BIOS.obj (.text:ti_sysbios_family_arm_m3_TaskSupport_start__E)
                  2000fe68    00000030     app_pem4.oem4 (.text:ti_sysbios_gates_GateHwi_Object__create__S)
                  2000fe98    00000030     app_pem4.oem4 (.text:ti_sysbios_gates_GateMutex_Object__create__S)
                  2000fec8    00000030     app_pem4.oem4 (.text:ti_sysbios_heaps_HeapMem_Object__create__S)
                  2000fef8    00000030     app_pem4.oem4 (.text:ti_sysbios_knl_Semaphore_construct)
                  2000ff28    00000030     ti.targets.arm.rtsarm.aem4 : SysMin.oem4 (.text:xdc_runtime_SysMin_abort__E)
                  2000ff58    00000030                                : System.oem4 (.text:xdc_runtime_System_processAtExit__E)
                  2000ff88    0000002e     app_pem4.oem4 (.text:malloc)
                  2000ffb6    0000002e     rtsv7M4_T_le_eabi.lib : i_tofd_t2.obj (.text)
                  2000ffe4    0000002e                           : raise.obj (.text)
                  20010012    00000002     --HOLE-- [fill = 0]
                  20010014    0000002c     simplelink.a : cc_pal.obj (.text:DmaSpiSwIntHandler)
                  20010040    0000002c     driverlib.a : prcm.obj (.text:PRCMSysResetCauseGet)
                  2001006c    0000002c     app_pem4.oem4 (.text:ti_sysbios_knl_Clock_doTick__I)
                  20010098    0000002c     app_pem4.oem4 (.text:ti_sysbios_knl_Queue_construct)
                  200100c4    00000004     --HOLE-- [fill = 0]
                  200100c8    0000002c     sysbios.aem4 : BIOS.obj (.text:ti_sysbios_knl_Task_restore__E)
                  200100f4    0000002c     ti.targets.arm.rtsarm.aem4 : Text.oem4 (.text:xdc_runtime_Text_cordText__E)
                  20010120    0000002a     rtsv7M4_T_le_eabi.lib : xdclass.obj (.text)
                  2001014a    0000002a     ti.targets.arm.rtsarm.aem4 : System.oem4 (.text:xdc_runtime_System_putchar__I)
                  20010174    00000028     driverlib.a : prcm.obj (.text:PRCMPeripheralClkDisable)
                  2001019c    00000028     simplelink.a : driver.obj (.text:_SlDrvObjGlobalLockWaitForever)
                  200101c4    00000028                  : driver.obj (.text:_SlDrvProtectionObjLockWaitForever)
                  200101ec    00000004     --HOLE-- [fill = 0]
                  200101f0    00000028     sysbios.aem4 : BIOS.obj (.text:ti_sysbios_knl_Swi_Module_startup__E)
                  20010218    00000028     ti.targets.arm.rtsarm.aem4 : LoggerBuf.oem4 (.text:xdc_runtime_LoggerBuf_Module_startup__E)
                  20010240    00000026     simplelink.a : cc_pal.obj (.text:NwpRegisterInterruptHandler)
                  20010266    00000026     network_common.obj (.text)
                  2001028c    00000026     ti.targets.arm.rtsarm.aem4 : System.oem4 (.text:xdc_runtime_System_avprintf__E)
                  200102b2    00000024     driverlib.a : uart.obj (.text:UARTEnable)
                  200102d6    00000002     --HOLE-- [fill = 0]
                  200102d8    00000024     simplelink.a : driver.obj (.text:_SlDrvGlobalObjUnLock)
                  200102fc    00000024                  : driver.obj (.text:_SlDrvProtectionObjUnLock)
                  20010320    00000024                  : driver.obj (.text:_SlDrvSyncObjWaitForever)
                  20010344    00000024     rtsv7M4_T_le_eabi.lib : memmov.obj (.text)
                  20010368    00000024     app_pem4.oem4 (.text:ti_sysbios_BIOS_errorRaiseHook__I)
                  2001038c    00000024     app_pem4.oem4 (.text:ti_sysbios_BIOS_registerRTSLock__I)
                  200103b0    00000024     app_pem4.oem4 (.text:ti_sysbios_BIOS_removeRTSLock__I)
                  200103d4    00000024     app_pem4.oem4 (.text:ti_sysbios_BIOS_startFunc__I)
                  200103f8    00000024     sysbios.aem4 : BIOS.obj (.text:ti_sysbios_family_arm_m3_Hwi_doTaskRestore__I)
                  2001041c    00000004     --HOLE-- [fill = 0]
                  20010420    00000024                  : BIOS.obj (.text:ti_sysbios_family_arm_m3_Timer_startup__E)
                  20010444    00000024     app_pem4.oem4 (.text:ti_sysbios_gates_GateMutex_Object__delete__S)
                  20010468    00000024     sysbios.aem4 : BIOS.obj (.text:ti_sysbios_knl_Clock_Module_startup__E)
                  2001048c    00000024     app_pem4.oem4 (.text:ti_sysbios_knl_Semaphore_Object__delete__S)
                  200104b0    00000024     ti.targets.arm.rtsarm.aem4 : System.oem4 (.text:xdc_runtime_System_vprintf__E)
                  200104d4    00000022     driverlib.a : spi.obj (.text:SPIReset)
                  200104f6    00000022                 : spi.obj (.text:SPIWordCountSet)
                  20010518    00000022     simplelink.a : driver.obj (.text:_SlDrvObjLockWaitForever)
                  2001053a    00000022     rtsv7M4_T_le_eabi.lib : frexp.obj (.text)
                  2001055c    00000022     app_pem4.oem4 (.text:xdc_runtime_SysMin_output__I)
                  2001057e    00000002     --HOLE-- [fill = 0]
                  20010580    00000020     simplelink.a : cc_pal.obj (.text:NwpPowerOn)
                  200105a0    00000020     app_pem4.oem4 (.text:ti_sysbios_BIOS_rtsLock__I)
                  200105c0    00000020     app_pem4.oem4 (.text:ti_sysbios_family_arm_m3_Hwi_Object__delete__S)
                  200105e0    00000020     sysbios.aem4 : m3_Hwi_asm.obj (.text:ti_sysbios_family_arm_m3_Hwi_excHandlerAsm__I)
                  20010600    00000020                  : BIOS.obj (.text:ti_sysbios_family_arm_m3_Hwi_excHandler__I)
                  20010620    00000020                  : BIOS.obj (.text:ti_sysbios_family_arm_m3_TimestampProvider_Module_startup__E)
                  20010640    00000020     app_pem4.oem4 (.text:ti_sysbios_gates_GateHwi_Object__delete__S)
                  20010660    00000020     app_pem4.oem4 (.text:ti_sysbios_heaps_HeapMem_Object__delete__S)
                  20010680    00000020     sysbios.aem4 : BIOS.obj (.text:ti_sysbios_knl_Idle_run__E)
                  200106a0    00000020     app_pem4.oem4 (.text:ti_sysbios_knl_Mailbox_Object__delete__S)
                  200106c0    00000020     app_pem4.oem4 (.text:ti_sysbios_knl_Semaphore_Object__destruct__S)
                  200106e0    00000020     app_pem4.oem4 (.text:ti_sysbios_knl_Task_Object__delete__S)
                  20010700    00000020     app_pem4.oem4 (.text:xdc_runtime_LoggerBuf_Object__delete__S)
                  20010720    00000020     ti.targets.arm.rtsarm.aem4 : LoggerBuf.oem4 (.text:xdc_runtime_LoggerBuf_reset__E)
                  20010740    00000020                                : Registry.oem4 (.text:xdc_runtime_Registry_findById__E)
                  20010760    00000020                                : SysMin.oem4 (.text:xdc_runtime_SysMin_Module_startup__E)
                  20010780    0000001e     driverlib.a : uart.obj (.text:UARTCharPut)
                  2001079e    0000001e     simplelink.a : driver.obj (.text:_SlDrvObjUnLock)
                  200107bc    0000001e                  : driver.obj (.text:_SlDrvSyncObjSignal)
                  200107da    0000001e                  : cc_pal.obj (.text:cc_UDMAChannelSelect)
                  200107f8    0000001e     sysbios.aem4 : m3_Hwi_asm_switch.obj (.text:ti_sysbios_family_xxx_Hwi_switchAndRunFunc)
                  20010816    0000001c     driverlib.a : uart.obj (.text:UARTCharGetNonBlocking)
                  20010832    0000001c     rtsv7M4_T_le_eabi.lib : memccpy.obj (.text)
                  2001084e    00000002     --HOLE-- [fill = 0]
                  20010850    0000001c     sysbios.aem4 : BIOS.obj (.text:ti_sysbios_family_arm_m3_Hwi_setPriority__E)
                  2001086c    00000004     --HOLE-- [fill = 0]
                  20010870    0000001c                  : BIOS.obj (.text:ti_sysbios_gates_GateMutex_Instance_init__E)
                  2001088c    0000001c     app_pem4.oem4 (.text:ti_sysbios_knl_Queue_Object__destruct__S)
                  200108a8    0000001c     sysbios.aem4 : BIOS.obj (.text:ti_sysbios_knl_Task_enter__I)
                  200108c4    0000001c     driverlib.a : udma.obj (.text:uDMAChannelEnable)
                  200108e0    0000001c     ti.targets.arm.rtsarm.aem4 : Error.oem4 (.text:xdc_runtime_Error_raiseX__E)
                  200108fc    0000001c                                : Memory.oem4 (.text:xdc_runtime_Memory_valloc__E)
                  20010918    0000001c                                : SysMin.oem4 (.text:xdc_runtime_SysMin_exit__E)
                  20010934    0000001c                                : System.oem4 (.text:xdc_runtime_System_abort__E)
                  20010950    0000001a     driverlib.a : pin.obj (.text:PinTypeUART)
                  2001096a    0000001a                 : spi.obj (.text:SPIDmaDisable)
                  20010984    0000001a                 : spi.obj (.text:SPIDmaEnable)
                  2001099e    0000001a                 : spi.obj (.text:SPIFIFODisable)
                  200109b8    0000001a                 : spi.obj (.text:SPIFIFOEnable)
                  200109d2    0000001a     app_pem4.oem4 (.text:ti_sysbios_family_arm_m3_Hwi_Handle__label__S)
                  200109ec    0000001a     sysbios.aem4 : m3_Hwi_asm.obj (.text:ti_sysbios_family_arm_m3_Hwi_pendSV__I)
                  20010a06    0000001a     app_pem4.oem4 (.text:ti_sysbios_gates_GateHwi_Handle__label__S)
                  20010a20    0000001a     app_pem4.oem4 (.text:ti_sysbios_gates_GateMutex_Handle__label__S)
                  20010a3a    0000001a     app_pem4.oem4 (.text:ti_sysbios_heaps_HeapMem_Handle__label__S)
                  20010a54    0000001a     app_pem4.oem4 (.text:ti_sysbios_knl_Swi_Handle__label__S)
                  20010a6e    0000001a     app_pem4.oem4 (.text:ti_sysbios_knl_Task_Handle__label__S)
                  20010a88    0000001a     sysbios.aem4 : BIOS.obj (.text:ti_sysbios_knl_Task_sleepTimeout__I)
                  20010aa2    0000001a     app_pem4.oem4 (.text:xdc_runtime_LoggerBuf_Handle__label__S)
                  20010abc    0000001a     app_pem4.oem4 (.text:xdc_runtime_System_aprintf__E)
                  20010ad6    0000001a     app_pem4.oem4 (.text:xdc_runtime_System_printf__E)
                  20010af0    00000018     driverlib.a : spi.obj (.text:SPICSDisable)
                  20010b08    00000018                 : spi.obj (.text:SPICSEnable)
                  20010b20    00000018                 : spi.obj (.text:SPIDisable)
                  20010b38    00000018                 : spi.obj (.text:SPIEnable)
                  20010b50    00000018                 : uart.obj (.text:UARTCharsAvail)
                  20010b68    00000018     simplelink.a : device.obj (.text:_sl_GetStartResponseConvert)
                  20010b80    00000018     app_pem4.oem4 (.text:free)
                  20010b98    00000018     rtsv7M4_T_le_eabi.lib : args_main.obj (.text)
                  20010bb0    00000018     app_pem4.oem4 (.text:ti_sysbios_BIOS_rtsUnlock__I)
                  20010bc8    00000018     app_pem4.oem4 (.text:ti_sysbios_family_arm_m3_Hwi_Module__startupDone__F)
                  20010be0    00000018     app_pem4.oem4 (.text:ti_sysbios_family_arm_m3_Timer_Module__startupDone__F)
                  20010bf8    00000018     sysbios.aem4 : BIOS.obj (.text:ti_sysbios_gates_GateMutex_leave__E)
                  20010c10    00000018     ti.targets.arm.rtsarm.aem4 : Error.oem4 (.text:xdc_runtime_Error_check__E)
                  20010c28    00000018                                : System.oem4 (.text:xdc_runtime_System_exit__E)
                  20010c40    00000018                                : Text.oem4 (.text:xdc_runtime_Text_ropeText__E)
                  20010c58    00000016     driverlib.a : prcm.obj (.text:PRCMHIBRegRead)
                  20010c6e    00000016                 : prcm.obj (.text:PRCMHIBRegWrite)
                  20010c84    00000016     simplelink.a : driver.obj (.text:_SlDrvMemZero)
                  20010c9a    00000016     rtsv7M4_T_le_eabi.lib : strchr.obj (.text)
                  20010cb0    00000016     app_pem4.oem4 (.text:ti_sysbios_BIOS_exitFunc__I)
                  20010cc6    00000014     driverlib.a : cpu.obj (.text:CPUcpsie)
                  20010cda    00000002     --HOLE-- [fill = 0]
                  20010cdc    00000014     rtsv7M4_T_le_eabi.lib : _lock.obj (.text)
                  20010cf0    00000014                           : strcpy.obj (.text)
                  20010d04    00000014                           : strlen.obj (.text)
                  20010d18    00000014     app_pem4.oem4 (.text:ti_sysbios_family_arm_m3_Hwi_Object__get__S)
                  20010d2c    00000004     --HOLE-- [fill = 0]
                  20010d30    00000014     sysbios.aem4 : BIOS.obj (.text:ti_sysbios_family_arm_m3_Hwi_switchFromBootStack__E)
                  20010d44    00000014     app_pem4.oem4 (.text:ti_sysbios_heaps_HeapMem_Object__get__S)
                  20010d58    00000014     app_pem4.oem4 (.text:ti_sysbios_knl_Swi_Object__get__S)
                  20010d6c    00000014     app_pem4.oem4 (.text:xdc_runtime_LoggerBuf_Object__get__S)
                  20010d80    00000012     sysbios.aem4 : BIOS.obj (.text:ti_sysbios_hal_Hwi_Module_startup__E)
                  20010d92    00000006     rtsv7M4_T_le_eabi.lib : copy_decompress_rle.obj (.text:decompress:rle24)
                  20010d98    00000012     sysbios.aem4 : BIOS.obj (.text:ti_sysbios_hal_Timer_Module_startup__E)
                  20010daa    00000012     ti.targets.arm.rtsarm.aem4 : LoggerBuf.oem4 (.text:xdc_runtime_LoggerBuf_Instance_finalize__E)
                  20010dbc    00000012                                : LoggerBuf.oem4 (.text:xdc_runtime_LoggerBuf_write1__E)
                  20010dce    00000012                                : LoggerBuf.oem4 (.text:xdc_runtime_LoggerBuf_write2__E)
                  20010de0    00000012     app_pem4.oem4 (.text:xdc_runtime_Startup_exec__I)
                  20010df2    00000010     simplelink.a : driver.obj (.text:_SlDrvDispatchHttpServerEvents)
                  20010e02    00000006     ti.targets.arm.rtsarm.aem4 : System.oem4 (.text:xdc_runtime_System_Module_startup__E)
                  20010e08    00000010     sysbios.aem4 : BIOS.obj (.text:ti_sysbios_BIOS_setThreadType__E)
                  20010e18    00000010                  : BIOS.obj (.text:ti_sysbios_BIOS_start__E)
                  20010e28    00000010                  : BIOS.obj (.text:ti_sysbios_family_arm_m3_Hwi_getHandle__E)
                  20010e38    00000010                  : m3_TaskSupport_asm.obj (.text:ti_sysbios_family_arm_m3_TaskSupport_glue)
                  20010e48    00000010                  : m3_TaskSupport_asm.obj (.text:ti_sysbios_family_arm_m3_TaskSupport_swap__E)
                  20010e58    00000010                  : BIOS.obj (.text:ti_sysbios_gates_GateMutex_Instance_finalize__E)
                  20010e68    00000010     app_pem4.oem4 (.text:ti_sysbios_knl_Mailbox_Object__get__S)
                  20010e78    00000010     sysbios.aem4 : BIOS.obj (.text:ti_sysbios_knl_Semaphore_Instance_finalize__E)
                  20010e88    00000010                  : BIOS.obj (.text:ti_sysbios_knl_Swi_disable__E)
                  20010e98    00000010     app_pem4.oem4 (.text:ti_sysbios_knl_Task_Object__get__S)
                  20010ea8    00000010     sysbios.aem4 : BIOS.obj (.text:ti_sysbios_knl_Task_disable__E)
                  20010eb8    00000010     ti.targets.arm.rtsarm.aem4 : Gate.oem4 (.text:xdc_runtime_Gate_leaveSystem__E)
                  20010ec8    00000010                                : LoggerBuf.oem4 (.text:xdc_runtime_LoggerBuf_write0__E)
                  20010ed8    00000010                                : Memory.oem4 (.text:xdc_runtime_Memory_free__E)
                  20010ee8    00000010                                : SysMin.oem4 (.text:xdc_runtime_SysMin_ready__E)
                  20010ef8    00000010                                : System.oem4 (.text:xdc_runtime_System_vsnprintf__E)
                  20010f08    00000010     app_pem4.oem4 (.text:xdc_runtime_Text_visitRope__I)
                  20010f18    0000000e     simplelink.a : driver.obj (.text:_SlDrvResetCmdExt)
                  20010f26    0000000e     rtsv7M4_T_le_eabi.lib : copy_decompress_none.obj (.text:decompress:none)
                  20010f34    00000004     --HOLE-- [fill = 0]
                  20010f38    0000000e     sysbios.aem4 : BIOS.obj (.text:ti_sysbios_knl_Idle_loop__E)
                  20010f46    00000002     --HOLE-- [fill = 0]
                  20010f48    0000000e                  : BIOS.obj (.text:ti_sysbios_knl_Queue_empty__E)
                  20010f56    00000002     --HOLE-- [fill = 0]
                  20010f58    0000000c     simplelink.a : cc_pal.obj (.text:NwpMaskInterrupt)
                  20010f64    0000000c                  : cc_pal.obj (.text:NwpUnMaskInterrupt)
                  20010f70    0000000c     rtsv7M4_T_le_eabi.lib : copy_zero_init.obj (.text:decompress:ZI)
                  20010f7c    0000000c     app_pem4.oem4 (.text:ti_sysbios_family_arm_m3_Hwi_Params__init__S)
                  20010f88    0000000c     sysbios.aem4 : BIOS.obj (.text:ti_sysbios_family_arm_m3_Hwi_disableFxn__E)
                  20010f94    00000004     --HOLE-- [fill = 0]
                  20010f98    0000000c                  : BIOS.obj (.text:ti_sysbios_family_arm_m3_TaskSupport_checkStack__E)
                  20010fa4    00000004     --HOLE-- [fill = 0]
                  20010fa8    0000000c                  : BIOS.obj (.text:ti_sysbios_family_arm_m3_TaskSupport_getStackAlignment__E)
                  20010fb4    00000004     --HOLE-- [fill = 0]
                  20010fb8    0000000c                  : BIOS.obj (.text:ti_sysbios_gates_GateHwi_enter__E)
                  20010fc4    0000000c     app_pem4.oem4 (.text:ti_sysbios_knl_Queue_Object__get__S)
                  20010fd0    0000000c     app_pem4.oem4 (.text:ti_sysbios_knl_Semaphore_Params__init__S)
                  20010fdc    0000000c     app_pem4.oem4 (.text:ti_sysbios_knl_Task_Params__init__S)
                  20010fe8    0000000c     ti.targets.arm.rtsarm.aem4 : Error.oem4 (.text:xdc_runtime_Error_init__E)
                  20010ff4    0000000c                                : Gate.oem4 (.text:xdc_runtime_Gate_enterSystem__E)
                  20011000    0000000c                                : Memory.oem4 (.text:xdc_runtime_Memory_calloc__E)
                  2001100c    0000000c                                : Memory.oem4 (.text:xdc_runtime_Memory_getMaxDefaultTypeAlign__E)
                  20011018    0000000a     driverlib.a : interrupt.obj (.text:IntMasterEnable)
                  20011022    0000000a     app_pem4.oem4 (.text:xdc_runtime_IHeap_alloc)
                  2001102c    0000000a     app_pem4.oem4 (.text:xdc_runtime_IHeap_free)
                  20011036    0000000a     ti.targets.arm.rtsarm.aem4 : LoggerBuf.oem4 (.text:xdc_runtime_LoggerBuf_disable__E)
                  20011040    0000000a                                : LoggerBuf.oem4 (.text:xdc_runtime_LoggerBuf_enable__E)
                  2001104a    00000006     --HOLE-- [fill = 0]
                  20011050    00000008     sysbios.aem4 : BIOS.obj (.text:ti_sysbios_family_arm_m3_Hwi_doSwiRestore__I)
                  20011058    00000008                  : BIOS.obj (.text:ti_sysbios_family_arm_m3_Hwi_startup__E)
                  20011060    00000006                  : BIOS.obj (.text:ti_sysbios_family_arm_m3_Hwi_restoreFxn__E)
                  20011066    00000002     --HOLE-- [fill = 0]
                  20011068    00000006                  : BIOS.obj (.text:ti_sysbios_gates_GateHwi_leave__E)
                  2001106e    00000002     --HOLE-- [fill = 0]
                  20011070    00000006                  : BIOS.obj (.text:ti_sysbios_heaps_HeapMem_isBlocking__E)
                  20011076    00000002     --HOLE-- [fill = 0]
                  20011078    00000006                  : BIOS.obj (.text:ti_sysbios_knl_Queue_Instance_init__E)
                  2001107e    00000002     --HOLE-- [fill = 0]
                  20011080    00000004                  : BIOS.obj (.text:ti_sysbios_family_arm_m3_Timer_getMaxTicks__E)
                  20011084    00000004     --HOLE-- [fill = 0]
                  20011088    00000004                  : BIOS.obj (.text:ti_sysbios_gates_GateHwi_query__E)
                  2001108c    00000004     --HOLE-- [fill = 0]
                  20011090    00000004                  : BIOS.obj (.text:ti_sysbios_gates_GateMutex_query__E)
                  20011094    00000004     --HOLE-- [fill = 0]
                  20011098    00000004                  : BIOS.obj (.text:ti_sysbios_knl_Task_startup__E)
                  2001109c    00000004     --HOLE-- [fill = 0]
                  200110a0    00000002                  : BIOS.obj (.text:ti_sysbios_gates_GateHwi_Instance_init__E)

.const     0    200110a4    000024bb     
                  200110a4    000018cb     app_pem4.oem4 (.const:xdc_runtime_Text_charTab__A)
                  2001296f    00000101     rtsv7M4_T_le_eabi.lib : ctype.obj (.const:.string:_ctypes_)
                  20012a70    00000100     driverlib.a : pin.obj (.const:g_ulPinToPadMap)
                  20012b70    000000b8     app_pem4.oem4 (.const:xdc_runtime_Text_nodeTab__A)
                  20012c28    000000a8     driverlib.a : prcm.obj (.const:PRCM_PeriphRegsList)
                  20012cd0    00000080                 : interrupt.obj (.const)
                  20012d50    00000048     app_pem4.oem4 (.const:.string)
                  20012d98    0000003c     simplelink.a : driver.obj (.const:OpcodeTranslateTable)
                  20012dd4    0000003c                  : wlan.obj (.const)
                  20012e10    0000003c     app_pem4.oem4 (.const:ti_sysbios_knl_Task_Object__PARAMS__C)
                  20012e4c    0000003c     app_pem4.oem4 (.const:xdc_runtime_LoggerBuf_Module__FXNS__C)
                  20012e88    00000038     simplelink.a : driver.obj (.const:_SlActionLookupTable)
                  20012ec0    00000038                  : driver.obj (.const)
                  20012ef8    00000034                  : socket.obj (.const)
                  20012f2c    00000034     app_pem4.oem4 (.const:ti_sysbios_knl_Mailbox_Object__PARAMS__C)
                  20012f60    00000030     app_pem4.oem4 (.const:ti_sysbios_family_arm_m3_Hwi_Object__PARAMS__C)
                  20012f90    00000030     app_pem4.oem4 (.const:xdc_runtime_Startup_sfxnTab__A)
                  20012fc0    00000028     simplelink.a : netapp.obj (.const)
                  20012fe8    00000028     app_pem4.oem4 (.const:ti_sysbios_heaps_HeapMem_Module__FXNS__C)
                  20013010    00000024     app_pem4.oem4 (.const:ti_sysbios_gates_GateHwi_Module__FXNS__C)
                  20013034    00000024     app_pem4.oem4 (.const:ti_sysbios_gates_GateMutex_Module__FXNS__C)
                  20013058    00000024     app_pem4.oem4 (.const:ti_sysbios_heaps_HeapMem_Object__PARAMS__C)
                  2001307c    00000024     app_pem4.oem4 (.const:ti_sysbios_knl_Semaphore_Object__PARAMS__C)
                  200130a0    00000024     app_pem4.oem4 (.const:xdc_runtime_LoggerBuf_Object__PARAMS__C)
                  200130c4    00000020     app_pem4.oem4 (.const:ti_sysbios_family_arm_m3_Hwi_Object__DESC__C)
                  200130e4    00000020     app_pem4.oem4 (.const:ti_sysbios_gates_GateHwi_Object__DESC__C)
                  20013104    00000020     app_pem4.oem4 (.const:ti_sysbios_gates_GateMutex_Object__DESC__C)
                  20013124    00000020     app_pem4.oem4 (.const:ti_sysbios_heaps_HeapMem_Object__DESC__C)
                  20013144    00000020     app_pem4.oem4 (.const:ti_sysbios_knl_Mailbox_Object__DESC__C)
                  20013164    00000020     app_pem4.oem4 (.const:ti_sysbios_knl_Queue_Object__DESC__C)
                  20013184    00000020     app_pem4.oem4 (.const:ti_sysbios_knl_Semaphore_Object__DESC__C)
                  200131a4    00000020     app_pem4.oem4 (.const:ti_sysbios_knl_Task_Object__DESC__C)
                  200131c4    00000020     app_pem4.oem4 (.const:xdc_runtime_LoggerBuf_Object__DESC__C)
                  200131e4    0000001c     simplelink.a : device.obj (.const)
                  20013200    00000018     driverlib.a : spi.obj (.const)
                  20013218    00000018     app_pem4.oem4 (.const:ti_sysbios_gates_GateHwi_Object__PARAMS__C)
                  20013230    00000018     app_pem4.oem4 (.const:ti_sysbios_gates_GateMutex_Object__PARAMS__C)
                  20013248    00000018     app_pem4.oem4 (.const:ti_sysbios_knl_Queue_Object__PARAMS__C)
                  20013260    00000018     app_pem4.oem4 (.const:xdc_runtime_Startup_sfxnRts__A)
                  20013278    00000010     simplelink.a : socket.obj (.const:.string)
                  20013288    0000000c     app_pem4.oem4 (.const:xdc_runtime_Startup_firstFxns__A)
                  20013294    00000008     app_pem4.oem4 (.const:ti_sysbios_family_arm_m3_Hwi_excHookFuncs__A)
                  2001329c    00000008     app_pem4.oem4 (.const:ti_sysbios_knl_Idle_funcList__C)
                  200132a4    00000008     app_pem4.oem4 (.const:xdc_runtime_Startup_firstFxns__C)
                  200132ac    00000008     app_pem4.oem4 (.const:xdc_runtime_Startup_lastFxns__C)
                  200132b4    00000004     app_pem4.oem4 (.const:ti_sysbios_family_arm_m3_Hwi_E_NMI__C)
                  200132b8    00000004     app_pem4.oem4 (.const:ti_sysbios_family_arm_m3_Hwi_E_alreadyDefined__C)
                  200132bc    00000004     app_pem4.oem4 (.const:ti_sysbios_family_arm_m3_Hwi_E_busFault__C)
                  200132c0    00000004     app_pem4.oem4 (.const:ti_sysbios_family_arm_m3_Hwi_E_debugMon__C)
                  200132c4    00000004     app_pem4.oem4 (.const:ti_sysbios_family_arm_m3_Hwi_E_hardFault__C)
                  200132c8    00000004     app_pem4.oem4 (.const:ti_sysbios_family_arm_m3_Hwi_E_memFault__C)
                  200132cc    00000004     app_pem4.oem4 (.const:ti_sysbios_family_arm_m3_Hwi_E_noIsr__C)
                  200132d0    00000004     app_pem4.oem4 (.const:ti_sysbios_family_arm_m3_Hwi_E_reserved__C)
                  200132d4    00000004     app_pem4.oem4 (.const:ti_sysbios_family_arm_m3_Hwi_E_svCall__C)
                  200132d8    00000004     app_pem4.oem4 (.const:ti_sysbios_family_arm_m3_Hwi_E_usageFault__C)
                  200132dc    00000004     app_pem4.oem4 (.const:ti_sysbios_family_arm_m3_Hwi_LD_end__C)
                  200132e0    00000004     app_pem4.oem4 (.const:ti_sysbios_family_arm_m3_Hwi_LM_begin__C)
                  200132e4    00000004     app_pem4.oem4 (.const:ti_sysbios_family_arm_m3_Hwi_Module__diagsEnabled__C)
                  200132e8    00000004     app_pem4.oem4 (.const:ti_sysbios_family_arm_m3_Hwi_Module__diagsIncluded__C)
                  200132ec    00000004     app_pem4.oem4 (.const:ti_sysbios_family_arm_m3_Hwi_Module__diagsMask__C)
                  200132f0    00000004     app_pem4.oem4 (.const:ti_sysbios_family_arm_m3_Hwi_Module__loggerFxn1__C)
                  200132f4    00000004     app_pem4.oem4 (.const:ti_sysbios_family_arm_m3_Hwi_Module__loggerFxn8__C)
                  200132f8    00000004     app_pem4.oem4 (.const:ti_sysbios_family_arm_m3_Hwi_Module__loggerObj__C)
                  200132fc    00000004     app_pem4.oem4 (.const:ti_sysbios_family_arm_m3_Hwi_NUM_INTERRUPTS__C)
                  20013300    00000004     app_pem4.oem4 (.const:ti_sysbios_family_arm_m3_Hwi_Object__count__C)
                  20013304    00000004     app_pem4.oem4 (.const:ti_sysbios_family_arm_m3_Hwi_ccr__C)
                  20013308    00000004     app_pem4.oem4 (.const:ti_sysbios_family_arm_m3_Hwi_excHandlerFunc__C)
                  2001330c    00000004     app_pem4.oem4 (.const:ti_sysbios_family_arm_m3_Hwi_excHookFuncs__C)
                  20013310    00000004     app_pem4.oem4 (.const:ti_sysbios_family_arm_m3_Hwi_nullIsrFunc__C)
                  20013314    00000004     app_pem4.oem4 (.const:ti_sysbios_family_arm_m3_Hwi_priGroup__C)
                  20013318    00000004     app_pem4.oem4 (.const:ti_sysbios_family_arm_m3_TaskSupport_stackAlignment__C)
                  2001331c    00000004     app_pem4.oem4 (.const:ti_sysbios_family_arm_m3_Timer_E_cannotSupport__C)
                  20013320    00000004     app_pem4.oem4 (.const:ti_sysbios_family_arm_m3_Timer_startupNeeded__C)
                  20013324    00000004     app_pem4.oem4 (.const:ti_sysbios_gates_GateMutex_A_badContext__C)
                  20013328    00000004     app_pem4.oem4 (.const:ti_sysbios_gates_GateMutex_Instance_State_sem__O)
                  2001332c    00000004     app_pem4.oem4 (.const:ti_sysbios_gates_GateMutex_Module__diagsEnabled__C)
                  20013330    00000004     app_pem4.oem4 (.const:ti_sysbios_gates_GateMutex_Module__diagsIncluded__C)
                  20013334    00000004     app_pem4.oem4 (.const:ti_sysbios_gates_GateMutex_Module__diagsMask__C)
                  20013338    00000004     app_pem4.oem4 (.const:ti_sysbios_hal_Hwi_E_stackOverflow__C)
                  2001333c    00000004     app_pem4.oem4 (.const:ti_sysbios_heaps_HeapMem_A_align__C)
                  20013340    00000004     app_pem4.oem4 (.const:ti_sysbios_heaps_HeapMem_A_heapSize__C)
                  20013344    00000004     app_pem4.oem4 (.const:ti_sysbios_heaps_HeapMem_A_invalidFree__C)
                  20013348    00000004     app_pem4.oem4 (.const:ti_sysbios_heaps_HeapMem_A_zeroBlock__C)
                  2001334c    00000004     app_pem4.oem4 (.const:ti_sysbios_heaps_HeapMem_E_memory__C)
                  20013350    00000004     app_pem4.oem4 (.const:ti_sysbios_heaps_HeapMem_Module__diagsEnabled__C)
                  20013354    00000004     app_pem4.oem4 (.const:ti_sysbios_heaps_HeapMem_Module__diagsIncluded__C)
                  20013358    00000004     app_pem4.oem4 (.const:ti_sysbios_heaps_HeapMem_Module__diagsMask__C)
                  2001335c    00000004     app_pem4.oem4 (.const:ti_sysbios_heaps_HeapMem_Module__gateObj__C)
                  20013360    00000004     app_pem4.oem4 (.const:ti_sysbios_heaps_HeapMem_Object__count__C)
                  20013364    00000004     app_pem4.oem4 (.const:ti_sysbios_heaps_HeapMem_reqAlign__C)
                  20013368    00000004     app_pem4.oem4 (.const:ti_sysbios_knl_Clock_LM_begin__C)
                  2001336c    00000004     app_pem4.oem4 (.const:ti_sysbios_knl_Clock_LM_tick__C)
                  20013370    00000004     app_pem4.oem4 (.const:ti_sysbios_knl_Clock_LW_delayed__C)
                  20013374    00000004     app_pem4.oem4 (.const:ti_sysbios_knl_Clock_Module_State_clockQ__O)
                  20013378    00000004     app_pem4.oem4 (.const:ti_sysbios_knl_Clock_Module__diagsEnabled__C)
                  2001337c    00000004     app_pem4.oem4 (.const:ti_sysbios_knl_Clock_Module__diagsIncluded__C)
                  20013380    00000004     app_pem4.oem4 (.const:ti_sysbios_knl_Clock_Module__diagsMask__C)
                  20013384    00000004     app_pem4.oem4 (.const:ti_sysbios_knl_Clock_Module__loggerFxn1__C)
                  20013388    00000004     app_pem4.oem4 (.const:ti_sysbios_knl_Clock_Module__loggerFxn2__C)
                  2001338c    00000004     app_pem4.oem4 (.const:ti_sysbios_knl_Clock_Module__loggerObj__C)
                  20013390    00000004     app_pem4.oem4 (.const:ti_sysbios_knl_Clock_tickPeriod__C)
                  20013394    00000004     app_pem4.oem4 (.const:ti_sysbios_knl_Idle_funcList__A)
                  20013398    00000004     app_pem4.oem4 (.const:ti_sysbios_knl_Mailbox_A_invalidBufSize__C)
                  2001339c    00000004     app_pem4.oem4 (.const:ti_sysbios_knl_Mailbox_Instance_State_dataQue__O)
                  200133a0    00000004     app_pem4.oem4 (.const:ti_sysbios_knl_Mailbox_Instance_State_dataSem__O)
                  200133a4    00000004     app_pem4.oem4 (.const:ti_sysbios_knl_Mailbox_Instance_State_freeQue__O)
                  200133a8    00000004     app_pem4.oem4 (.const:ti_sysbios_knl_Mailbox_Instance_State_freeSem__O)
                  200133ac    00000004     app_pem4.oem4 (.const:ti_sysbios_knl_Mailbox_Module__diagsEnabled__C)
                  200133b0    00000004     app_pem4.oem4 (.const:ti_sysbios_knl_Mailbox_Module__diagsIncluded__C)
                  200133b4    00000004     app_pem4.oem4 (.const:ti_sysbios_knl_Mailbox_Module__diagsMask__C)
                  200133b8    00000004     app_pem4.oem4 (.const:ti_sysbios_knl_Mailbox_Object__count__C)
                  200133bc    00000004     app_pem4.oem4 (.const:ti_sysbios_knl_Mailbox_maxTypeAlign__C)
                  200133c0    00000004     app_pem4.oem4 (.const:ti_sysbios_knl_Semaphore_A_badContext__C)
                  200133c4    00000004     app_pem4.oem4 (.const:ti_sysbios_knl_Semaphore_A_noEvents__C)
                  200133c8    00000004     app_pem4.oem4 (.const:ti_sysbios_knl_Semaphore_A_overflow__C)
                  200133cc    00000004     app_pem4.oem4 (.const:ti_sysbios_knl_Semaphore_A_pendTaskDisabled__C)
                  200133d0    00000004     app_pem4.oem4 (.const:ti_sysbios_knl_Semaphore_Instance_State_pendQ__O)
                  200133d4    00000004     app_pem4.oem4 (.const:ti_sysbios_knl_Semaphore_LM_pend__C)
                  200133d8    00000004     app_pem4.oem4 (.const:ti_sysbios_knl_Semaphore_LM_post__C)
                  200133dc    00000004     app_pem4.oem4 (.const:ti_sysbios_knl_Semaphore_Module__diagsEnabled__C)
                  200133e0    00000004     app_pem4.oem4 (.const:ti_sysbios_knl_Semaphore_Module__diagsIncluded__C)
                  200133e4    00000004     app_pem4.oem4 (.const:ti_sysbios_knl_Semaphore_Module__diagsMask__C)
                  200133e8    00000004     app_pem4.oem4 (.const:ti_sysbios_knl_Semaphore_Module__loggerFxn2__C)
                  200133ec    00000004     app_pem4.oem4 (.const:ti_sysbios_knl_Semaphore_Module__loggerFxn4__C)
                  200133f0    00000004     app_pem4.oem4 (.const:ti_sysbios_knl_Semaphore_Module__loggerObj__C)
                  200133f4    00000004     app_pem4.oem4 (.const:ti_sysbios_knl_Swi_LD_end__C)
                  200133f8    00000004     app_pem4.oem4 (.const:ti_sysbios_knl_Swi_LM_begin__C)
                  200133fc    00000004     app_pem4.oem4 (.const:ti_sysbios_knl_Swi_LM_post__C)
                  20013400    00000004     app_pem4.oem4 (.const:ti_sysbios_knl_Swi_Module__diagsEnabled__C)
                  20013404    00000004     app_pem4.oem4 (.const:ti_sysbios_knl_Swi_Module__diagsIncluded__C)
                  20013408    00000004     app_pem4.oem4 (.const:ti_sysbios_knl_Swi_Module__diagsMask__C)
                  2001340c    00000004     app_pem4.oem4 (.const:ti_sysbios_knl_Swi_Module__loggerFxn1__C)
                  20013410    00000004     app_pem4.oem4 (.const:ti_sysbios_knl_Swi_Module__loggerFxn4__C)
                  20013414    00000004     app_pem4.oem4 (.const:ti_sysbios_knl_Swi_Module__loggerObj__C)
                  20013418    00000004     app_pem4.oem4 (.const:ti_sysbios_knl_Swi_Object__count__C)
                  2001341c    00000004     app_pem4.oem4 (.const:ti_sysbios_knl_Task_A_badPriority__C)
                  20013420    00000004     app_pem4.oem4 (.const:ti_sysbios_knl_Task_A_badTaskState__C)
                  20013424    00000004     app_pem4.oem4 (.const:ti_sysbios_knl_Task_A_badThreadType__C)
                  20013428    00000004     app_pem4.oem4 (.const:ti_sysbios_knl_Task_A_badTimeout__C)
                  2001342c    00000004     app_pem4.oem4 (.const:ti_sysbios_knl_Task_A_noPendElem__C)
                  20013430    00000004     app_pem4.oem4 (.const:ti_sysbios_knl_Task_A_sleepTaskDisabled__C)
                  20013434    00000004     app_pem4.oem4 (.const:ti_sysbios_knl_Task_E_spOutOfBounds__C)
                  20013438    00000004     app_pem4.oem4 (.const:ti_sysbios_knl_Task_E_stackOverflow__C)
                  2001343c    00000004     app_pem4.oem4 (.const:ti_sysbios_knl_Task_LD_block__C)
                  20013440    00000004     app_pem4.oem4 (.const:ti_sysbios_knl_Task_LD_exit__C)
                  20013444    00000004     app_pem4.oem4 (.const:ti_sysbios_knl_Task_LD_ready__C)
                  20013448    00000004     app_pem4.oem4 (.const:ti_sysbios_knl_Task_LM_sleep__C)
                  2001344c    00000004     app_pem4.oem4 (.const:ti_sysbios_knl_Task_LM_switch__C)
                  20013450    00000004     app_pem4.oem4 (.const:ti_sysbios_knl_Task_LM_yield__C)
                  20013454    00000004     app_pem4.oem4 (.const:ti_sysbios_knl_Task_Module_State_inactiveQ__O)
                  20013458    00000004     app_pem4.oem4 (.const:ti_sysbios_knl_Task_Module__diagsEnabled__C)
                  2001345c    00000004     app_pem4.oem4 (.const:ti_sysbios_knl_Task_Module__diagsIncluded__C)
                  20013460    00000004     app_pem4.oem4 (.const:ti_sysbios_knl_Task_Module__diagsMask__C)
                  20013464    00000004     app_pem4.oem4 (.const:ti_sysbios_knl_Task_Module__loggerFxn2__C)
                  20013468    00000004     app_pem4.oem4 (.const:ti_sysbios_knl_Task_Module__loggerFxn4__C)
                  2001346c    00000004     app_pem4.oem4 (.const:ti_sysbios_knl_Task_Module__loggerObj__C)
                  20013470    00000004     app_pem4.oem4 (.const:ti_sysbios_knl_Task_Object__count__C)
                  20013474    00000004     app_pem4.oem4 (.const:ti_sysbios_knl_Task_allBlockedFunc__C)
                  20013478    00000004     app_pem4.oem4 (.const:ti_sysbios_knl_Task_defaultStackHeap__C)
                  2001347c    00000004     app_pem4.oem4 (.const:ti_sysbios_knl_Task_defaultStackSize__C)
                  20013480    00000004     app_pem4.oem4 (.const:ti_sysbios_knl_Task_numConstructedTasks__C)
                  20013484    00000004     app_pem4.oem4 (.const:xdc_runtime_Assert_E_assertFailed__C)
                  20013488    00000004     app_pem4.oem4 (.const:xdc_runtime_Core_A_initializedParams__C)
                  2001348c    00000004     app_pem4.oem4 (.const:xdc_runtime_Core_Module__diagsEnabled__C)
                  20013490    00000004     app_pem4.oem4 (.const:xdc_runtime_Core_Module__diagsIncluded__C)
                  20013494    00000004     app_pem4.oem4 (.const:xdc_runtime_Core_Module__diagsMask__C)
                  20013498    00000004     app_pem4.oem4 (.const:xdc_runtime_Error_E_memory__C)
                  2001349c    00000004     app_pem4.oem4 (.const:xdc_runtime_Error_Module__diagsEnabled__C)
                  200134a0    00000004     app_pem4.oem4 (.const:xdc_runtime_Error_Module__diagsIncluded__C)
                  200134a4    00000004     app_pem4.oem4 (.const:xdc_runtime_Error_Module__diagsMask__C)
                  200134a8    00000004     app_pem4.oem4 (.const:xdc_runtime_Error_Module__loggerFxn8__C)
                  200134ac    00000004     app_pem4.oem4 (.const:xdc_runtime_Error_Module__loggerObj__C)
                  200134b0    00000004     app_pem4.oem4 (.const:xdc_runtime_Error_policyFxn__C)
                  200134b4    00000004     app_pem4.oem4 (.const:xdc_runtime_Error_raiseHook__C)
                  200134b8    00000004     app_pem4.oem4 (.const:xdc_runtime_IFilterLogger_Interface__BASE__C)
                  200134bc    00000004     app_pem4.oem4 (.const:xdc_runtime_IGateProvider_Interface__BASE__C)
                  200134c0    00000004     app_pem4.oem4 (.const:xdc_runtime_IHeap_Interface__BASE__C)
                  200134c4    00000004     app_pem4.oem4 (.const:xdc_runtime_ILogger_Interface__BASE__C)
                  200134c8    00000004     app_pem4.oem4 (.const:xdc_runtime_IModule_Interface__BASE__C)
                  200134cc    00000004     app_pem4.oem4 (.const:xdc_runtime_Log_L_error__C)
                  200134d0    00000004     app_pem4.oem4 (.const:xdc_runtime_LoggerBuf_E_badLevel__C)
                  200134d4    00000004     app_pem4.oem4 (.const:xdc_runtime_LoggerBuf_Module__gateObj__C)
                  200134d8    00000004     app_pem4.oem4 (.const:xdc_runtime_LoggerBuf_Object__count__C)
                  200134dc    00000004     app_pem4.oem4 (.const:xdc_runtime_LoggerBuf_statusLogger__C)
                  200134e0    00000004     app_pem4.oem4 (.const:xdc_runtime_Memory_defaultHeapInstance__C)
                  200134e4    00000004     app_pem4.oem4 (.const:xdc_runtime_Startup_execImpl__C)
                  200134e8    00000004     app_pem4.oem4 (.const:xdc_runtime_Startup_maxPasses__C)
                  200134ec    00000004     app_pem4.oem4 (.const:xdc_runtime_Startup_sfxnRts__C)
                  200134f0    00000004     app_pem4.oem4 (.const:xdc_runtime_Startup_sfxnTab__C)
                  200134f4    00000004     app_pem4.oem4 (.const:xdc_runtime_SysMin_bufSize__C)
                  200134f8    00000004     app_pem4.oem4 (.const:xdc_runtime_SysMin_outputFunc__C)
                  200134fc    00000004     app_pem4.oem4 (.const:xdc_runtime_System_Module__gateObj__C)
                  20013500    00000004     app_pem4.oem4 (.const:xdc_runtime_System_abortFxn__C)
                  20013504    00000004     app_pem4.oem4 (.const:xdc_runtime_System_exitFxn__C)
                  20013508    00000004     app_pem4.oem4 (.const:xdc_runtime_System_extendFxn__C)
                  2001350c    00000004     app_pem4.oem4 (.const:xdc_runtime_System_maxAtexitHandlers__C)
                  20013510    00000004     app_pem4.oem4 (.const:xdc_runtime_Text_charTab__C)
                  20013514    00000004     app_pem4.oem4 (.const:xdc_runtime_Text_nameEmpty__C)
                  20013518    00000004     app_pem4.oem4 (.const:xdc_runtime_Text_nameStatic__C)
                  2001351c    00000004     app_pem4.oem4 (.const:xdc_runtime_Text_nameUnknown__C)
                  20013520    00000004     app_pem4.oem4 (.const:xdc_runtime_Text_nodeTab__C)
                  20013524    00000004     app_pem4.oem4 (.const:xdc_runtime_Text_visitRopeFxn__C)
                  20013528    00000002     app_pem4.oem4 (.const:ti_sysbios_family_arm_m3_Hwi_Module__id__C)
                  2001352a    00000002     app_pem4.oem4 (.const:ti_sysbios_family_arm_m3_Hwi_Module__loggerDefined__C)
                  2001352c    00000002     app_pem4.oem4 (.const:ti_sysbios_family_arm_m3_Timer_Module__id__C)
                  2001352e    00000002     app_pem4.oem4 (.const:ti_sysbios_family_arm_m3_TimestampProvider_configTimer__C)
                  20013530    00000002     app_pem4.oem4 (.const:ti_sysbios_gates_GateMutex_Module__id__C)
                  20013532    00000002     app_pem4.oem4 (.const:ti_sysbios_hal_Hwi_Module__id__C)
                  20013534    00000002     app_pem4.oem4 (.const:ti_sysbios_heaps_HeapMem_Module__id__C)
                  20013536    00000002     app_pem4.oem4 (.const:ti_sysbios_knl_Clock_Module__id__C)
                  20013538    00000002     app_pem4.oem4 (.const:ti_sysbios_knl_Clock_Module__loggerDefined__C)
                  2001353a    00000002     app_pem4.oem4 (.const:ti_sysbios_knl_Mailbox_Module__id__C)
                  2001353c    00000002     app_pem4.oem4 (.const:ti_sysbios_knl_Semaphore_Module__id__C)
                  2001353e    00000002     app_pem4.oem4 (.const:ti_sysbios_knl_Semaphore_Module__loggerDefined__C)
                  20013540    00000002     app_pem4.oem4 (.const:ti_sysbios_knl_Swi_Module__id__C)
                  20013542    00000002     app_pem4.oem4 (.const:ti_sysbios_knl_Swi_Module__loggerDefined__C)
                  20013544    00000002     app_pem4.oem4 (.const:ti_sysbios_knl_Task_Module__id__C)
                  20013546    00000002     app_pem4.oem4 (.const:ti_sysbios_knl_Task_Module__loggerDefined__C)
                  20013548    00000002     app_pem4.oem4 (.const:xdc_runtime_Core_Module__id__C)
                  2001354a    00000002     app_pem4.oem4 (.const:xdc_runtime_Error_Module__loggerDefined__C)
                  2001354c    00000002     app_pem4.oem4 (.const:xdc_runtime_Error_maxDepth__C)
                  2001354e    00000002     app_pem4.oem4 (.const:xdc_runtime_LoggerBuf_Module__id__C)
                  20013550    00000002     app_pem4.oem4 (.const:xdc_runtime_LoggerBuf_filterByLevel__C)
                  20013552    00000002     app_pem4.oem4 (.const:xdc_runtime_Memory_Module__id__C)
                  20013554    00000002     app_pem4.oem4 (.const:xdc_runtime_SysMin_flushAtExit__C)
                  20013556    00000002     app_pem4.oem4 (.const:xdc_runtime_Text_charCnt__C)
                  20013558    00000002     app_pem4.oem4 (.const:xdc_runtime_Text_isLoaded__C)
                  2001355a    00000002     app_pem4.oem4 (.const:xdc_runtime_Text_registryModsLastId__C)
                  2001355c    00000002     app_pem4.oem4 (.const:xdc_runtime_Text_unnamedModsLastId__C)
                  2001355e    00000001     app_pem4.oem4 (.const:xdc_runtime_Error_policy__C)

.cinit     0    20013560    00000388     
                  20013560    0000035f     (.cinit..data.load) [load image, compression = rle]
                  200138bf    00000001     --HOLE-- [fill = 0]
                  200138c0    0000000c     (__TI_handler_table)
                  200138cc    00000004     --HOLE-- [fill = 0]
                  200138d0    00000008     (.cinit..bss.load) [load image, compression = zero_init]
                  200138d8    00000010     (__TI_cinit_table)

.bss       0    20017000    0000961a     UNINITIALIZED
                  20017000    00008000     app_pem4.oem4 (.bss:ti_sysbios_heaps_HeapMem_Instance_State_0_buf__A)
                  2001f000    00000800     app_pem4.oem4 (.bss:taskStackSection)
                  2001f800    00000400     app_pem4.oem4 (.bss:xdc_runtime_LoggerBuf_Instance_State_0_entryArr__A)
                  2001fc00    00000400     app_pem4.oem4 (.bss:xdc_runtime_SysMin_Module_State_0_outbuf__A)
                  20020000    0000030c     app_pem4.oem4 (.bss:ti_sysbios_family_arm_m3_Hwi_dispatchTable)
                  2002030c    00000178     simplelink.a : driver.obj (.bss:g_StatMem)
                  20020484    00000120     rtsv7M4_T_le_eabi.lib : trgmsg.obj (.bss:__CIOBUF_)
                  200205a4    00000050     simplelink.a : cc_pal.obj (.bss:g_ucDinDout)
                  200205f4    00000008     (.common:parmbuf)
                  200205fc    00000004     (.common:DMAMsgQ)
                  20020600    00000004     (.common:SimpleLinkSpawnTaskHndl)
                  20020604    00000004     (.common:__Errorlog)
                  20020608    00000004     (.common:_clientSocket)
                  2002060c    00000004     (.common:_socketTaskHandle)
                  20020610    00000004     (.common:g_cDummy)
                  20020614    00000004     (.common:simpleLink_mailbox)
                  20020618    00000001     (.common:RxIrqCnt)
                  20020619    00000001     (.common:g_bDeviceRestartIsRequired)

.data      0    20020620    00000574     UNINITIALIZED
                  20020620    00000138     app_pem4.oem4 (.data)
                  20020758    000000b0     rtsv7M4_T_le_eabi.lib : signal.obj (.data:sigtable)
                  20020808    00000080                           : xvalues.obj (.data)
                  20020888    00000080     app_pem4.oem4 (.data:ti_sysbios_knl_Swi_Module_State_0_readyQ__A)
                  20020908    00000080     app_pem4.oem4 (.data:ti_sysbios_knl_Task_Module_State_0_readyQ__A)
                  20020988    0000004c     app_pem4.oem4 (.data:ti_sysbios_knl_Task_Object__table__V)
                  200209d4    00000044     app_pem4.oem4 (.data:ti_sysbios_knl_Task_Module__state__V)
                  20020a18    00000038     app_pem4.oem4 (.data:ti_sysbios_gates_GateMutex_Object__table__V)
                  20020a50    00000034     app_pem4.oem4 (.data:ti_sysbios_family_arm_m3_Hwi_Module__state__V)
                  20020a84    00000030     app_pem4.oem4 (.data:ti_sysbios_family_arm_m3_Timer_Object__table__V)
                  20020ab4    00000030     app_pem4.oem4 (.data:ti_sysbios_knl_Swi_Object__table__V)
                  20020ae4    0000002c     app_pem4.oem4 (.data:ti_sysbios_knl_Clock_Module__state__V)
                  20020b10    00000024     app_pem4.oem4 (.data:ti_sysbios_BIOS_Module__state__V)
                  20020b34    00000024     app_pem4.oem4 (.data:xdc_runtime_LoggerBuf_Object__table__V)
                  20020b58    0000000d     simplelink.a : driver.obj (.data)
                  20020b65    00000002     task_wifi.obj (.data)
                  20020b67    00000001     --HOLE--
                  20020b68    00000009     simplelink.a : cc_pal.obj (.data)
                  20020b71    00000003     --HOLE--
                  20020b74    00000008     rtsv7M4_T_le_eabi.lib : _lock.obj (.data)
                  20020b7c    00000008                           : exit.obj (.data)
                  20020b84    00000008                           : feraiseexcept.obj (.data)
                  20020b8c    00000004                           : errno.obj (.data)
                  20020b90    00000004                           : stkdepth_vars.obj (.data)

.stack     0    2002e000    00002000     UNINITIALIZED
                  2002e000    00002000     --HOLE--

.bootVecs 
*          0    00000000    00000008     DSECT
                  00000000    00000008     boot.aem4 : boot.oem4 (.bootVecs)

.vecs      0    20004000    00000000     DSECT

xdc.meta   0    00000000    000000f8     COPY SECTION
                  00000000    000000f8     app_pem4.oem4 (xdc.meta)

.TI.noinit 
*          0    20017000    00000000     UNINITIALIZED

.TI.persistent 
[...]
200132bc  ti_sysbios_family_arm_m3_Hwi_E_busFault__C                  
200132c0  ti_sysbios_family_arm_m3_Hwi_E_debugMon__C                  
200132c4  ti_sysbios_family_arm_m3_Hwi_E_hardFault__C                 
200132c8  ti_sysbios_family_arm_m3_Hwi_E_memFault__C                  
200132cc  ti_sysbios_family_arm_m3_Hwi_E_noIsr__C                     
200132d0  ti_sysbios_family_arm_m3_Hwi_E_reserved__C                  
200132d4  ti_sysbios_family_arm_m3_Hwi_E_svCall__C                    
200132d8  ti_sysbios_family_arm_m3_Hwi_E_usageFault__C                
200132dc  ti_sysbios_family_arm_m3_Hwi_LD_end__C                      
200132e0  ti_sysbios_family_arm_m3_Hwi_LM_begin__C                    
200132e4  ti_sysbios_family_arm_m3_Hwi_Module__diagsEnabled__C        
200132e8  ti_sysbios_family_arm_m3_Hwi_Module__diagsIncluded__C       
200132ec  ti_sysbios_family_arm_m3_Hwi_Module__diagsMask__C           
200132f0  ti_sysbios_family_arm_m3_Hwi_Module__loggerFxn1__C          
200132f4  ti_sysbios_family_arm_m3_Hwi_Module__loggerFxn8__C          
200132f8  ti_sysbios_family_arm_m3_Hwi_Module__loggerObj__C           
200132fc  ti_sysbios_family_arm_m3_Hwi_NUM_INTERRUPTS__C              
20013300  ti_sysbios_family_arm_m3_Hwi_Object__count__C               
20013304  ti_sysbios_family_arm_m3_Hwi_ccr__C                         
20013308  ti_sysbios_family_arm_m3_Hwi_excHandlerFunc__C              
2001330c  ti_sysbios_family_arm_m3_Hwi_excHookFuncs__C                
20013310  ti_sysbios_family_arm_m3_Hwi_nullIsrFunc__C                 
20013314  ti_sysbios_family_arm_m3_Hwi_priGroup__C                    
20013318  ti_sysbios_family_arm_m3_TaskSupport_stackAlignment__C      
2001331c  ti_sysbios_family_arm_m3_Timer_E_cannotSupport__C           
20013320  ti_sysbios_family_arm_m3_Timer_startupNeeded__C             
20013324  ti_sysbios_gates_GateMutex_A_badContext__C                  
20013328  ti_sysbios_gates_GateMutex_Instance_State_sem__O            
2001332c  ti_sysbios_gates_GateMutex_Module__diagsEnabled__C          
20013330  ti_sysbios_gates_GateMutex_Module__diagsIncluded__C         
20013334  ti_sysbios_gates_GateMutex_Module__diagsMask__C             
20013338  ti_sysbios_hal_Hwi_E_stackOverflow__C                       
2001333c  ti_sysbios_heaps_HeapMem_A_align__C                         
20013340  ti_sysbios_heaps_HeapMem_A_heapSize__C                      
20013344  ti_sysbios_heaps_HeapMem_A_invalidFree__C                   
20013348  ti_sysbios_heaps_HeapMem_A_zeroBlock__C                     
2001334c  ti_sysbios_heaps_HeapMem_E_memory__C                        
20013350  ti_sysbios_heaps_HeapMem_Module__diagsEnabled__C            
20013354  ti_sysbios_heaps_HeapMem_Module__diagsIncluded__C           
20013358  ti_sysbios_heaps_HeapMem_Module__diagsMask__C               
2001335c  ti_sysbios_heaps_HeapMem_Module__gateObj__C                 
20013360  ti_sysbios_heaps_HeapMem_Object__count__C                   
20013364  ti_sysbios_heaps_HeapMem_reqAlign__C                        
20013368  ti_sysbios_knl_Clock_LM_begin__C                            
2001336c  ti_sysbios_knl_Clock_LM_tick__C                             
20013370  ti_sysbios_knl_Clock_LW_delayed__C                          
20013374  ti_sysbios_knl_Clock_Module_State_clockQ__O                 
20013378  ti_sysbios_knl_Clock_Module__diagsEnabled__C                
2001337c  ti_sysbios_knl_Clock_Module__diagsIncluded__C               
20013380  ti_sysbios_knl_Clock_Module__diagsMask__C                   
20013384  ti_sysbios_knl_Clock_Module__loggerFxn1__C                  
20013388  ti_sysbios_knl_Clock_Module__loggerFxn2__C                  
2001338c  ti_sysbios_knl_Clock_Module__loggerObj__C                   
20013390  ti_sysbios_knl_Clock_tickPeriod__C                          
20013394  ti_sysbios_knl_Idle_funcList__A                             
20013398  ti_sysbios_knl_Mailbox_A_invalidBufSize__C                  
2001339c  ti_sysbios_knl_Mailbox_Instance_State_dataQue__O            
200133a0  ti_sysbios_knl_Mailbox_Instance_State_dataSem__O            
200133a4  ti_sysbios_knl_Mailbox_Instance_State_freeQue__O            
200133a8  ti_sysbios_knl_Mailbox_Instance_State_freeSem__O            
200133ac  ti_sysbios_knl_Mailbox_Module__diagsEnabled__C              
200133b0  ti_sysbios_knl_Mailbox_Module__diagsIncluded__C             
200133b4  ti_sysbios_knl_Mailbox_Module__diagsMask__C                 
200133b8  ti_sysbios_knl_Mailbox_Object__count__C                     
200133bc  ti_sysbios_knl_Mailbox_maxTypeAlign__C                      
200133c0  ti_sysbios_knl_Semaphore_A_badContext__C                    
200133c4  ti_sysbios_knl_Semaphore_A_noEvents__C                      
200133c8  ti_sysbios_knl_Semaphore_A_overflow__C                      
200133cc  ti_sysbios_knl_Semaphore_A_pendTaskDisabled__C              
200133d0  ti_sysbios_knl_Semaphore_Instance_State_pendQ__O            
200133d4  ti_sysbios_knl_Semaphore_LM_pend__C                         
200133d8  ti_sysbios_knl_Semaphore_LM_post__C                         
200133dc  ti_sysbios_knl_Semaphore_Module__diagsEnabled__C            
200133e0  ti_sysbios_knl_Semaphore_Module__diagsIncluded__C           
200133e4  ti_sysbios_knl_Semaphore_Module__diagsMask__C               
200133e8  ti_sysbios_knl_Semaphore_Module__loggerFxn2__C              
200133ec  ti_sysbios_knl_Semaphore_Module__loggerFxn4__C              
200133f0  ti_sysbios_knl_Semaphore_Module__loggerObj__C               
200133f4  ti_sysbios_knl_Swi_LD_end__C                                
200133f8  ti_sysbios_knl_Swi_LM_begin__C                              
200133fc  ti_sysbios_knl_Swi_LM_post__C                               
20013400  ti_sysbios_knl_Swi_Module__diagsEnabled__C                  
20013404  ti_sysbios_knl_Swi_Module__diagsIncluded__C                 
20013408  ti_sysbios_knl_Swi_Module__diagsMask__C                     
2001340c  ti_sysbios_knl_Swi_Module__loggerFxn1__C                    
20013410  ti_sysbios_knl_Swi_Module__loggerFxn4__C                    
20013414  ti_sysbios_knl_Swi_Module__loggerObj__C                     
20013418  ti_sysbios_knl_Swi_Object__count__C                         
2001341c  ti_sysbios_knl_Task_A_badPriority__C                        
20013420  ti_sysbios_knl_Task_A_badTaskState__C                       
20013424  ti_sysbios_knl_Task_A_badThreadType__C                      
20013428  ti_sysbios_knl_Task_A_badTimeout__C                         
2001342c  ti_sysbios_knl_Task_A_noPendElem__C                         
20013430  ti_sysbios_knl_Task_A_sleepTaskDisabled__C                  
20013434  ti_sysbios_knl_Task_E_spOutOfBounds__C                      
20013438  ti_sysbios_knl_Task_E_stackOverflow__C                      
2001343c  ti_sysbios_knl_Task_LD_block__C                             
20013440  ti_sysbios_knl_Task_LD_exit__C                              
20013444  ti_sysbios_knl_Task_LD_ready__C                             
20013448  ti_sysbios_knl_Task_LM_sleep__C                             
2001344c  ti_sysbios_knl_Task_LM_switch__C                            
20013450  ti_sysbios_knl_Task_LM_yield__C                             
20013454  ti_sysbios_knl_Task_Module_State_inactiveQ__O               
20013458  ti_sysbios_knl_Task_Module__diagsEnabled__C                 
2001345c  ti_sysbios_knl_Task_Module__diagsIncluded__C                
20013460  ti_sysbios_knl_Task_Module__diagsMask__C                    
20013464  ti_sysbios_knl_Task_Module__loggerFxn2__C                   
20013468  ti_sysbios_knl_Task_Module__loggerFxn4__C                   
2001346c  ti_sysbios_knl_Task_Module__loggerObj__C                    
20013470  ti_sysbios_knl_Task_Object__count__C                        
20013474  ti_sysbios_knl_Task_allBlockedFunc__C                       
20013478  ti_sysbios_knl_Task_defaultStackHeap__C                     
2001347c  ti_sysbios_knl_Task_defaultStackSize__C                     
20013480  ti_sysbios_knl_Task_numConstructedTasks__C                  
20013484  xdc_runtime_Assert_E_assertFailed__C                        
20013488  xdc_runtime_Core_A_initializedParams__C                     
2001348c  xdc_runtime_Core_Module__diagsEnabled__C                    
20013490  xdc_runtime_Core_Module__diagsIncluded__C                   
20013494  xdc_runtime_Core_Module__diagsMask__C                       
20013498  xdc_runtime_Error_E_memory__C                               
2001349c  xdc_runtime_Error_Module__diagsEnabled__C                   
200134a0  xdc_runtime_Error_Module__diagsIncluded__C                  
200134a4  xdc_runtime_Error_Module__diagsMask__C                      
200134a8  xdc_runtime_Error_Module__loggerFxn8__C                     
200134ac  xdc_runtime_Error_Module__loggerObj__C                      
200134b0  xdc_runtime_Error_policyFxn__C                              
200134b4  xdc_runtime_Error_raiseHook__C                              
200134b8  xdc_runtime_IFilterLogger_Interface__BASE__C                
200134bc  xdc_runtime_IGateProvider_Interface__BASE__C                
200134c0  xdc_runtime_IHeap_Interface__BASE__C                        
200134c4  xdc_runtime_ILogger_Interface__BASE__C                      
200134c8  xdc_runtime_IModule_Interface__BASE__C                      
200134cc  xdc_runtime_Log_L_error__C                                  
200134d0  xdc_runtime_LoggerBuf_E_badLevel__C                         
200134d4  xdc_runtime_LoggerBuf_Module__gateObj__C                    
200134d8  xdc_runtime_LoggerBuf_Object__count__C                      
200134dc  xdc_runtime_LoggerBuf_statusLogger__C                       
200134e0  xdc_runtime_Memory_defaultHeapInstance__C                   
200134e4  xdc_runtime_Startup_execImpl__C                             
200134e8  xdc_runtime_Startup_maxPasses__C                            
200134ec  xdc_runtime_Startup_sfxnRts__C                              
200134f0  xdc_runtime_Startup_sfxnTab__C                              
200134f4  xdc_runtime_SysMin_bufSize__C                               
200134f8  xdc_runtime_SysMin_outputFunc__C                            
200134fc  xdc_runtime_System_Module__gateObj__C                       
20013500  xdc_runtime_System_abortFxn__C                              
20013504  xdc_runtime_System_exitFxn__C                               
20013508  xdc_runtime_System_extendFxn__C                             
2001350c  xdc_runtime_System_maxAtexitHandlers__C                     
20013510  xdc_runtime_Text_charTab__C                                 
20013514  xdc_runtime_Text_nameEmpty__C                               
20013518  xdc_runtime_Text_nameStatic__C                              
2001351c  xdc_runtime_Text_nameUnknown__C                             
20013520  xdc_runtime_Text_nodeTab__C                                 
20013524  xdc_runtime_Text_visitRopeFxn__C                            
20013528  ti_sysbios_family_arm_m3_Hwi_Module__id__C                  
2001352a  ti_sysbios_family_arm_m3_Hwi_Module__loggerDefined__C       
2001352c  ti_sysbios_family_arm_m3_Timer_Module__id__C                
2001352e  ti_sysbios_family_arm_m3_TimestampProvider_configTimer__C   
20013530  ti_sysbios_gates_GateMutex_Module__id__C                    
20013532  ti_sysbios_hal_Hwi_Module__id__C                            
20013534  ti_sysbios_heaps_HeapMem_Module__id__C                      
20013536  ti_sysbios_knl_Clock_Module__id__C                          
20013538  ti_sysbios_knl_Clock_Module__loggerDefined__C               
2001353a  ti_sysbios_knl_Mailbox_Module__id__C                        
2001353c  ti_sysbios_knl_Semaphore_Module__id__C                      
2001353e  ti_sysbios_knl_Semaphore_Module__loggerDefined__C           
20013540  ti_sysbios_knl_Swi_Module__id__C                            
20013542  ti_sysbios_knl_Swi_Module__loggerDefined__C                 
20013544  ti_sysbios_knl_Task_Module__id__C                           
20013546  ti_sysbios_knl_Task_Module__loggerDefined__C                
20013548  xdc_runtime_Core_Module__id__C                              
2001354a  xdc_runtime_Error_Module__loggerDefined__C                  
2001354c  xdc_runtime_Error_maxDepth__C                               
2001354e  xdc_runtime_LoggerBuf_Module__id__C                         
20013550  xdc_runtime_LoggerBuf_filterByLevel__C                      
20013552  xdc_runtime_Memory_Module__id__C                            
20013554  xdc_runtime_SysMin_flushAtExit__C                           
20013556  xdc_runtime_Text_charCnt__C                                 
20013558  xdc_runtime_Text_isLoaded__C                                
2001355a  xdc_runtime_Text_registryModsLastId__C                      
2001355c  xdc_runtime_Text_unnamedModsLastId__C                       
2001355e  xdc_runtime_Error_policy__C                                 
20013560  __TI_static_base__                                          
200138c0  __TI_Handler_Table_Base                                     
200138cc  __TI_Handler_Table_Limit                                    
200138d8  __TI_CINIT_Base                                             
200138e8  __TI_CINIT_Limit                                            
20017000  ti_sysbios_heaps_HeapMem_Instance_State_0_buf__A            
2001f000  ti_sysbios_knl_Task_Instance_State_0_stack__A               
2001f800  xdc_runtime_LoggerBuf_Instance_State_0_entryArr__A          
2001fc00  xdc_runtime_SysMin_Module_State_0_outbuf__A                 
20020000  ti_sysbios_family_arm_m3_Hwi_dispatchTable                  
20020484  __CIOBUF_                                                   
200205a4  g_ucDinDout                                                 
200205fc  DMAMsgQ                                                     
20020600  SimpleLinkSpawnTaskHndl                                     
20020608  _clientSocket                                               
2002060c  _socketTaskHandle                                           
20020610  g_cDummy                                                    
20020614  simpleLink_mailbox                                          
20020618  RxIrqCnt                                                    
20020619  g_bDeviceRestartIsRequired                                  
20020620  ti_sysbios_family_arm_m3_Hwi_Module__root__V                
20020628  ti_sysbios_family_arm_m3_Hwi_Object__table__V               
20020640  ti_sysbios_family_arm_m3_Hwi_Module_State_0_excActive__A    
20020644  ti_sysbios_family_arm_m3_Hwi_Module_State_0_excContext__A   
20020648  ti_sysbios_family_arm_m3_Hwi_Module_State_0_excStack__A     
2002064c  ti_sysbios_family_arm_m3_Timer_Module__root__V              
20020654  ti_sysbios_family_arm_m3_Timer_Module__state__V             
20020660  ti_sysbios_family_arm_m3_TimestampProvider_Module__state__V 
20020664  ti_sysbios_gates_GateHwi_Module__root__V                    
2002066c  ti_sysbios_gates_GateHwi_Object__table__V                   
20020670  ti_sysbios_gates_GateMutex_Module__root__V                  
20020678  ti_sysbios_hal_Hwi_Module__root__V                          
20020680  ti_sysbios_hal_Timer_Module__root__V                        
20020688  ti_sysbios_heaps_HeapMem_Module__root__V                    
20020690  ti_sysbios_heaps_HeapMem_Object__table__V                   
200206a8  ti_sysbios_knl_Clock_Module__root__V                        
200206b0  ti_sysbios_knl_Event_Module__root__V                        
200206b8  ti_sysbios_knl_Mailbox_Module__root__V                      
200206c0  ti_sysbios_knl_Queue_Module__root__V                        
200206c8  ti_sysbios_knl_Semaphore_Module__root__V                    
200206d0  ti_sysbios_knl_Swi_Module__root__V                          
200206d8  ti_sysbios_knl_Swi_Module__state__V                         
200206f4  ti_sysbios_knl_Task_Module__root__V                         
200206fc  ti_sysbios_knl_Task_Module_State_0_idleTask__A              
20020700  xdc_runtime_Error_Module__state__V                          
20020704  xdc_runtime_LoggerBuf_Module__root__V                       
2002070c  xdc_runtime_LoggerBuf_Module__state__V                      
20020714  xdc_runtime_Memory_Module__state__V                         
20020718  xdc_runtime_Registry_Module__state__V                       
20020720  xdc_runtime_Startup_Module__state__V                        
20020728  xdc_runtime_SysMin_Module__state__V                         
20020734  xdc_runtime_System_Module_State_0_atexitHandlers__A         
20020744  xdc_runtime_System_Module__state__V                         
2002074c  xdc_runtime_Text_Module__state__V                           
20020754  __xdc__init__addr                                           
20020808  _Denorm                                                     
20020818  _Eps                                                        
20020828  _Hugeval                                                    
20020838  _Inf                                                        
20020848  _Nan                                                        
20020858  _Snan                                                       
20020868  _Rteps                                                      
20020878  _Xbig                                                       
20020880  _Zero                                                       
20020888  ti_sysbios_knl_Swi_Module_State_0_readyQ__A                 
20020908  ti_sysbios_knl_Task_Module_State_0_readyQ__A                
20020988  ti_sysbios_knl_Task_Object__table__V                        
200209d4  ti_sysbios_knl_Task_Module__state__V                        
20020a18  ti_sysbios_gates_GateMutex_Object__table__V                 
20020a50  ti_sysbios_family_arm_m3_Hwi_Module__state__V               
20020a84  ti_sysbios_family_arm_m3_Timer_Object__table__V             
20020ab4  ti_sysbios_knl_Swi_Object__table__V                         
20020ae4  ti_sysbios_knl_Clock_Module__state__V                       
20020b10  ti_sysbios_BIOS_Module__state__V                            
20020b34  xdc_runtime_LoggerBuf_Object__table__V                      
20020b5c  g_pCB                                                       
20020b60  pPingCallBackFunc                                           
20020b65  _apState                                                    
20020b66  _socketState                                                
20020b68  g_SpiFd                                                     
20020b6c  g_pHostIntHdl                                               
20020b70  g_ucDMAEnabled                                              
20020b74  _lock                                                       
20020b78  _unlock                                                     
20020b7c  __TI_cleanup_ptr                                            
20020b80  __TI_dtors_ptr                                              
20020b84  _Fenv                                                       
20020b88  _Tls_setup__Fenv                                            
20020b8c  _Errno                                                      
20020b90  main_func_sp                                                
2002e000  __stack                                                     
20030000  __STACK_END                                                 
e000e000  ti_sysbios_family_arm_m3_Hwi_nvic                           
ffffffff  __binit__                                                   
ffffffff  __c_args__                                                  
ffffffff  binit                                                       
UNDEFED   SHT$$INIT_ARRAY$$Base                                       
UNDEFED   SHT$$INIT_ARRAY$$Limit                                      

[870 symbols]
